Component: ARM Compiler 5.06 update 7 (build 960) Tool: armlink [4d3601]

==============================================================================

Section Cross References

    startup_stm32f407xx.o(STACK) refers (Special) to heapauxi.o(.text) for __use_two_region_memory
    startup_stm32f407xx.o(HEAP) refers (Special) to heapauxi.o(.text) for __use_two_region_memory
    startup_stm32f407xx.o(RESET) refers (Special) to heapauxi.o(.text) for __use_two_region_memory
    startup_stm32f407xx.o(RESET) refers to startup_stm32f407xx.o(STACK) for __initial_sp
    startup_stm32f407xx.o(RESET) refers to startup_stm32f407xx.o(.text) for Reset_Handler
    startup_stm32f407xx.o(RESET) refers to stm32f4xx_it.o(i.NMI_Handler) for NMI_Handler
    startup_stm32f407xx.o(RESET) refers to stm32f4xx_it.o(i.HardFault_Handler) for HardFault_Handler
    startup_stm32f407xx.o(RESET) refers to stm32f4xx_it.o(i.MemManage_Handler) for MemManage_Handler
    startup_stm32f407xx.o(RESET) refers to stm32f4xx_it.o(i.BusFault_Handler) for BusFault_Handler
    startup_stm32f407xx.o(RESET) refers to stm32f4xx_it.o(i.UsageFault_Handler) for UsageFault_Handler
    startup_stm32f407xx.o(RESET) refers to port.o(.emb_text) for SVC_Handler
    startup_stm32f407xx.o(RESET) refers to stm32f4xx_it.o(i.DebugMon_Handler) for DebugMon_Handler
    startup_stm32f407xx.o(RESET) refers to cmsis_os2.o(i.SysTick_Handler) for SysTick_Handler
    startup_stm32f407xx.o(RESET) refers to stm32f4xx_it.o(i.TIM6_DAC_IRQHandler) for TIM6_DAC_IRQHandler
    startup_stm32f407xx.o(RESET) refers to stm32f4xx_it.o(i.ETH_IRQHandler) for ETH_IRQHandler
    startup_stm32f407xx.o(.text) refers (Special) to heapauxi.o(.text) for __use_two_region_memory
    startup_stm32f407xx.o(.text) refers to system_stm32f4xx.o(i.SystemInit) for SystemInit
    startup_stm32f407xx.o(.text) refers to __main.o(!!!main) for __main
    startup_stm32f407xx.o(.text) refers to startup_stm32f407xx.o(HEAP) for Heap_Mem
    startup_stm32f407xx.o(.text) refers to startup_stm32f407xx.o(STACK) for Stack_Mem
    main.o(i.HAL_TIM_PeriodElapsedCallback) refers to stm32f4xx_hal.o(i.HAL_IncTick) for HAL_IncTick
    main.o(i.SystemClock_Config) refers to rt_memclr_w.o(.text) for __aeabi_memclr4
    main.o(i.SystemClock_Config) refers to stm32f4xx_hal_rcc.o(i.HAL_RCC_OscConfig) for HAL_RCC_OscConfig
    main.o(i.SystemClock_Config) refers to stm32f4xx_hal_rcc.o(i.HAL_RCC_ClockConfig) for HAL_RCC_ClockConfig
    main.o(i.main) refers to stm32f4xx_hal.o(i.HAL_Init) for HAL_Init
    main.o(i.main) refers to main.o(i.SystemClock_Config) for SystemClock_Config
    main.o(i.main) refers to gpio.o(i.MX_GPIO_Init) for MX_GPIO_Init
    main.o(i.main) refers to usart.o(i.MX_USART1_UART_Init) for MX_USART1_UART_Init
    main.o(i.main) refers to tim.o(i.MX_TIM1_Init) for MX_TIM1_Init
    main.o(i.main) refers to stm32f4xx_hal_gpio.o(i.HAL_GPIO_WritePin) for HAL_GPIO_WritePin
    main.o(i.main) refers to stm32f4xx_hal.o(i.HAL_Delay) for HAL_Delay
    main.o(i.main) refers to cmsis_os2.o(i.osKernelInitialize) for osKernelInitialize
    main.o(i.main) refers to freertos.o(i.MX_FREERTOS_Init) for MX_FREERTOS_Init
    main.o(i.main) refers to cmsis_os2.o(i.osKernelStart) for osKernelStart
    gpio.o(i.MX_GPIO_Init) refers to rt_memclr_w.o(.text) for __aeabi_memclr4
    gpio.o(i.MX_GPIO_Init) refers to stm32f4xx_hal_gpio.o(i.HAL_GPIO_WritePin) for HAL_GPIO_WritePin
    gpio.o(i.MX_GPIO_Init) refers to stm32f4xx_hal_gpio.o(i.HAL_GPIO_Init) for HAL_GPIO_Init
    freertos.o(i.MX_FREERTOS_Init) refers to cmsis_os2.o(i.osThreadNew) for osThreadNew
    freertos.o(i.MX_FREERTOS_Init) refers to freertos.o(.constdata) for .constdata
    freertos.o(i.MX_FREERTOS_Init) refers to freertos.o(i.StartDefaultTask) for StartDefaultTask
    freertos.o(i.MX_FREERTOS_Init) refers to freertos.o(.data) for .data
    freertos.o(i.StartDefaultTask) refers to lwip.o(i.MX_LWIP_Init) for MX_LWIP_Init
    freertos.o(i.StartDefaultTask) refers to main_1.o(i.Main) for Main
    freertos.o(i.StartDefaultTask) refers to tasks.o(i.vTaskDelete) for vTaskDelete
    freertos.o(i.StartDefaultTask) refers to cmsis_os2.o(i.osDelay) for osDelay
    freertos.o(i.StartDefaultTask) refers to freertos.o(.data) for .data
    freertos.o(.constdata) refers to freertos.o(.conststring) for .conststring
    tim.o(i.HAL_TIM_Base_MspDeInit) refers to stm32f4xx_hal_gpio.o(i.HAL_GPIO_DeInit) for HAL_GPIO_DeInit
    tim.o(i.HAL_TIM_Base_MspInit) refers to rt_memclr_w.o(.text) for __aeabi_memclr4
    tim.o(i.HAL_TIM_Base_MspInit) refers to stm32f4xx_hal_gpio.o(i.HAL_GPIO_Init) for HAL_GPIO_Init
    tim.o(i.HAL_TIM_MspPostInit) refers to rt_memclr_w.o(.text) for __aeabi_memclr4
    tim.o(i.HAL_TIM_MspPostInit) refers to stm32f4xx_hal_gpio.o(i.HAL_GPIO_Init) for HAL_GPIO_Init
    tim.o(i.MX_TIM1_Init) refers to rt_memclr_w.o(.text) for __aeabi_memclr4
    tim.o(i.MX_TIM1_Init) refers to stm32f4xx_hal_tim.o(i.HAL_TIM_Base_Init) for HAL_TIM_Base_Init
[...]
    0x08000270   0x08000270   0x00000000   Code   RO        10546    .ARM.Collect$$libinit$$0000001F  c_w.l(libinit2.o)
    0x08000270   0x08000270   0x00000000   Code   RO        10548    .ARM.Collect$$libinit$$00000021  c_w.l(libinit2.o)
    0x08000270   0x08000270   0x00000000   Code   RO        10550    .ARM.Collect$$libinit$$00000023  c_w.l(libinit2.o)
    0x08000270   0x08000270   0x00000004   Code   RO        10551    .ARM.Collect$$libinit$$00000024  c_w.l(libinit2.o)
    0x08000274   0x08000274   0x00000000   Code   RO        10552    .ARM.Collect$$libinit$$00000025  c_w.l(libinit2.o)
    0x08000274   0x08000274   0x00000000   Code   RO        10556    .ARM.Collect$$libinit$$0000002C  c_w.l(libinit2.o)
    0x08000274   0x08000274   0x00000000   Code   RO        10558    .ARM.Collect$$libinit$$0000002E  c_w.l(libinit2.o)
    0x08000274   0x08000274   0x00000000   Code   RO        10560    .ARM.Collect$$libinit$$00000030  c_w.l(libinit2.o)
    0x08000274   0x08000274   0x00000000   Code   RO        10562    .ARM.Collect$$libinit$$00000032  c_w.l(libinit2.o)
    0x08000274   0x08000274   0x00000002   Code   RO        10563    .ARM.Collect$$libinit$$00000033  c_w.l(libinit2.o)
    0x08000276   0x08000276   0x00000002   Code   RO        10838    .ARM.Collect$$libshutdown$$00000000  c_w.l(libshutdown.o)
    0x08000278   0x08000278   0x00000000   Code   RO        10711    .ARM.Collect$$libshutdown$$00000002  c_w.l(libshutdown2.o)
    0x08000278   0x08000278   0x00000000   Code   RO        10713    .ARM.Collect$$libshutdown$$00000004  c_w.l(libshutdown2.o)
    0x08000278   0x08000278   0x00000004   Code   RO        10714    .ARM.Collect$$libshutdown$$00000005  c_w.l(libshutdown2.o)
    0x0800027c   0x0800027c   0x00000000   Code   RO        10715    .ARM.Collect$$libshutdown$$00000006  c_w.l(libshutdown2.o)
    0x0800027c   0x0800027c   0x00000000   Code   RO        10718    .ARM.Collect$$libshutdown$$00000009  c_w.l(libshutdown2.o)
    0x0800027c   0x0800027c   0x00000000   Code   RO        10721    .ARM.Collect$$libshutdown$$0000000C  c_w.l(libshutdown2.o)
    0x0800027c   0x0800027c   0x00000000   Code   RO        10723    .ARM.Collect$$libshutdown$$0000000E  c_w.l(libshutdown2.o)
    0x0800027c   0x0800027c   0x00000000   Code   RO        10726    .ARM.Collect$$libshutdown$$00000011  c_w.l(libshutdown2.o)
    0x0800027c   0x0800027c   0x00000002   Code   RO        10727    .ARM.Collect$$libshutdown$$00000012  c_w.l(libshutdown2.o)
    0x0800027e   0x0800027e   0x00000000   Code   RO        10482    .ARM.Collect$$rtentry$$00000000  c_w.l(__rtentry.o)
    0x0800027e   0x0800027e   0x00000000   Code   RO        10568    .ARM.Collect$$rtentry$$00000002  c_w.l(__rtentry2.o)
    0x0800027e   0x0800027e   0x00000006   Code   RO        10580    .ARM.Collect$$rtentry$$00000004  c_w.l(__rtentry4.o)
    0x08000284   0x08000284   0x00000000   Code   RO        10570    .ARM.Collect$$rtentry$$00000009  c_w.l(__rtentry2.o)
    0x08000284   0x08000284   0x00000004   Code   RO        10571    .ARM.Collect$$rtentry$$0000000A  c_w.l(__rtentry2.o)
    0x08000288   0x08000288   0x00000000   Code   RO        10573    .ARM.Collect$$rtentry$$0000000C  c_w.l(__rtentry2.o)
    0x08000288   0x08000288   0x00000008   Code   RO        10574    .ARM.Collect$$rtentry$$0000000D  c_w.l(__rtentry2.o)
    0x08000290   0x08000290   0x00000002   Code   RO        10735    .ARM.Collect$$rtexit$$00000000  c_w.l(rtexit.o)
    0x08000292   0x08000292   0x00000000   Code   RO        10793    .ARM.Collect$$rtexit$$00000002  c_w.l(rtexit2.o)
    0x08000292   0x08000292   0x00000004   Code   RO        10794    .ARM.Collect$$rtexit$$00000003  c_w.l(rtexit2.o)
    0x08000296   0x08000296   0x00000006   Code   RO        10795    .ARM.Collect$$rtexit$$00000004  c_w.l(rtexit2.o)
    0x0800029c   0x0800029c   0x000000be   Code   RO         5459    .emb_text           port.o
    0x0800035a   0x0800035a   0x00000002   PAD
    0x0800035c   0x0800035c   0x00000034   Code   RO        10455    .emb_text           c_w.l(rand.o)
    0x08000390   0x08000390   0x00000000   Code   RO        10799    .emb_text           c_w.l(maybetermalloc1.o)
    0x08000390   0x08000390   0x00000040   Code   RO            4    .text               startup_stm32f407xx.o
    0x080003d0   0x080003d0   0x00000010   Code   RO        10416    .text               c_w.l(rt_ctype_table.o)
    0x080003e0   0x080003e0   0x000000ee   Code   RO        10418    .text               c_w.l(lludivv7m.o)
    0x080004ce   0x080004ce   0x00000002   PAD
    0x080004d0   0x080004d0   0x00000018   Code   RO        10422    .text               c_w.l(noretval__2printf.o)
    0x080004e8   0x080004e8   0x00000068   Code   RO        10424    .text               c_w.l(__printf.o)
    0x08000550   0x08000550   0x00000052   Code   RO        10426    .text               c_w.l(_printf_str.o)
    0x080005a2   0x080005a2   0x00000002   PAD
    0x080005a4   0x080005a4   0x00000078   Code   RO        10428    .text               c_w.l(_printf_dec.o)
    0x0800061c   0x0800061c   0x0000001a   Code   RO        10453    .text               c_w.l(atoi.o)
    0x08000636   0x08000636   0x00000002   PAD
    0x08000638   0x08000638   0x0000003c   Code   RO        10456    .text               c_w.l(rand.o)
    0x08000674   0x08000674   0x00000058   Code   RO        10460    .text               c_w.l(memcmp.o)
    0x080006cc   0x080006cc   0x0000003e   Code   RO        10462    .text               c_w.l(strlen.o)
    0x0800070a   0x0800070a   0x0000008a   Code   RO        10466    .text               c_w.l(rt_memcpy_v6.o)
    0x08000794   0x08000794   0x00000010   Code   RO        10472    .text               c_w.l(aeabi_memset.o)
    0x080007a4   0x080007a4   0x00000044   Code   RO        10474    .text               c_w.l(rt_memclr.o)
    0x080007e8   0x080007e8   0x0000004e   Code   RO        10476    .text               c_w.l(rt_memclr_w.o)
    0x08000836   0x08000836   0x00000006   Code   RO        10478    .text               c_w.l(heapauxi.o)
    0x0800083c   0x0800083c   0x00000008   Code   RO        10490    .text               c_w.l(rt_locale_intlibspace.o)
    0x08000844   0x08000844   0x00000008   Code   RO        10495    .text               c_w.l(rt_errno_addr_intlibspace.o)
    0x0800084c   0x0800084c   0x000000b2   Code   RO        10497    .text               c_w.l(_printf_intcommon.o)
    0x080008fe   0x080008fe   0x0000002c   Code   RO        10499    .text               c_w.l(_printf_char.o)
    0x0800092a   0x0800092a   0x00000002   PAD
    0x0800092c   0x0800092c   0x00000024   Code   RO        10501    .text               c_w.l(_printf_char_file.o)
    0x08000950   0x08000950   0x00000070   Code   RO        10504    .text               c_w.l(strtol.o)
    0x080009c0   0x080009c0   0x00000064   Code   RO        10515    .text               c_w.l(rt_memcpy_w.o)
    0x08000a24   0x08000a24   0x00000008   Code   RO        10564    .text               c_w.l(libspace.o)
    0x08000a2c   0x08000a2c   0x00000030   Code   RO        10584    .text               c_w.l(_printf_char_common.o)
    0x08000a5c   0x08000a5c   0x0000009e   Code   RO        10586    .text               c_w.l(_strtoul.o)
    0x08000afa   0x08000afa   0x00000008   Code   RO        10588    .text               c_w.l(ferror.o)
    0x08000b02   0x08000b02   0x00000002   PAD
    0x08000b04   0x08000b04   0x00000138   Code   RO        10594    .text               c_w.l(initio.o)
    0x08000c3c   0x08000c3c   0x00000080   Code   RO        10602    .text               c_w.l(strcmpv7m.o)
    0x08000cbc   0x08000cbc   0x00000066   Code   RO        10608    .text               c_w.l(sys_io.o)
    0x08000d22   0x08000d22   0x0000004a   Code   RO        10615    .text               c_w.l(sys_stackheap_outer.o)
    0x08000d6c   0x08000d6c   0x0000004e   Code   RO        10619    .text               c_w.l(h1_free.o)
    0x08000dba   0x08000dba   0x0000001c   Code   RO        10675    .text               c_w.l(_chval.o)
    0x08000dd6   0x08000dd6   0x000001d6   Code   RO        10677    .text               c_w.l(flsbuf.o)
    0x08000fac   0x08000fac   0x00000046   Code   RO        10679    .text               c_w.l(setvbuf.o)
    0x08000ff2   0x08000ff2   0x00000002   PAD
    0x08000ff4   0x08000ff4   0x000000ec   Code   RO        10682    .text               c_w.l(fopen.o)
    0x080010e0   0x080010e0   0x0000004c   Code   RO        10684    .text               c_w.l(fclose.o)
    0x0800112c   0x0800112c   0x00000012   Code   RO        10690    .text               c_w.l(exit.o)
    0x0800113e   0x0800113e   0x0000000e   Code   RO        10696    .text               c_w.l(defsig_rtred_outer.o)
    0x0800114c   0x0800114c   0x00000002   Code   RO        10732    .text               c_w.l(use_no_semi.o)
    0x0800114e   0x0800114e   0x00000000   Code   RO        10734    .text               c_w.l(indicate_semi.o)
    0x0800114e   0x0800114e   0x00000002   PAD
    0x08001150   0x08001150   0x00000008   Code   RO        10742    .text               c_w.l(rt_heap_descriptor_intlibspace.o)
    0x08001158   0x08001158   0x00000004   Code   RO        10744    .text               c_w.l(hguard.o)
    0x0800115c   0x0800115c   0x0000008a   Code   RO        10748    .text               c_w.l(init_alloc.o)
    0x080011e6   0x080011e6   0x0000005e   Code   RO        10754    .text               c_w.l(h1_alloc.o)
    0x08001244   0x08001244   0x000000f8   Code   RO        10770    .text               c_w.l(fseek.o)
    0x0800133c   0x0800133c   0x000000f0   Code   RO        10772    .text               c_w.l(stdio.o)
    0x0800142c   0x0800142c   0x0000000a   Code   RO        10778    .text               c_w.l(defsig_exit.o)
    0x08001436   0x08001436   0x00000002   PAD
    0x08001438   0x08001438   0x00000034   Code   RO        10782    .text               c_w.l(defsig_rtred_inner.o)
    0x0800146c   0x0800146c   0x0000000e   Code   RO        10784    .text               c_w.l(defsig_rtmem_outer.o)
    0x0800147a   0x0800147a   0x00000002   PAD
    0x0800147c   0x0800147c   0x0000000c   Code   RO        10790    .text               c_w.l(sys_exit.o)
    0x08001488   0x08001488   0x0000000e   Code   RO        10801    .text               c_w.l(h1_init.o)
    0x08001496   0x08001496   0x00000034   Code   RO        10803    .text               c_w.l(h1_extend.o)
    0x080014ca   0x080014ca   0x00000042   Code   RO        10813    .text               c_w.l(ftell.o)
    0x0800150c   0x0800150c   0x00000032   Code   RO        10821    .text               c_w.l(defsig_general.o)
    0x0800153e   0x0800153e   0x00000002   PAD
    0x08001540   0x08001540   0x00000050   Code   RO        10823    .text               c_w.l(defsig_rtmem_inner.o)
    0x08001590   0x08001590   0x0000000e   Code   RO        10830    .text               c_w.l(sys_wrch.o)
    0x0800159e   0x0800159e   0x00000002   Code   RO          488    i.BusFault_Handler  stm32f4xx_it.o
    0x080015a0   0x080015a0   0x00000002   Code   RO          489    i.DebugMon_Handler  stm32f4xx_it.o
    0x080015a2   0x080015a2   0x00000002   PAD
    0x080015a4   0x080015a4   0x0000006a   Code   RO         3030    i.ETH_DMARxDescListInit  stm32f4xx_hal_eth.o
    0x0800160e   0x0800160e   0x0000002e   Code   RO         3031    i.ETH_FlushTransmitFIFO  stm32f4xx_hal_eth.o
    0x0800163c   0x0800163c   0x0000000c   Code   RO          490    i.ETH_IRQHandler    stm32f4xx_it.o
    0x08001648   0x08001648   0x0000009e   Code   RO         3032    i.ETH_MACDMAConfig  stm32f4xx_hal_eth.o
    0x080016e6   0x080016e6   0x00000004   Code   RO          621    i.ETH_PHY_IO_DeInit  ethernetif.o
    0x080016ea   0x080016ea   0x00000004   Code   RO          622    i.ETH_PHY_IO_GetTick  ethernetif.o
    0x080016ee   0x080016ee   0x00000004   Code   RO          623    i.ETH_PHY_IO_Init   ethernetif.o
    0x080016f2   0x080016f2   0x00000002   PAD
    0x080016f4   0x080016f4   0x0000001c   Code   RO          624    i.ETH_PHY_IO_ReadReg  ethernetif.o
    0x08001710   0x08001710   0x0000001c   Code   RO          625    i.ETH_PHY_IO_WriteReg  ethernetif.o
    0x0800172c   0x0800172c   0x0000017c   Code   RO         3033    i.ETH_Prepare_Tx_Descriptors  stm32f4xx_hal_eth.o
    0x080018a8   0x080018a8   0x000000c0   Code   RO         3034    i.ETH_SetDMAConfig  stm32f4xx_hal_eth.o
    0x08001968   0x08001968   0x00000100   Code   RO         3035    i.ETH_SetMACConfig  stm32f4xx_hal_eth.o
    0x08001a68   0x08001a68   0x0000009c   Code   RO         3036    i.ETH_UpdateDescriptor  stm32f4xx_hal_eth.o
    0x08001b04   0x08001b04   0x00000004   Code   RO           13    i.Error_Handler     main.o
    0x08001b08   0x08001b08   0x00000024   Code   RO         2779    i.HAL_Delay         stm32f4xx_hal.o
    0x08001b2c   0x08001b2c   0x0000001c   Code   RO          626    i.HAL_ETH_ErrorCallback  ethernetif.o
    0x08001b48   0x08001b48   0x00000006   Code   RO         3042    i.HAL_ETH_GetDMAError  stm32f4xx_hal_eth.o
    0x08001b4e   0x08001b4e   0x00000006   Code   RO         3043    i.HAL_ETH_GetError  stm32f4xx_hal_eth.o
    0x08001b54   0x08001b54   0x000000ea   Code   RO         3044    i.HAL_ETH_GetMACConfig  stm32f4xx_hal_eth.o
    0x08001c3e   0x08001c3e   0x00000002   PAD
    0x08001c40   0x08001c40   0x000000d8   Code   RO         3051    i.HAL_ETH_IRQHandler  stm32f4xx_hal_eth.o
    0x08001d18   0x08001d18   0x00000144   Code   RO         3052    i.HAL_ETH_Init      stm32f4xx_hal_eth.o
    0x08001e5c   0x08001e5c   0x00000002   Code   RO         3054    i.HAL_ETH_MspInit   stm32f4xx_hal_eth.o
    0x08001e5e   0x08001e5e   0x00000002   Code   RO         3055    i.HAL_ETH_PMTCallback  stm32f4xx_hal_eth.o
    0x08001e60   0x08001e60   0x000000e4   Code   RO         3056    i.HAL_ETH_ReadData  stm32f4xx_hal_eth.o
    0x08001f44   0x08001f44   0x00000062   Code   RO         3057    i.HAL_ETH_ReadPHYRegister  stm32f4xx_hal_eth.o
    0x08001fa6   0x08001fa6   0x00000002   PAD
    0x08001fa8   0x08001fa8   0x0000005c   Code   RO         3061    i.HAL_ETH_ReleaseTxPacket  stm32f4xx_hal_eth.o
    0x08002004   0x08002004   0x00000048   Code   RO          627    i.HAL_ETH_RxAllocateCallback  ethernetif.o
    0x0800204c   0x0800204c   0x0000000c   Code   RO          628    i.HAL_ETH_RxCpltCallback  ethernetif.o
    0x08002058   0x08002058   0x0000002a   Code   RO          629    i.HAL_ETH_RxLinkCallback  ethernetif.o
    0x08002082   0x08002082   0x00000018   Code   RO         3067    i.HAL_ETH_SetMACConfig  stm32f4xx_hal_eth.o
    0x0800209a   0x0800209a   0x00000002   PAD
    0x0800209c   0x0800209c   0x00000094   Code   RO         3074    i.HAL_ETH_Start_IT  stm32f4xx_hal_eth.o
    0x08002130   0x08002130   0x000000a0   Code   RO         3076    i.HAL_ETH_Stop_IT   stm32f4xx_hal_eth.o
    0x080021d0   0x080021d0   0x00000066   Code   RO         3078    i.HAL_ETH_Transmit_IT  stm32f4xx_hal_eth.o
    0x08002236   0x08002236   0x00000002   PAD
    0x08002238   0x08002238   0x0000000c   Code   RO          630    i.HAL_ETH_TxCpltCallback  ethernetif.o
    0x08002244   0x08002244   0x00000004   Code   RO          631    i.HAL_ETH_TxFreeCallback  ethernetif.o
    0x08002248   0x08002248   0x00000002   Code   RO         3084    i.HAL_ETH_WakeUpCallback  stm32f4xx_hal_eth.o
    0x0800224a   0x0800224a   0x00000002   PAD
    0x0800224c   0x0800224c   0x00000056   Code   RO         3085    i.HAL_ETH_WritePHYRegister  stm32f4xx_hal_eth.o
    0x080022a2   0x080022a2   0x00000002   PAD
    0x080022a4   0x080022a4   0x000001f0   Code   RO         2235    i.HAL_GPIO_Init     stm32f4xx_hal_gpio.o
    0x08002494   0x08002494   0x0000000a   Code   RO         2239    i.HAL_GPIO_WritePin  stm32f4xx_hal_gpio.o
    0x0800249e   0x0800249e   0x00000002   PAD
    0x080024a0   0x080024a0   0x0000000c   Code   RO         2785    i.HAL_GetTick       stm32f4xx_hal.o
    0x080024ac   0x080024ac   0x00000010   Code   RO         2791    i.HAL_IncTick       stm32f4xx_hal.o
    0x080024bc   0x080024bc   0x00000034   Code   RO         2792    i.HAL_Init          stm32f4xx_hal.o
    0x080024f0   0x080024f0   0x00000098   Code   RO          582    i.HAL_InitTick      stm32f4xx_hal_timebase_tim.o
    0x08002588   0x08002588   0x0000010c   Code   RO          558    i.HAL_MspInit       stm32f4xx_hal_msp.o
    0x08002694   0x08002694   0x0000001a   Code   RO         2627    i.HAL_NVIC_EnableIRQ  stm32f4xx_hal_cortex.o
    0x080026ae   0x080026ae   0x00000002   PAD
    0x080026b0   0x080026b0   0x00000040   Code   RO         2633    i.HAL_NVIC_SetPriority  stm32f4xx_hal_cortex.o
    0x080026f0   0x080026f0   0x00000024   Code   RO         2634    i.HAL_NVIC_SetPriorityGrouping  stm32f4xx_hal_cortex.o
    0x08002714   0x08002714   0x00000134   Code   RO         1881    i.HAL_RCC_ClockConfig  stm32f4xx_hal_rcc.o
    0x08002848   0x08002848   0x00000040   Code   RO         1885    i.HAL_RCC_GetClockConfig  stm32f4xx_hal_rcc.o
    0x08002888   0x08002888   0x00000020   Code   RO         1888    i.HAL_RCC_GetPCLK1Freq  stm32f4xx_hal_rcc.o
    0x080028a8   0x080028a8   0x00000020   Code   RO         1889    i.HAL_RCC_GetPCLK2Freq  stm32f4xx_hal_rcc.o
    0x080028c8   0x080028c8   0x00000060   Code   RO         1890    i.HAL_RCC_GetSysClockFreq  stm32f4xx_hal_rcc.o
    0x08002928   0x08002928   0x0000036c   Code   RO         1893    i.HAL_RCC_OscConfig  stm32f4xx_hal_rcc.o
    0x08002c94   0x08002c94   0x00000002   Code   RO         1613    i.HAL_TIMEx_BreakCallback  stm32f4xx_hal_tim_ex.o
    0x08002c96   0x08002c96   0x00000002   Code   RO         1614    i.HAL_TIMEx_CommutCallback  stm32f4xx_hal_tim_ex.o
    0x08002c98   0x08002c98   0x00000054   Code   RO         1616    i.HAL_TIMEx_ConfigBreakDeadTime  stm32f4xx_hal_tim_ex.o
    0x08002cec   0x08002cec   0x00000090   Code   RO         1632    i.HAL_TIMEx_MasterConfigSynchronization  stm32f4xx_hal_tim_ex.o
    0x08002d7c   0x08002d7c   0x0000005a   Code   RO          909    i.HAL_TIM_Base_Init  stm32f4xx_hal_tim.o
    0x08002dd6   0x08002dd6   0x00000002   PAD
    0x08002dd8   0x08002dd8   0x00000068   Code   RO          399    i.HAL_TIM_Base_MspInit  tim.o
    0x08002e40   0x08002e40   0x00000080   Code   RO          914    i.HAL_TIM_Base_Start_IT  stm32f4xx_hal_tim.o
    0x08002ec0   0x08002ec0   0x000000dc   Code   RO          918    i.HAL_TIM_ConfigClockSource  stm32f4xx_hal_tim.o
    0x08002f9c   0x08002f9c   0x00000002   Code   RO          943    i.HAL_TIM_IC_CaptureCallback  stm32f4xx_hal_tim.o
    0x08002f9e   0x08002f9e   0x00000130   Code   RO          957    i.HAL_TIM_IRQHandler  stm32f4xx_hal_tim.o
    0x080030ce   0x080030ce   0x00000002   PAD
    0x080030d0   0x080030d0   0x00000080   Code   RO          400    i.HAL_TIM_MspPostInit  tim.o
    0x08003150   0x08003150   0x00000052   Code   RO          958    i.HAL_TIM_OC_ConfigChannel  stm32f4xx_hal_tim.o
    0x080031a2   0x080031a2   0x00000002   Code   RO          960    i.HAL_TIM_OC_DelayElapsedCallback  stm32f4xx_hal_tim.o
    0x080031a4   0x080031a4   0x0000005a   Code   RO          962    i.HAL_TIM_OC_Init   stm32f4xx_hal_tim.o
    0x080031fe   0x080031fe   0x00000002   Code   RO          964    i.HAL_TIM_OC_MspInit  stm32f4xx_hal_tim.o
    0x08003200   0x08003200   0x000000cc   Code   RO          981    i.HAL_TIM_PWM_ConfigChannel  stm32f4xx_hal_tim.o
    0x080032cc   0x080032cc   0x0000005a   Code   RO          984    i.HAL_TIM_PWM_Init  stm32f4xx_hal_tim.o
    0x08003326   0x08003326   0x00000002   Code   RO          986    i.HAL_TIM_PWM_MspInit  stm32f4xx_hal_tim.o
    0x08003328   0x08003328   0x00000002   Code   RO          987    i.HAL_TIM_PWM_PulseFinishedCallback  stm32f4xx_hal_tim.o
    0x0800332a   0x0800332a   0x00000002   PAD
    0x0800332c   0x0800332c   0x00000014   Code   RO           14    i.HAL_TIM_PeriodElapsedCallback  main.o
    0x08003340   0x08003340   0x00000002   Code   RO         1000    i.HAL_TIM_TriggerCallback  stm32f4xx_hal_tim.o
    0x08003342   0x08003342   0x00000064   Code   RO         3410    i.HAL_UART_Init     stm32f4xx_hal_uart.o
    0x080033a6   0x080033a6   0x00000002   PAD
    0x080033a8   0x080033a8   0x00000068   Code   RO          447    i.HAL_UART_MspInit  usart.o
    0x08003410   0x08003410   0x000000a0   Code   RO         3418    i.HAL_UART_Transmit  stm32f4xx_hal_uart.o
    0x080034b0   0x080034b0   0x00000002   Code   RO          491    i.HardFault_Handler  stm32f4xx_it.o
    0x080034b2   0x080034b2   0x00000002   PAD
    0x080034b4   0x080034b4   0x00000020   Code   RO          348    i.MX_FREERTOS_Init  freertos.o
    0x080034d4   0x080034d4   0x0000012c   Code   RO          324    i.MX_GPIO_Init      gpio.o
    0x08003600   0x08003600   0x00000160   Code   RO          844    i.MX_LWIP_Init      lwip.o
    0x08003760   0x08003760   0x000000f8   Code   RO          401    i.MX_TIM1_Init      tim.o
    0x08003858   0x08003858   0x00000038   Code   RO          448    i.MX_USART1_UART_Init  usart.o
    0x08003890   0x08003890   0x00000070   Code   RO        10089    i.Main              main_1.o
    0x08003900   0x08003900   0x00000002   Code   RO          492    i.MemManage_Handler  stm32f4xx_it.o
    0x08003902   0x08003902   0x00000002   Code   RO          493    i.NMI_Handler       stm32f4xx_it.o
    0x08003904   0x08003904   0x0000001c   Code   RO          349    i.StartDefaultTask  freertos.o
    0x08003920   0x08003920   0x0000001a   Code   RO         4891    i.SysTick_Handler   cmsis_os2.o
    0x0800393a   0x0800393a   0x00000002   PAD
    0x0800393c   0x0800393c   0x00000098   Code   RO           15    i.SystemClock_Config  main.o
    0x080039d4   0x080039d4   0x00000010   Code   RO         3744    i.SystemInit        system_stm32f4xx.o
    0x080039e4   0x080039e4   0x0000000c   Code   RO          494    i.TIM6_DAC_IRQHandler  stm32f4xx_it.o
    0x080039f0   0x080039f0   0x000000d0   Code   RO         1002    i.TIM_Base_SetConfig  stm32f4xx_hal_tim.o
    0x08003ac0   0x08003ac0   0x00000014   Code   RO         1013    i.TIM_ETR_SetConfig  stm32f4xx_hal_tim.o
    0x08003ad4   0x08003ad4   0x00000010   Code   RO         1014    i.TIM_ITRx_SetConfig  stm32f4xx_hal_tim.o
    0x08003ae4   0x08003ae4   0x00000060   Code   RO         1015    i.TIM_OC1_SetConfig  stm32f4xx_hal_tim.o
    0x08003b44   0x08003b44   0x0000006c   Code   RO         1016    i.TIM_OC2_SetConfig  stm32f4xx_hal_tim.o
    0x08003bb0   0x08003bb0   0x00000068   Code   RO         1017    i.TIM_OC3_SetConfig  stm32f4xx_hal_tim.o
    0x08003c18   0x08003c18   0x00000050   Code   RO         1018    i.TIM_OC4_SetConfig  stm32f4xx_hal_tim.o
    0x08003c68   0x08003c68   0x00000022   Code   RO         1020    i.TIM_TI1_ConfigInputStage  stm32f4xx_hal_tim.o
    0x08003c8a   0x08003c8a   0x00000024   Code   RO         1022    i.TIM_TI2_ConfigInputStage  stm32f4xx_hal_tim.o
    0x08003cae   0x08003cae   0x0000004e   Code   RO         3433    i.UART_EndRxTransfer  stm32f4xx_hal_uart.o
    0x08003cfc   0x08003cfc   0x0000010c   Code   RO         3436    i.UART_SetConfig    stm32f4xx_hal_uart.o
    0x08003e08   0x08003e08   0x00000072   Code   RO         3439    i.UART_WaitOnFlagUntilTimeout  stm32f4xx_hal_uart.o
    0x08003e7a   0x08003e7a   0x000000ba   Code   RO          790    i.USER_PHY_GetLinkState  eth_custom_phy_interface.o
    0x08003f34   0x08003f34   0x00000064   Code   RO          791    i.USER_PHY_Init     eth_custom_phy_interface.o
    0x08003f98   0x08003f98   0x0000002c   Code   RO          792    i.USER_PHY_RegisterBusIO  eth_custom_phy_interface.o
    0x08003fc4   0x08003fc4   0x00000002   Code   RO          495    i.UsageFault_Handler  stm32f4xx_it.o
    0x08003fc6   0x08003fc6   0x00000002   PAD
    0x08003fc8   0x08003fc8   0x0000001c   Code   RO        10090    i._ZN27_GLOBAL__N__8_main_cpp_Main10DebugPrintEPKc  main_1.o
    0x08003fe4   0x08003fe4   0x00000016   Code   RO        10091    i._ZN27_GLOBAL__N__8_main_cpp_Main12SocketHandle5CloseEv  main_1.o
    0x08003ffa   0x08003ffa   0x00000008   Code   RO        10092    i._ZN27_GLOBAL__N__8_main_cpp_Main15ThreadTcpClientEPv  main_1.o
    0x08004002   0x08004002   0x00000008   Code   RO        10093    i._ZN27_GLOBAL__N__8_main_cpp_Main15ThreadTcpServerEPv  main_1.o
    0x0800400a   0x0800400a   0x0000005a   Code   RO        10094    i._ZN27_GLOBAL__N__8_main_cpp_Main18ConfigureTcpSocketEi  main_1.o
    0x08004064   0x08004064   0x0000002e   Code   RO        10095    i._ZN27_GLOBAL__N__8_main_cpp_Main7SendAllEiPKci  main_1.o
    0x08004092   0x08004092   0x00000002   PAD
    0x08004094   0x08004094   0x00000078   Code   RO        10096    i._ZN27_GLOBAL__N__8_main_cpp_Main9TcpClient3RunEv  main_1.o
    0x0800410c   0x0800410c   0x000000b0   Code   RO        10097    i._ZN27_GLOBAL__N__8_main_cpp_Main9TcpServer16OpenListenSocketERNS_12SocketHandleE  main_1.o
    0x080041bc   0x080041bc   0x00000088   Code   RO        10098    i._ZN27_GLOBAL__N__8_main_cpp_Main9TcpServer3RunEv  main_1.o
    0x08004244   0x08004244   0x00000020   Code   RO         2640    i.__NVIC_SetPriority  stm32f4xx_hal_cortex.o
    0x08004264   0x08004264   0x00000178   Code   RO         6507    i.accept_function   api_msg.o
    0x080043dc   0x080043dc   0x000000e8   Code   RO         6922    i.alloc_socket      sockets.o
    0x080044c4   0x080044c4   0x000000a8   Code   RO         7712    i.do_memp_free_pool  memp.o
    0x0800456c   0x0800456c   0x000000b8   Code   RO         7713    i.do_memp_malloc_pool  memp.o
    0x08004624   0x08004624   0x000001d0   Code   RO         6508    i.err_tcp           api_msg.o
    0x080047f4   0x080047f4   0x0000001c   Code   RO         6719    i.err_to_errno      err.o
    0x08004810   0x08004810   0x0000002c   Code   RO         9142    i.etharp_cleanup_netif  etharp.o
    0x0800483c   0x0800483c   0x00000260   Code   RO         9144    i.etharp_find_entry  etharp.o
    0x08004a9c   0x08004a9c   0x00000024   Code   RO         9145    i.etharp_free_entry  etharp.o
    0x08004ac0   0x08004ac0   0x00000104   Code   RO         9147    i.etharp_input      etharp.o
    0x08004bc4   0x08004bc4   0x000001b0   Code   RO         9148    i.etharp_output     etharp.o
    0x08004d74   0x08004d74   0x00000110   Code   RO         9149    i.etharp_output_to_arp_index  etharp.o
    0x08004e84   0x08004e84   0x000001e8   Code   RO         9150    i.etharp_query      etharp.o
    0x0800506c   0x0800506c   0x00000174   Code   RO         9151    i.etharp_raw        etharp.o
    0x080051e0   0x080051e0   0x0000000c   Code   RO         9152    i.etharp_request    etharp.o
    0x080051ec   0x080051ec   0x00000020   Code   RO         9153    i.etharp_request_dst  etharp.o
    0x0800520c   0x0800520c   0x00000060   Code   RO         9154    i.etharp_tmr        etharp.o
    0x0800526c   0x0800526c   0x0000011c   Code   RO         9155    i.etharp_update_arp_entry  etharp.o
    0x08005388   0x08005388   0x000000a4   Code   RO         6065    i.ethernet_input    ethernet.o
    0x0800542c   0x0800542c   0x000000b0   Code   RO          632    i.ethernet_link_check_state  ethernetif.o
    0x080054dc   0x080054dc   0x00000002   Code   RO          845    i.ethernet_link_status_updated  lwip.o
    0x080054de   0x080054de   0x00000010   Code   RO          633    i.ethernet_link_thread  ethernetif.o
    0x080054ee   0x080054ee   0x00000002   PAD
    0x080054f0   0x080054f0   0x000000f8   Code   RO         6066    i.ethernet_output   ethernet.o
    0x080055e8   0x080055e8   0x00000090   Code   RO          634    i.ethernetif_init   ethernetif.o
    0x08005678   0x08005678   0x00000048   Code   RO          635    i.ethernetif_input  ethernetif.o
    0x080056c0   0x080056c0   0x00000138   Code   RO         6923    i.event_callback    sockets.o
    0x080057f8   0x080057f8   0x0000001a   Code   RO        10591    i.fputc             c_w.l(fputc.o)
    0x08005812   0x08005812   0x0000003c   Code   RO         6924    i.free_socket       sockets.o
    0x0800584e   0x0800584e   0x00000002   PAD
    0x08005850   0x08005850   0x00000018   Code   RO         6925    i.get_socket        sockets.o
    0x08005868   0x08005868   0x00000008   Code   RO         9245    i.icmp_dest_unreach  icmp.o
    0x08005870   0x08005870   0x000001e8   Code   RO         9246    i.icmp_input        icmp.o
    0x08005a58   0x08005a58   0x00000110   Code   RO         9247    i.icmp_send_response  icmp.o
    0x08005b68   0x08005b68   0x00000008   Code   RO         9248    i.icmp_time_exceeded  icmp.o
    0x08005b70   0x08005b70   0x0000002e   Code   RO         9362    i.ip4_addr_isbroadcast_u32  ip4_addr.o
    0x08005b9e   0x08005b9e   0x00000002   PAD
    0x08005ba0   0x08005ba0   0x00000260   Code   RO         9431    i.ip4_frag          ip4_frag.o
    0x08005e00   0x08005e00   0x00000174   Code   RO         9307    i.ip4_input         ip4.o
    0x08005f74   0x08005f74   0x0000002c   Code   RO         9308    i.ip4_input_accept  ip4.o
    0x08005fa0   0x08005fa0   0x0000001e   Code   RO         9310    i.ip4_output_if     ip4.o
    0x08005fbe   0x08005fbe   0x00000002   PAD
    0x08005fc0   0x08005fc0   0x00000178   Code   RO         9311    i.ip4_output_if_src  ip4.o
    0x08006138   0x08006138   0x00000288   Code   RO         9432    i.ip4_reass         ip4_frag.o
    0x080063c0   0x080063c0   0x00000060   Code   RO         9312    i.ip4_route         ip4.o
    0x08006420   0x08006420   0x0000018c   Code   RO         9364    i.ip4addr_aton      ip4_addr.o
    0x080065ac   0x080065ac   0x00000090   Code   RO         9433    i.ip_frag_free_pbuf_custom_ref  ip4_frag.o
    0x0800663c   0x0800663c   0x00000248   Code   RO         9434    i.ip_reass_chain_frag_into_datagram_and_validate  ip4_frag.o
    0x08006884   0x08006884   0x000000bc   Code   RO         9435    i.ip_reass_dequeue_datagram  ip4_frag.o
    0x08006940   0x08006940   0x00000198   Code   RO         9436    i.ip_reass_free_complete_datagram  ip4_frag.o
    0x08006ad8   0x08006ad8   0x00000080   Code   RO         9437    i.ip_reass_remove_oldest_datagram  ip4_frag.o
    0x08006b58   0x08006b58   0x0000002c   Code   RO         9438    i.ip_reass_tmr      ip4_frag.o
    0x08006b84   0x08006b84   0x00000014   Code   RO         9367    i.ipaddr_addr       ip4_addr.o
    0x08006b98   0x08006b98   0x00000098   Code   RO         9439    i.ipfrag_free_pbuf_custom  ip4_frag.o
    0x08006c30   0x08006c30   0x0000016c   Code   RO          636    i.low_level_init    ethernetif.o
    0x08006d9c   0x08006d9c   0x000000a8   Code   RO          637    i.low_level_output  ethernetif.o
    0x08006e44   0x08006e44   0x000001c4   Code   RO         6926    i.lwip_accept       sockets.o
    0x08007008   0x08007008   0x000000dc   Code   RO         6927    i.lwip_bind         sockets.o
    0x080070e4   0x080070e4   0x000000d4   Code   RO         6928    i.lwip_close        sockets.o
    0x080071b8   0x080071b8   0x000000f4   Code   RO         6929    i.lwip_connect      sockets.o
    0x080072ac   0x080072ac   0x0000003c   Code   RO         8892    i.lwip_cyclic_timer  timeouts.o
    0x080072e8   0x080072e8   0x00000004   Code   RO         7416    i.lwip_htonl        def.o
    0x080072ec   0x080072ec   0x00000004   Code   RO         7417    i.lwip_htons        def.o
    0x080072f0   0x080072f0   0x00000022   Code   RO         7561    i.lwip_init         init.o
    0x08007312   0x08007312   0x00000002   PAD
    0x08007314   0x08007314   0x0000004c   Code   RO         6940    i.lwip_listen       sockets.o
    0x08007360   0x08007360   0x00000036   Code   RO         6509    i.lwip_netconn_do_bind  api_msg.o
    0x08007396   0x08007396   0x00000002   PAD
    0x08007398   0x08007398   0x00000138   Code   RO         6511    i.lwip_netconn_do_close  api_msg.o
    0x080074d0   0x080074d0   0x00000374   Code   RO         6512    i.lwip_netconn_do_close_internal  api_msg.o
    0x08007844   0x08007844   0x00000164   Code   RO         6513    i.lwip_netconn_do_connect  api_msg.o
    0x080079a8   0x080079a8   0x00000184   Code   RO         6514    i.lwip_netconn_do_connected  api_msg.o
    0x08007b2c   0x08007b2c   0x00000198   Code   RO         6515    i.lwip_netconn_do_delconn  api_msg.o
    0x08007cc4   0x08007cc4   0x00000020   Code   RO         6516    i.lwip_netconn_do_disconnect  api_msg.o
    0x08007ce4   0x08007ce4   0x000000e4   Code   RO         6517    i.lwip_netconn_do_getaddr  api_msg.o
    0x08007dc8   0x08007dc8   0x000000bc   Code   RO         6518    i.lwip_netconn_do_listen  api_msg.o
    0x08007e84   0x08007e84   0x00000012   Code   RO         6519    i.lwip_netconn_do_newconn  api_msg.o
    0x08007e96   0x08007e96   0x00000042   Code   RO         6520    i.lwip_netconn_do_recv  api_msg.o
    0x08007ed8   0x08007ed8   0x00000042   Code   RO         6521    i.lwip_netconn_do_send  api_msg.o
    0x08007f1a   0x08007f1a   0x00000002   PAD
    0x08007f1c   0x08007f1c   0x0000014c   Code   RO         6522    i.lwip_netconn_do_write  api_msg.o
    0x08008068   0x08008068   0x000003a4   Code   RO         6523    i.lwip_netconn_do_writemore  api_msg.o
    0x0800840c   0x0800840c   0x000000a8   Code   RO         6524    i.lwip_netconn_err_to_msg  api_msg.o
    0x080084b4   0x080084b4   0x000000ac   Code   RO         6525    i.lwip_netconn_is_err_msg  api_msg.o
    0x08008560   0x08008560   0x0000000e   Code   RO         6945    i.lwip_recv         sockets.o
    0x0800856e   0x0800856e   0x00000002   PAD
    0x08008570   0x08008570   0x00000208   Code   RO         6946    i.lwip_recv_tcp     sockets.o
    0x08008778   0x08008778   0x000000d0   Code   RO         6947    i.lwip_recvfrom     sockets.o
    0x08008848   0x08008848   0x00000180   Code   RO         6948    i.lwip_recvfrom_udp_raw  sockets.o
    0x080089c8   0x080089c8   0x00000074   Code   RO         6952    i.lwip_send         sockets.o
    0x08008a3c   0x08008a3c   0x0000014c   Code   RO         6954    i.lwip_sendto       sockets.o
    0x08008b88   0x08008b88   0x00000054   Code   RO         6955    i.lwip_setsockopt   sockets.o
    0x08008bdc   0x08008bdc   0x00000284   Code   RO         6956    i.lwip_setsockopt_impl  sockets.o
    0x08008e60   0x08008e60   0x00000118   Code   RO         6958    i.lwip_sock_make_addr  sockets.o
    0x08008f78   0x08008f78   0x00000068   Code   RO         6959    i.lwip_socket       sockets.o
    0x08008fe0   0x08008fe0   0x00000094   Code   RO         6963    i.lwip_sockopt_to_ipopt  sockets.o
    0x08009074   0x08009074   0x0000004c   Code   RO           16    i.main              main.o
    0x080090c0   0x080090c0   0x000001c8   Code   RO         7636    i.mem_free          mem.o
    0x08009288   0x08009288   0x000000c8   Code   RO         7637    i.mem_init          mem.o
    0x08009350   0x08009350   0x0000024c   Code   RO         7638    i.mem_malloc        mem.o
    0x0800959c   0x0800959c   0x00000010   Code   RO         7639    i.mem_to_ptr        mem.o
    0x080095ac   0x080095ac   0x000001e4   Code   RO         7640    i.mem_trim          mem.o
    0x08009790   0x08009790   0x0000009c   Code   RO         7714    i.memp_free         memp.o
    0x0800982c   0x0800982c   0x00000088   Code   RO         7715    i.memp_free_pool    memp.o
    0x080098b4   0x080098b4   0x00000020   Code   RO         7716    i.memp_init         memp.o
    0x080098d4   0x080098d4   0x0000002a   Code   RO         7717    i.memp_init_pool    memp.o
    0x080098fe   0x080098fe   0x00000002   PAD
    0x08009900   0x08009900   0x000000a4   Code   RO         7718    i.memp_malloc       memp.o
    0x080099a4   0x080099a4   0x0000008c   Code   RO         7719    i.memp_malloc_pool  memp.o
    0x08009a30   0x08009a30   0x00000022   Code   RO         6804    i.netbuf_delete     netbuf.o
    0x08009a52   0x08009a52   0x00000002   PAD
    0x08009a54   0x08009a54   0x000000a0   Code   RO         6806    i.netbuf_free       netbuf.o
    0x08009af4   0x08009af4   0x000000c4   Code   RO         6809    i.netbuf_ref        netbuf.o
    0x08009bb8   0x08009bb8   0x00000144   Code   RO         6275    i.netconn_accept    api_lib.o
    0x08009cfc   0x08009cfc   0x0000010c   Code   RO         6526    i.netconn_alloc     api_msg.o
    0x08009e08   0x08009e08   0x00000016   Code   RO         6276    i.netconn_apimsg    api_lib.o
    0x08009e1e   0x08009e1e   0x00000002   PAD
    0x08009e20   0x08009e20   0x000000b8   Code   RO         6277    i.netconn_bind      api_lib.o
    0x08009ed8   0x08009ed8   0x000000b0   Code   RO         6280    i.netconn_close_shutdown  api_lib.o
    0x08009f88   0x08009f88   0x000000bc   Code   RO         6281    i.netconn_connect   api_lib.o
    0x0800a044   0x0800a044   0x0000001e   Code   RO         6282    i.netconn_delete    api_lib.o
    0x0800a062   0x0800a062   0x00000002   PAD
    0x0800a064   0x0800a064   0x000000ac   Code   RO         6283    i.netconn_disconnect  api_lib.o
    0x0800a110   0x0800a110   0x0000009c   Code   RO         6527    i.netconn_drain     api_msg.o
    0x0800a1ac   0x0800a1ac   0x0000001e   Code   RO         6284    i.netconn_err       api_lib.o
    0x0800a1ca   0x0800a1ca   0x00000002   PAD
    0x0800a1cc   0x0800a1cc   0x0000016c   Code   RO         6528    i.netconn_free      api_msg.o
    0x0800a338   0x0800a338   0x0000010c   Code   RO         6285    i.netconn_getaddr   api_lib.o
    0x0800a444   0x0800a444   0x000000a8   Code   RO         6286    i.netconn_listen_with_backlog  api_lib.o
    0x0800a4ec   0x0800a4ec   0x00000178   Code   RO         6287    i.netconn_new_with_proto_and_callback  api_lib.o
    0x0800a664   0x0800a664   0x00000020   Code   RO         6288    i.netconn_prepare_delete  api_lib.o
    0x0800a684   0x0800a684   0x00000198   Code   RO         6290    i.netconn_recv_data  api_lib.o
    0x0800a81c   0x0800a81c   0x00000098   Code   RO         6291    i.netconn_recv_data_tcp  api_lib.o
    0x0800a8b4   0x0800a8b4   0x000000ac   Code   RO         6293    i.netconn_recv_tcp_pbuf_flags  api_lib.o
    0x0800a960   0x0800a960   0x000000b4   Code   RO         6295    i.netconn_recv_udp_raw_netbuf_flags  api_lib.o
    0x0800aa14   0x0800aa14   0x000000a8   Code   RO         6296    i.netconn_send      api_lib.o
    0x0800aabc   0x0800aabc   0x000000b0   Code   RO         6299    i.netconn_tcp_recvd  api_lib.o
    0x0800ab6c   0x0800ab6c   0x000000b8   Code   RO         6300    i.netconn_tcp_recvd_msg  api_lib.o
    0x0800ac24   0x0800ac24   0x00000014   Code   RO         6301    i.netconn_write_partly  api_lib.o
    0x0800ac38   0x0800ac38   0x000001a4   Code   RO         6302    i.netconn_write_vectors_partly  api_lib.o
    0x0800addc   0x0800addc   0x000001d8   Code   RO         7858    i.netif_add         netif.o
    0x0800afb4   0x0800afb4   0x00000016   Code   RO         7860    i.netif_do_ip_addr_changed  netif.o
    0x0800afca   0x0800afca   0x00000016   Code   RO         7861    i.netif_do_set_gw   netif.o
    0x0800afe0   0x0800afe0   0x000000c4   Code   RO         7862    i.netif_do_set_ipaddr  netif.o
    0x0800b0a4   0x0800b0a4   0x00000016   Code   RO         7863    i.netif_do_set_netmask  netif.o
    0x0800b0ba   0x0800b0ba   0x00000002   PAD
    0x0800b0bc   0x0800b0bc   0x00000040   Code   RO         7864    i.netif_find        netif.o
    0x0800b0fc   0x0800b0fc   0x00000028   Code   RO         7865    i.netif_get_by_index  netif.o
    0x0800b124   0x0800b124   0x00000002   Code   RO         7867    i.netif_init        netif.o
    0x0800b126   0x0800b126   0x00000002   PAD
    0x0800b128   0x0800b128   0x000000c0   Code   RO         7869    i.netif_issue_reports  netif.o
    0x0800b1e8   0x0800b1e8   0x00000006   Code   RO         7871    i.netif_null_output_ip4  netif.o
    0x0800b1ee   0x0800b1ee   0x00000002   PAD
    0x0800b1f0   0x0800b1f0   0x00000060   Code   RO         7873    i.netif_set_addr    netif.o
    0x0800b250   0x0800b250   0x0000000c   Code   RO         7874    i.netif_set_default  netif.o
    0x0800b25c   0x0800b25c   0x000000a8   Code   RO         7875    i.netif_set_down    netif.o
    0x0800b304   0x0800b304   0x00000008   Code   RO         7878    i.netif_set_link_callback  netif.o
    0x0800b30c   0x0800b30c   0x000000ac   Code   RO         7879    i.netif_set_link_down  netif.o
    0x0800b3b8   0x0800b3b8   0x000000c0   Code   RO         7880    i.netif_set_link_up  netif.o
    0x0800b478   0x0800b478   0x000000a0   Code   RO         7882    i.netif_set_up      netif.o
    0x0800b518   0x0800b518   0x0000001a   Code   RO         4893    i.osDelay           cmsis_os2.o
    0x0800b532   0x0800b532   0x0000000e   Code   RO         4905    i.osKernelGetTickCount  cmsis_os2.o
    0x0800b540   0x0800b540   0x00000024   Code   RO         4907    i.osKernelInitialize  cmsis_os2.o
    0x0800b564   0x0800b564   0x00000038   Code   RO         4910    i.osKernelStart     cmsis_os2.o
    0x0800b59c   0x0800b59c   0x0000002a   Code   RO         4921    i.osMessageQueueDelete  cmsis_os2.o
    0x0800b5c6   0x0800b5c6   0x00000002   PAD
    0x0800b5c8   0x0800b5c8   0x00000064   Code   RO         4922    i.osMessageQueueGet  cmsis_os2.o
    0x0800b62c   0x0800b62c   0x00000014   Code   RO         4924    i.osMessageQueueGetCount  cmsis_os2.o
    0x0800b640   0x0800b640   0x00000058   Code   RO         4927    i.osMessageQueueNew  cmsis_os2.o
    0x0800b698   0x0800b698   0x00000068   Code   RO         4928    i.osMessageQueuePut  cmsis_os2.o
    0x0800b700   0x0800b700   0x00000052   Code   RO         4930    i.osMutexAcquire    cmsis_os2.o
    0x0800b752   0x0800b752   0x00000068   Code   RO         4933    i.osMutexNew        cmsis_os2.o
    0x0800b7ba   0x0800b7ba   0x00000042   Code   RO         4934    i.osMutexRelease    cmsis_os2.o
    0x0800b7fc   0x0800b7fc   0x0000005c   Code   RO         4935    i.osSemaphoreAcquire  cmsis_os2.o
    0x0800b858   0x0800b858   0x0000002a   Code   RO         4936    i.osSemaphoreDelete  cmsis_os2.o
    0x0800b882   0x0800b882   0x00000098   Code   RO         4938    i.osSemaphoreNew    cmsis_os2.o
    0x0800b91a   0x0800b91a   0x00000002   PAD
    0x0800b91c   0x0800b91c   0x00000058   Code   RO         4939    i.osSemaphoreRelease  cmsis_os2.o
    0x0800b974   0x0800b974   0x0000008a   Code   RO         4952    i.osThreadNew       cmsis_os2.o
    0x0800b9fe   0x0800b9fe   0x00000006   Code   RO         8046    i.pbuf_add_header   pbuf.o
    0x0800ba04   0x0800ba04   0x000000c0   Code   RO         8048    i.pbuf_add_header_impl  pbuf.o
    0x0800bac4   0x0800bac4   0x0000025c   Code   RO         8049    i.pbuf_alloc        pbuf.o
    0x0800bd20   0x0800bd20   0x000000b0   Code   RO         8050    i.pbuf_alloc_reference  pbuf.o
    0x0800bdd0   0x0800bdd0   0x00000036   Code   RO         8051    i.pbuf_alloced_custom  pbuf.o
    0x0800be06   0x0800be06   0x00000002   PAD
    0x0800be08   0x0800be08   0x00000130   Code   RO         8052    i.pbuf_cat          pbuf.o
    0x0800bf38   0x0800bf38   0x00000012   Code   RO         8053    i.pbuf_chain        pbuf.o
    0x0800bf4a   0x0800bf4a   0x00000012   Code   RO         8054    i.pbuf_clen         pbuf.o
    0x0800bf5c   0x0800bf5c   0x0000009c   Code   RO         8055    i.pbuf_clone        pbuf.o
    0x0800bff8   0x0800bff8   0x000001e0   Code   RO         8057    i.pbuf_copy         pbuf.o
    0x0800c1d8   0x0800c1d8   0x00000118   Code   RO         8058    i.pbuf_copy_partial  pbuf.o
    0x0800c2f0   0x0800c2f0   0x00000164   Code   RO         8060    i.pbuf_free         pbuf.o
    0x0800c454   0x0800c454   0x0000002c   Code   RO          638    i.pbuf_free_custom  ethernetif.o
    0x0800c480   0x0800c480   0x00000032   Code   RO         8061    i.pbuf_free_header  pbuf.o
    0x0800c4b2   0x0800c4b2   0x00000002   PAD
    0x0800c4b4   0x0800c4b4   0x00000034   Code   RO         8062    i.pbuf_free_ooseq_callback  pbuf.o
    0x0800c4e8   0x0800c4e8   0x00000006   Code   RO         8066    i.pbuf_header_force  pbuf.o
    0x0800c4ee   0x0800c4ee   0x0000000e   Code   RO         8067    i.pbuf_header_impl  pbuf.o
    0x0800c4fc   0x0800c4fc   0x0000001c   Code   RO         8068    i.pbuf_init_alloced_pbuf  pbuf.o
    0x0800c518   0x0800c518   0x00000134   Code   RO         8072    i.pbuf_realloc      pbuf.o
    0x0800c64c   0x0800c64c   0x0000009c   Code   RO         8073    i.pbuf_ref          pbuf.o
    0x0800c6e8   0x0800c6e8   0x000000d0   Code   RO         8074    i.pbuf_remove_header  pbuf.o
    0x0800c7b8   0x0800c7b8   0x000000f8   Code   RO         6529    i.pcb_new           api_msg.o
    0x0800c8b0   0x0800c8b0   0x000001a0   Code   RO         7641    i.plug_holes        mem.o
    0x0800ca50   0x0800ca50   0x000000d4   Code   RO         6530    i.poll_tcp          api_msg.o
    0x0800cb24   0x0800cb24   0x0000005c   Code   RO         4352    i.prvAddCurrentTaskToDelayedList  tasks.o
    0x0800cb80   0x0800cb80   0x000000d0   Code   RO         4353    i.prvAddNewTaskToReadyList  tasks.o
    0x0800cc50   0x0800cc50   0x00000058   Code   RO         4717    i.prvCheckForValidListAndQueue  timers.o
    0x0800cca8   0x0800cca8   0x00000026   Code   RO         3949    i.prvCopyDataFromQueue  queue.o
    0x0800ccce   0x0800ccce   0x0000006c   Code   RO         3950    i.prvCopyDataToQueue  queue.o
    0x0800cd3a   0x0800cd3a   0x00000034   Code   RO         4354    i.prvDeleteTCB      tasks.o
    0x0800cd6e   0x0800cd6e   0x00000002   PAD
    0x0800cd70   0x0800cd70   0x0000004c   Code   RO         5404    i.prvHeapInit       heap_4.o
    0x0800cdbc   0x0800cdbc   0x00000060   Code   RO         4355    i.prvIdleTask       tasks.o
    0x0800ce1c   0x0800ce1c   0x00000016   Code   RO         3951    i.prvInitialiseMutex  queue.o
    0x0800ce32   0x0800ce32   0x00000002   PAD
    0x0800ce34   0x0800ce34   0x00000022   Code   RO         3952    i.prvInitialiseNewQueue  queue.o
    0x0800ce56   0x0800ce56   0x00000002   PAD
    0x0800ce58   0x0800ce58   0x000000b0   Code   RO         4356    i.prvInitialiseNewTask  tasks.o
    0x0800cf08   0x0800cf08   0x0000004c   Code   RO         5405    i.prvInsertBlockIntoFreeList  heap_4.o
    0x0800cf54   0x0800cf54   0x00000038   Code   RO         4719    i.prvInsertTimerInActiveList  timers.o
    0x0800cf8c   0x0800cf8c   0x0000001c   Code   RO         3953    i.prvIsQueueEmpty   queue.o
    0x0800cfa8   0x0800cfa8   0x000000fc   Code   RO         4720    i.prvProcessReceivedCommands  timers.o
    0x0800d0a4   0x0800d0a4   0x000000c0   Code   RO         4721    i.prvProcessTimerOrBlockTask  timers.o
    0x0800d164   0x0800d164   0x00000020   Code   RO         4358    i.prvResetNextTaskUnblockTime  tasks.o
    0x0800d184   0x0800d184   0x00000028   Code   RO         4722    i.prvSampleTimeNow  timers.o
    0x0800d1ac   0x0800d1ac   0x0000006c   Code   RO         4723    i.prvSwitchTimerLists  timers.o
    0x0800d218   0x0800d218   0x00000028   Code   RO         5460    i.prvTaskExitError  port.o
    0x0800d240   0x0800d240   0x00000024   Code   RO         4724    i.prvTimerTask      timers.o
    0x0800d264   0x0800d264   0x0000006a   Code   RO         3954    i.prvUnlockQueue    queue.o
    0x0800d2ce   0x0800d2ce   0x00000002   PAD
    0x0800d2d0   0x0800d2d0   0x0000000c   Code   RO         7642    i.ptr_to_mem        mem.o
    0x0800d2dc   0x0800d2dc   0x000000dc   Code   RO         5406    i.pvPortMalloc      heap_4.o
    0x0800d3b8   0x0800d3b8   0x00000018   Code   RO         4361    i.pvTaskIncrementMutexHeldCount  tasks.o
    0x0800d3d0   0x0800d3d0   0x0000002c   Code   RO         5461    i.pxPortInitialiseStack  port.o
    0x0800d3fc   0x0800d3fc   0x00000184   Code   RO         6531    i.recv_tcp          api_msg.o
    0x0800d580   0x0800d580   0x00000164   Code   RO         6532    i.recv_udp          api_msg.o
    0x0800d6e4   0x0800d6e4   0x000000d0   Code   RO         6967    i.select_check_waiters  sockets.o
    0x0800d7b4   0x0800d7b4   0x000000d4   Code   RO         6533    i.sent_tcp          api_msg.o
    0x0800d888   0x0800d888   0x00000044   Code   RO         6534    i.setup_tcp         api_msg.o
    0x0800d8cc   0x0800d8cc   0x0000003e   Code   RO         9685    i.sys_arch_mbox_fetch  sys_arch.o
    0x0800d90a   0x0800d90a   0x00000016   Code   RO         9686    i.sys_arch_mbox_tryfetch  sys_arch.o
    0x0800d920   0x0800d920   0x00000018   Code   RO         9687    i.sys_arch_protect  sys_arch.o
    0x0800d938   0x0800d938   0x00000038   Code   RO         9688    i.sys_arch_sem_wait  sys_arch.o
    0x0800d970   0x0800d970   0x0000000c   Code   RO         9689    i.sys_arch_unprotect  sys_arch.o
    0x0800d97c   0x0800d97c   0x00000044   Code   RO         8893    i.sys_check_timeouts  timeouts.o
    0x0800d9c0   0x0800d9c0   0x00000014   Code   RO         9690    i.sys_init          sys_arch.o
    0x0800d9d4   0x0800d9d4   0x00000014   Code   RO         9691    i.sys_mbox_free     sys_arch.o
    0x0800d9e8   0x0800d9e8   0x0000001e   Code   RO         9692    i.sys_mbox_new      sys_arch.o
    0x0800da06   0x0800da06   0x00000006   Code   RO         9694    i.sys_mbox_set_invalid  sys_arch.o
    0x0800da0c   0x0800da0c   0x00000018   Code   RO         9695    i.sys_mbox_trypost  sys_arch.o
    0x0800da24   0x0800da24   0x0000000a   Code   RO         9697    i.sys_mbox_valid    sys_arch.o
    0x0800da2e   0x0800da2e   0x0000000a   Code   RO         9699    i.sys_mutex_lock    sys_arch.o
    0x0800da38   0x0800da38   0x00000018   Code   RO         9700    i.sys_mutex_new     sys_arch.o
    0x0800da50   0x0800da50   0x00000006   Code   RO         9701    i.sys_mutex_unlock  sys_arch.o
    0x0800da56   0x0800da56   0x00000004   Code   RO          639    i.sys_now           ethernetif.o
    0x0800da5a   0x0800da5a   0x00000006   Code   RO         9702    i.sys_sem_free      sys_arch.o
    0x0800da60   0x0800da60   0x00000028   Code   RO         9703    i.sys_sem_new       sys_arch.o
    0x0800da88   0x0800da88   0x00000006   Code   RO         9704    i.sys_sem_set_invalid  sys_arch.o
    0x0800da8e   0x0800da8e   0x00000006   Code   RO         9705    i.sys_sem_signal    sys_arch.o
    0x0800da94   0x0800da94   0x0000000a   Code   RO         9706    i.sys_sem_valid     sys_arch.o
    0x0800da9e   0x0800da9e   0x0000002e   Code   RO         9707    i.sys_thread_new    sys_arch.o
    0x0800dacc   0x0800dacc   0x000000c4   Code   RO         8895    i.sys_timeout       timeouts.o
    0x0800db90   0x0800db90   0x000000f8   Code   RO         8896    i.sys_timeout_abs   timeouts.o
    0x0800dc88   0x0800dc88   0x00000028   Code   RO         8897    i.sys_timeouts_init  timeouts.o
    0x0800dcb0   0x0800dcb0   0x00000028   Code   RO         8898    i.sys_timeouts_sleeptime  timeouts.o
    0x0800dcd8   0x0800dcd8   0x000001ac   Code   RO         8330    i.tcp_abandon       tcp.o
    0x0800de84   0x0800de84   0x00000006   Code   RO         8331    i.tcp_abort         tcp.o
    0x0800de8a   0x0800de8a   0x0000000e   Code   RO         8332    i.tcp_accept        tcp.o
    0x0800de98   0x0800de98   0x00000098   Code   RO         8333    i.tcp_accept_null   tcp.o
    0x0800df30   0x0800df30   0x00000124   Code   RO         8334    i.tcp_alloc         tcp.o
    0x0800e054   0x0800e054   0x00000008   Code   RO         8335    i.tcp_arg           tcp.o
    0x0800e05c   0x0800e05c   0x0000014c   Code   RO         8336    i.tcp_bind          tcp.o
    0x0800e1a8   0x0800e1a8   0x0000000c   Code   RO         8337    i.tcp_bind_netif    tcp.o
    0x0800e1b4   0x0800e1b4   0x000000a0   Code   RO         8338    i.tcp_close         tcp.o
    0x0800e254   0x0800e254   0x000001dc   Code   RO         8339    i.tcp_close_shutdown  tcp.o
    0x0800e430   0x0800e430   0x000000c4   Code   RO         8340    i.tcp_close_shutdown_fin  tcp.o
    0x0800e4f4   0x0800e4f4   0x000001e0   Code   RO         8341    i.tcp_connect       tcp.o
    0x0800e6d4   0x0800e6d4   0x00000180   Code   RO         8732    i.tcp_create_segment  tcp_out.o
    0x0800e854   0x0800e854   0x000000b8   Code   RO         8343    i.tcp_eff_send_mss_netif  tcp.o
    0x0800e90c   0x0800e90c   0x00000234   Code   RO         8733    i.tcp_enqueue_flags  tcp_out.o
    0x0800eb40   0x0800eb40   0x000000a4   Code   RO         8344    i.tcp_err           tcp.o
    0x0800ebe4   0x0800ebe4   0x0000006c   Code   RO         8345    i.tcp_fasttmr       tcp.o
    0x0800ec50   0x0800ec50   0x00000090   Code   RO         8346    i.tcp_free          tcp.o
    0x0800ece0   0x0800ece0   0x0000013c   Code   RO         8643    i.tcp_free_acked_segments  tcp_in.o
    0x0800ee1c   0x0800ee1c   0x00000014   Code   RO         8347    i.tcp_free_ooseq    tcp.o
    0x0800ee30   0x0800ee30   0x00000028   Code   RO         8644    i.tcp_get_next_optbyte  tcp_in.o
    0x0800ee58   0x0800ee58   0x00000018   Code   RO         8348    i.tcp_init          tcp.o
    0x0800ee70   0x0800ee70   0x00000650   Code   RO         8645    i.tcp_input         tcp_in.o
    0x0800f4c0   0x0800f4c0   0x000000d4   Code   RO         8646    i.tcp_input_delayed_close  tcp_in.o
    0x0800f594   0x0800f594   0x000000cc   Code   RO         8734    i.tcp_keepalive     tcp_out.o
    0x0800f660   0x0800f660   0x000000bc   Code   RO         8349    i.tcp_kill_state    tcp.o
    0x0800f71c   0x0800f71c   0x00000070   Code   RO         8350    i.tcp_listen_closed  tcp.o
    0x0800f78c   0x0800f78c   0x00000198   Code   RO         8647    i.tcp_listen_input  tcp_in.o
    0x0800f924   0x0800f924   0x00000180   Code   RO         8352    i.tcp_listen_with_backlog_and_err  tcp.o
    0x0800faa4   0x0800faa4   0x0000004c   Code   RO         8353    i.tcp_netif_ip_addr_changed  tcp.o
    0x0800faf0   0x0800faf0   0x000000c0   Code   RO         8354    i.tcp_netif_ip_addr_changed_pcblist  tcp.o
    0x0800fbb0   0x0800fbb0   0x00000006   Code   RO         8356    i.tcp_new_ip_type   tcp.o
    0x0800fbb6   0x0800fbb6   0x00000002   PAD
    0x0800fbb8   0x0800fbb8   0x00000060   Code   RO         8357    i.tcp_new_port      tcp.o
    0x0800fc18   0x0800fc18   0x00000098   Code   RO         8358    i.tcp_next_iss      tcp.o
    0x0800fcb0   0x0800fcb0   0x0000010c   Code   RO         8648    i.tcp_oos_insert_segment  tcp_in.o
    0x0800fdbc   0x0800fdbc   0x000002e0   Code   RO         8735    i.tcp_output        tcp_out.o
    0x0801009c   0x0801009c   0x000000cc   Code   RO         8736    i.tcp_output_alloc_header  tcp_out.o
    0x08010168   0x08010168   0x00000110   Code   RO         8737    i.tcp_output_alloc_header_common  tcp_out.o
    0x08010278   0x08010278   0x000000e0   Code   RO         8738    i.tcp_output_control_segment  tcp_out.o
    0x08010358   0x08010358   0x000000d8   Code   RO         8739    i.tcp_output_fill_options  tcp_out.o
    0x08010430   0x08010430   0x000001dc   Code   RO         8740    i.tcp_output_segment  tcp_out.o
    0x0801060c   0x0801060c   0x000000a8   Code   RO         8741    i.tcp_output_segment_busy  tcp_out.o
    0x080106b4   0x080106b4   0x000000fc   Code   RO         8649    i.tcp_parseopt      tcp_in.o
    0x080107b0   0x080107b0   0x00000150   Code   RO         8742    i.tcp_pbuf_prealloc  tcp_out.o
    0x08010900   0x08010900   0x000000cc   Code   RO         8359    i.tcp_pcb_purge     tcp.o
    0x080109cc   0x080109cc   0x00000190   Code   RO         8360    i.tcp_pcb_remove    tcp.o
    0x08010b5c   0x08010b5c   0x000000cc   Code   RO         8361    i.tcp_poll          tcp.o
    0x08010c28   0x08010c28   0x000004c2   Code   RO         8650    i.tcp_process       tcp_in.o
    0x080110ea   0x080110ea   0x00000002   PAD
    0x080110ec   0x080110ec   0x00000104   Code   RO         8362    i.tcp_process_refused_data  tcp.o
    0x080111f0   0x080111f0   0x00000904   Code   RO         8651    i.tcp_receive       tcp_in.o
    0x08011af4   0x08011af4   0x000000a4   Code   RO         8363    i.tcp_recv          tcp.o
    0x08011b98   0x08011b98   0x000000b0   Code   RO         8364    i.tcp_recv_null     tcp.o
    0x08011c48   0x08011c48   0x00000100   Code   RO         8365    i.tcp_recved        tcp.o
    0x08011d48   0x08011d48   0x00000058   Code   RO         8366    i.tcp_remove_listener  tcp.o
    0x08011da0   0x08011da0   0x000000ec   Code   RO         8743    i.tcp_rexmit        tcp_out.o
    0x08011e8c   0x08011e8c   0x000000e8   Code   RO         8744    i.tcp_rexmit_fast   tcp_out.o
    0x08011f74   0x08011f74   0x000000a4   Code   RO         8745    i.tcp_rexmit_rto    tcp_out.o
    0x08012018   0x08012018   0x000000ac   Code   RO         8746    i.tcp_rexmit_rto_commit  tcp_out.o
    0x080120c4   0x080120c4   0x000000f8   Code   RO         8747    i.tcp_rexmit_rto_prepare  tcp_out.o
    0x080121bc   0x080121bc   0x00000010   Code   RO         8748    i.tcp_route         tcp_out.o
    0x080121cc   0x080121cc   0x00000114   Code   RO         8749    i.tcp_rst           tcp_out.o
    0x080122e0   0x080122e0   0x000000ac   Code   RO         8367    i.tcp_seg_copy      tcp.o
    0x0801238c   0x0801238c   0x0000001c   Code   RO         8368    i.tcp_seg_free      tcp.o
    0x080123a8   0x080123a8   0x00000012   Code   RO         8369    i.tcp_segs_free     tcp.o
    0x080123ba   0x080123ba   0x00000002   PAD
    0x080123bc   0x080123bc   0x000000ec   Code   RO         8750    i.tcp_send_empty_ack  tcp_out.o
    0x080124a8   0x080124a8   0x000000cc   Code   RO         8751    i.tcp_send_fin      tcp_out.o
    0x08012574   0x08012574   0x000000a4   Code   RO         8370    i.tcp_sent          tcp.o
    0x08012618   0x08012618   0x000000dc   Code   RO         8372    i.tcp_shutdown      tcp.o
    0x080126f4   0x080126f4   0x000005d0   Code   RO         8373    i.tcp_slowtmr       tcp.o
    0x08012cc4   0x08012cc4   0x0000022c   Code   RO         8752    i.tcp_split_unsent_seg  tcp_out.o
    0x08012ef0   0x08012ef0   0x00000034   Code   RO         8900    i.tcp_timer_needed  timeouts.o
    0x08012f24   0x08012f24   0x00000100   Code   RO         8652    i.tcp_timewait_input  tcp_in.o
    0x08013024   0x08013024   0x00000020   Code   RO         8375    i.tcp_tmr           tcp.o
    0x08013044   0x08013044   0x00000010   Code   RO         8653    i.tcp_trigger_input_pcb_close  tcp_in.o
    0x08013054   0x08013054   0x000000f4   Code   RO         8377    i.tcp_update_rcv_ann_wnd  tcp.o
    0x08013148   0x08013148   0x000006b8   Code   RO         8753    i.tcp_write         tcp_out.o
    0x08013800   0x08013800   0x00000174   Code   RO         8754    i.tcp_write_checks  tcp_out.o
    0x08013974   0x08013974   0x00000140   Code   RO         8755    i.tcp_zero_window_probe  tcp_out.o
    0x08013ab4   0x08013ab4   0x00000110   Code   RO         7247    i.tcpip_init        tcpip.o
    0x08013bc4   0x08013bc4   0x000000c0   Code   RO         7248    i.tcpip_inpkt       tcpip.o
    0x08013c84   0x08013c84   0x0000001c   Code   RO         7249    i.tcpip_input       tcpip.o
    0x08013ca0   0x08013ca0   0x00000020   Code   RO         7250    i.tcpip_send_msg_wait_sem  tcpip.o
    0x08013cc0   0x08013cc0   0x00000038   Code   RO         8901    i.tcpip_tcp_timer   timeouts.o
    0x08013cf8   0x08013cf8   0x000000f8   Code   RO         7251    i.tcpip_thread      tcpip.o
    0x08013df0   0x08013df0   0x000000cc   Code   RO         7252    i.tcpip_thread_handle_msg  tcpip.o
    0x08013ebc   0x08013ebc   0x000000bc   Code   RO         7253    i.tcpip_try_callback  tcpip.o
    0x08013f78   0x08013f78   0x00000012   Code   RO         6968    i.tryget_socket     sockets.o
    0x08013f8a   0x08013f8a   0x00000002   PAD
    0x08013f8c   0x08013f8c   0x00000014   Code   RO         6970    i.tryget_socket_unconn_nouse  sockets.o
    0x08013fa0   0x08013fa0   0x00000134   Code   RO         8981    i.udp_bind          udp.o
    0x080140d4   0x080140d4   0x0000000c   Code   RO         8982    i.udp_bind_netif    udp.o
    0x080140e0   0x080140e0   0x00000100   Code   RO         8983    i.udp_connect       udp.o
    0x080141e0   0x080141e0   0x00000098   Code   RO         8984    i.udp_disconnect    udp.o
    0x08014278   0x08014278   0x00000018   Code   RO         8985    i.udp_init          udp.o
    0x08014290   0x08014290   0x000001e8   Code   RO         8986    i.udp_input         udp.o
    0x08014478   0x08014478   0x0000010c   Code   RO         8987    i.udp_input_local_match  udp.o
    0x08014584   0x08014584   0x00000034   Code   RO         8988    i.udp_netif_ip_addr_changed  udp.o
    0x080145b8   0x080145b8   0x0000001a   Code   RO         8989    i.udp_new           udp.o
    0x080145d2   0x080145d2   0x00000004   Code   RO         8990    i.udp_new_ip_type   udp.o
    0x080145d6   0x080145d6   0x00000002   PAD
    0x080145d8   0x080145d8   0x00000088   Code   RO         8991    i.udp_recv          udp.o
    0x08014660   0x08014660   0x000000b0   Code   RO         8992    i.udp_remove        udp.o
    0x08014710   0x08014710   0x000000bc   Code   RO         8993    i.udp_send          udp.o
    0x080147cc   0x080147cc   0x00000114   Code   RO         8994    i.udp_sendto        udp.o
    0x080148e0   0x080148e0   0x00000140   Code   RO         8995    i.udp_sendto_if     udp.o
    0x08014a20   0x08014a20   0x00000248   Code   RO         8996    i.udp_sendto_if_src  udp.o
    0x08014c68   0x08014c68   0x00000026   Code   RO         3909    i.uxListRemove      list.o
    0x08014c8e   0x08014c8e   0x00000024   Code   RO         3957    i.uxQueueMessagesWaiting  queue.o
    0x08014cb2   0x08014cb2   0x00000016   Code   RO         3958    i.uxQueueMessagesWaitingFromISR  queue.o
    0x08014cc8   0x08014cc8   0x00000014   Code   RO         4964    i.vApplicationGetIdleTaskMemory  cmsis_os2.o
    0x08014cdc   0x08014cdc   0x00000018   Code   RO         4965    i.vApplicationGetTimerTaskMemory  cmsis_os2.o
    0x08014cf4   0x08014cf4   0x00000016   Code   RO         3910    i.vListInitialise   list.o
    0x08014d0a   0x08014d0a   0x00000006   Code   RO         3911    i.vListInitialiseItem  list.o
    0x08014d10   0x08014d10   0x00000030   Code   RO         3912    i.vListInsert       list.o
    0x08014d40   0x08014d40   0x00000018   Code   RO         3913    i.vListInsertEnd    list.o
    0x08014d58   0x08014d58   0x00000040   Code   RO         5463    i.vPortEnterCritical  port.o
    0x08014d98   0x08014d98   0x00000028   Code   RO         5464    i.vPortExitCritical  port.o
    0x08014dc0   0x08014dc0   0x00000064   Code   RO         5407    i.vPortFree         heap_4.o
    0x08014e24   0x08014e24   0x00000024   Code   RO         5465    i.vPortSetupTimerInterrupt  port.o
    0x08014e48   0x08014e48   0x00000054   Code   RO         5466    i.vPortValidateInterruptPriority  port.o
    0x08014e9c   0x08014e9c   0x00000028   Code   RO         3960    i.vQueueAddToRegistry  queue.o
    0x08014ec4   0x08014ec4   0x0000002e   Code   RO         3961    i.vQueueDelete      queue.o
    0x08014ef2   0x08014ef2   0x00000002   PAD
    0x08014ef4   0x08014ef4   0x00000028   Code   RO         3963    i.vQueueUnregisterQueue  queue.o
    0x08014f1c   0x08014f1c   0x00000044   Code   RO         3964    i.vQueueWaitForMessageRestricted  queue.o
    0x08014f60   0x08014f60   0x0000004c   Code   RO         4371    i.vTaskDelay        tasks.o
    0x08014fac   0x08014fac   0x00000090   Code   RO         4373    i.vTaskDelete       tasks.o
    0x0801503c   0x0801503c   0x00000010   Code   RO         4376    i.vTaskInternalSetTimeOutState  tasks.o
    0x0801504c   0x0801504c   0x0000000c   Code   RO         4377    i.vTaskMissedYield  tasks.o
    0x08015058   0x08015058   0x00000030   Code   RO         4379    i.vTaskPlaceOnEventList  tasks.o
    0x08015088   0x08015088   0x00000038   Code   RO         4380    i.vTaskPlaceOnEventListRestricted  tasks.o
    0x080150c0   0x080150c0   0x00000090   Code   RO         4382    i.vTaskPriorityDisinheritAfterTimeout  tasks.o
    0x08015150   0x08015150   0x00000088   Code   RO         4388    i.vTaskStartScheduler  tasks.o
    0x080151d8   0x080151d8   0x00000010   Code   RO         4390    i.vTaskSuspendAll   tasks.o
    0x080151e8   0x080151e8   0x00000064   Code   RO         4391    i.vTaskSwitchContext  tasks.o
    0x0801524c   0x0801524c   0x000000f4   Code   RO         5467    i.xPortStartScheduler  port.o
    0x08015340   0x08015340   0x0000002c   Code   RO         5468    i.xPortSysTickHandler  port.o
    0x0801536c   0x0801536c   0x0000003a   Code   RO         3965    i.xQueueCreateCountingSemaphore  queue.o
    0x080153a6   0x080153a6   0x00000040   Code   RO         3966    i.xQueueCreateCountingSemaphoreStatic  queue.o
    0x080153e6   0x080153e6   0x00000016   Code   RO         3967    i.xQueueCreateMutex  queue.o
    0x080153fc   0x080153fc   0x0000001a   Code   RO         3968    i.xQueueCreateMutexStatic  queue.o
    0x08015416   0x08015416   0x00000042   Code   RO         3969    i.xQueueGenericCreate  queue.o
    0x08015458   0x08015458   0x00000066   Code   RO         3970    i.xQueueGenericCreateStatic  queue.o
    0x080154be   0x080154be   0x00000002   PAD
    0x080154c0   0x080154c0   0x00000088   Code   RO         3971    i.xQueueGenericReset  queue.o
    0x08015548   0x08015548   0x00000160   Code   RO         3972    i.xQueueGenericSend  queue.o
    0x080156a8   0x080156a8   0x000000be   Code   RO         3973    i.xQueueGenericSendFromISR  queue.o
    0x08015766   0x08015766   0x0000009c   Code   RO         3976    i.xQueueGiveFromISR  queue.o
    0x08015802   0x08015802   0x0000003e   Code   RO         3977    i.xQueueGiveMutexRecursive  queue.o
    0x08015840   0x08015840   0x00000138   Code   RO         3982    i.xQueueReceive     queue.o
    0x08015978   0x08015978   0x0000009a   Code   RO         3983    i.xQueueReceiveFromISR  queue.o
    0x08015a12   0x08015a12   0x00000002   PAD
    0x08015a14   0x08015a14   0x00000178   Code   RO         3984    i.xQueueSemaphoreTake  queue.o
    0x08015b8c   0x08015b8c   0x00000040   Code   RO         3985    i.xQueueTakeMutexRecursive  queue.o
    0x08015bcc   0x08015bcc   0x00000074   Code   RO         4393    i.xTaskCheckForTimeOut  tasks.o
    0x08015c40   0x08015c40   0x0000005a   Code   RO         4394    i.xTaskCreate       tasks.o
    0x08015c9a   0x08015c9a   0x00000056   Code   RO         4395    i.xTaskCreateStatic  tasks.o
    0x08015cf0   0x08015cf0   0x0000000c   Code   RO         4398    i.xTaskGetCurrentTaskHandle  tasks.o
    0x08015cfc   0x08015cfc   0x0000001c   Code   RO         4399    i.xTaskGetSchedulerState  tasks.o
    0x08015d18   0x08015d18   0x0000000c   Code   RO         4400    i.xTaskGetTickCount  tasks.o
    0x08015d24   0x08015d24   0x00000010   Code   RO         4401    i.xTaskGetTickCountFromISR  tasks.o
    0x08015d34   0x08015d34   0x000000c8   Code   RO         4402    i.xTaskIncrementTick  tasks.o
    0x08015dfc   0x08015dfc   0x00000080   Code   RO         4405    i.xTaskPriorityDisinherit  tasks.o
    0x08015e7c   0x08015e7c   0x00000078   Code   RO         4406    i.xTaskPriorityInherit  tasks.o
    0x08015ef4   0x08015ef4   0x00000070   Code   RO         4407    i.xTaskRemoveFromEventList  tasks.o
    0x08015f64   0x08015f64   0x000000c4   Code   RO         4408    i.xTaskResumeAll    tasks.o
    0x08016028   0x08016028   0x00000060   Code   RO         4733    i.xTimerCreateTimerTask  timers.o
    0x08016088   0x08016088   0x00000068   Code   RO         4734    i.xTimerGenericCommand  timers.o
    0x080160f0   0x080160f0   0x0000002c   Code   RO        10513    locale$$code        c_w.l(lc_ctype_c.o)
    0x0801611c   0x0801611c   0x0000000a   Code   RO        10606    x$fpl$fpinit        fz_wm.l(fpinit.o)
    0x08016126   0x08016126   0x00000002   PAD
    0x08016128   0x08016128   0x00000024   Data   RO          350    .constdata          freertos.o
    0x0801614c   0x0801614c   0x0000000c   Data   RO          642    .constdata          ethernetif.o
    0x08016158   0x08016158   0x00000010   Data   RO         3745    .constdata          system_stm32f4xx.o
    0x08016168   0x08016168   0x00000008   Data   RO         3746    .constdata          system_stm32f4xx.o
    0x08016170   0x08016170   0x00000006   Data   RO         6067    .constdata          ethernet.o
    0x08016176   0x08016176   0x00000006   Data   RO         6068    .constdata          ethernet.o
    0x0801617c   0x0801617c   0x00000003   Data   RO         6535    .constdata          api_msg.o
    0x0801617f   0x0801617f   0x00000001   PAD
    0x08016180   0x08016180   0x00000044   Data   RO         6720    .constdata          err.o
    0x080161c4   0x080161c4   0x0000000c   Data   RO         7733    .constdata          memp.o
    0x080161d0   0x080161d0   0x0000000c   Data   RO         7734    .constdata          memp.o
    0x080161dc   0x080161dc   0x0000000c   Data   RO         7735    .constdata          memp.o
    0x080161e8   0x080161e8   0x0000000c   Data   RO         7736    .constdata          memp.o
    0x080161f4   0x080161f4   0x0000000c   Data   RO         7737    .constdata          memp.o
    0x08016200   0x08016200   0x0000000c   Data   RO         7738    .constdata          memp.o
    0x0801620c   0x0801620c   0x0000000c   Data   RO         7739    .constdata          memp.o
    0x08016218   0x08016218   0x0000000c   Data   RO         7740    .constdata          memp.o
    0x08016224   0x08016224   0x0000000c   Data   RO         7741    .constdata          memp.o
    0x08016230   0x08016230   0x0000000c   Data   RO         7742    .constdata          memp.o
    0x0801623c   0x0801623c   0x0000000c   Data   RO         7743    .constdata          memp.o
    0x08016248   0x08016248   0x0000000c   Data   RO         7744    .constdata          memp.o
    0x08016254   0x08016254   0x0000000c   Data   RO         7745    .constdata          memp.o
    0x08016260   0x08016260   0x00000034   Data   RO         7746    .constdata          memp.o
    0x08016294   0x08016294   0x00000054   Data   RO         8378    .constdata          tcp.o
    0x080162e8   0x080162e8   0x00000018   Data   RO         8902    .constdata          timeouts.o
    0x08016300   0x08016300   0x00000004   Data   RO         9369    .constdata          ip4_addr.o
    0x08016304   0x08016304   0x00000004   Data   RO        10609    .constdata          c_w.l(sys_io.o)
    0x08016308   0x08016308   0x00000004   Data   RO        10610    .constdata          c_w.l(sys_io.o)
    0x0801630c   0x0801630c   0x00000004   Data   RO        10611    .constdata          c_w.l(sys_io.o)
    0x08016310   0x08016310   0x0000001e   Data   RO        10109    .constdata__ZZN27_GLOBAL__N__8_main_cpp_Main9TcpClient8SendLoopERNS_12SocketHandleEE7message  main_1.o
    0x0801632e   0x0801632e   0x0000001b   Data   RO        10173    .constdata__ZZN27_GLOBAL__N__8_main_cpp_Main9TcpServer10AcceptLoopERNS_12SocketHandleEEs  main_1.o
    0x08016349   0x08016349   0x0000001d   Data   RO        10174    .constdata__ZZN27_GLOBAL__N__8_main_cpp_Main9TcpServer10AcceptLoopERNS_12SocketHandleEEs_0  main_1.o
    0x08016366   0x08016366   0x00000020   Data   RO        10175    .constdata__ZZN27_GLOBAL__N__8_main_cpp_Main9TcpServer10AcceptLoopERNS_12SocketHandleEEs_1  main_1.o
    0x08016386   0x08016386   0x0000001d   Data   RO        10176    .constdata__ZZN27_GLOBAL__N__8_main_cpp_Main9TcpServer10AcceptLoopERNS_12SocketHandleEEs_2  main_1.o
    0x080163a3   0x080163a3   0x00000016   Data   RO        10167    .constdata__ZZN27_GLOBAL__N__8_main_cpp_Main9TcpServer16OpenListenSocketERNS_12SocketHandleEEs  main_1.o
    0x080163b9   0x080163b9   0x0000001d   Data   RO        10168    .constdata__ZZN27_GLOBAL__N__8_main_cpp_Main9TcpServer16OpenListenSocketERNS_12SocketHandleEEs_0  main_1.o
    0x080163d6   0x080163d6   0x0000001b   Data   RO        10169    .constdata__ZZN27_GLOBAL__N__8_main_cpp_Main9TcpServer16OpenListenSocketERNS_12SocketHandleEEs_1  main_1.o
    0x080163f1   0x080163f1   0x00000017   Data   RO        10170    .constdata__ZZN27_GLOBAL__N__8_main_cpp_Main9TcpServer16OpenListenSocketERNS_12SocketHandleEEs_2  main_1.o
    0x08016408   0x08016408   0x0000001d   Data   RO        10171    .constdata__ZZN27_GLOBAL__N__8_main_cpp_Main9TcpServer16OpenListenSocketERNS_12SocketHandleEEs_3  main_1.o
    0x08016425   0x08016425   0x00000026   Data   RO        10172    .constdata__ZZN27_GLOBAL__N__8_main_cpp_Main9TcpServer16OpenListenSocketERNS_12SocketHandleEEs_4  main_1.o
    0x0801644b   0x0801644b   0x00000001   PAD
    0x0801644c   0x0801644c   0x0000000c   Data   RO          351    .conststring        freertos.o
    0x08016458   0x08016458   0x00000075   Data   RO         8379    .conststring        tcp.o
    0x080164cd   0x080164cd   0x00000003   PAD
    0x080164d0   0x080164d0   0x00000055   Data   RO         8756    .conststring        tcp_out.o
    0x08016525   0x08016525   0x00000003   PAD
    0x08016528   0x08016528   0x00000041   Data   RO         9157    .conststring        etharp.o
    0x08016569   0x08016569   0x00000003   PAD
    0x0801656c   0x0801656c   0x0000000f   Data   RO        10110    .conststring        main_1.o
    0x0801657b   0x0801657b   0x00000001   PAD
    0x0801657c   0x0801657c   0x00000020   Data   RO        10855    Region$$Table       anon$$obj.o
    0x0801659c   0x0801659c   0x00000110   Data   RO        10512    locale$$data        c_w.l(lc_ctype_c.o)


    Execution Region RW_IRAM1 (Exec base: 0x20000000, Load base: 0x080166ac, Size: 0x000121e8, Max: 0x0001c000, ABSOLUTE, COMPRESSED[0x00000020])

    Exec Addr    Load Addr    Size         Type   Attr      Idx    E Section Name        Object

    0x20000000   COMPRESSED   0x00000004   Data   RW          352    .data               freertos.o
    0x20000004   COMPRESSED   0x00000010   Data   RW          643    .data               ethernetif.o
    0x20000014   COMPRESSED   0x00000004   Data   RW          644    .data               ethernetif.o
    0x20000018   COMPRESSED   0x00000018   Data   RW          851    .data               lwip.o
    0x20000030   COMPRESSED   0x0000000c   Data   RW         2799    .data               stm32f4xx_hal.o
    0x2000003c   COMPRESSED   0x00000004   Data   RW         3747    .data               system_stm32f4xx.o
    0x20000040   COMPRESSED   0x0000003c   Data   RW         4411    .data               tasks.o
    0x2000007c   COMPRESSED   0x00000014   Data   RW         4742    .data               timers.o
    0x20000090   COMPRESSED   0x00000004   Data   RW         4967    .data               cmsis_os2.o
    0x20000094   COMPRESSED   0x00000020   Data   RW         5413    .data               heap_4.o
    0x200000b4   COMPRESSED   0x0000000c   Data   RW         5469    .data               port.o
    0x200000c0   COMPRESSED   0x00000004   Data   RW         6972    .data               sockets.o
    0x200000c4   COMPRESSED   0x00000010   Data   RW         7254    .data               tcpip.o
    0x200000d4   COMPRESSED   0x00000010   Data   RW         7644    .data               mem.o
    0x200000e4   COMPRESSED   0x00000004   Data   RW         7747    .data               memp.o
    0x200000e8   COMPRESSED   0x00000004   Data   RW         7748    .data               memp.o
    0x200000ec   COMPRESSED   0x00000004   Data   RW         7749    .data               memp.o
    0x200000f0   COMPRESSED   0x00000004   Data   RW         7750    .data               memp.o
    0x200000f4   COMPRESSED   0x00000004   Data   RW         7751    .data               memp.o
    0x200000f8   COMPRESSED   0x00000004   Data   RW         7752    .data               memp.o
    0x200000fc   COMPRESSED   0x00000004   Data   RW         7753    .data               memp.o
    0x20000100   COMPRESSED   0x00000004   Data   RW         7754    .data               memp.o
    0x20000104   COMPRESSED   0x00000004   Data   RW         7755    .data               memp.o
    0x20000108   COMPRESSED   0x00000004   Data   RW         7756    .data               memp.o
    0x2000010c   COMPRESSED   0x00000004   Data   RW         7757    .data               memp.o
    0x20000110   COMPRESSED   0x00000004   Data   RW         7758    .data               memp.o
    0x20000114   COMPRESSED   0x00000004   Data   RW         7759    .data               memp.o
    0x20000118   COMPRESSED   0x0000000c   Data   RW         7883    .data               netif.o
    0x20000124   COMPRESSED   0x00000001   Data   RW         8081    .data               pbuf.o
    0x20000125   COMPRESSED   0x00000003   PAD
    0x20000128   COMPRESSED   0x00000020   Data   RW         8380    .data               tcp.o
    0x20000148   COMPRESSED   0x00000024   Data   RW         8655    .data               tcp_in.o
    0x2000016c   COMPRESSED   0x0000000c   Data   RW         8904    .data               timeouts.o
    0x20000178   COMPRESSED   0x00000008   Data   RW         8997    .data               udp.o
    0x20000180   COMPRESSED   0x00000001   Data   RW         9158    .data               etharp.o
    0x20000181   COMPRESSED   0x00000001   PAD
    0x20000182   COMPRESSED   0x00000002   Data   RW         9313    .data               ip4.o
    0x20000184   COMPRESSED   0x00000008   Data   RW         9440    .data               ip4_frag.o
    0x2000018c   COMPRESSED   0x00000004   Data   RW         9708    .data               sys_arch.o
    0x20000190   COMPRESSED   0x00000004   Data   RW         9709    .data               sys_arch.o
    0x20000194   COMPRESSED   0x0000000c   Data   RW        10111    .data               main_1.o
    0x200001a0   COMPRESSED   0x00000004   Data   RW        10509    .data               c_w.l(stdio_streams.o)
    0x200001a4   COMPRESSED   0x00000004   Data   RW        10510    .data               c_w.l(stdio_streams.o)
    0x200001a8   COMPRESSED   0x00000004   Data   RW        10511    .data               c_w.l(stdio_streams.o)
    0x200001ac        -       0x00000048   Zero   RW          402    .bss                tim.o
    0x200001f4        -       0x00000048   Zero   RW          449    .bss                usart.o
    0x2000023c        -       0x00000048   Zero   RW          585    .bss                stm32f4xx_hal_timebase_tim.o
    0x20000284        -       0x00004983   Zero   RW          640    .bss                ethernetif.o
    0x20004c07   COMPRESSED   0x00000001   PAD
    0x20004c08        -       0x00000248   Zero   RW          641    .bss                ethernetif.o
    0x20004e50        -       0x00000058   Zero   RW          850    .bss                lwip.o
    0x20004ea8        -       0x00000040   Zero   RW         3986    .bss                queue.o
    0x20004ee8        -       0x000004c4   Zero   RW         4410    .bss                tasks.o
    0x200053ac        -       0x00000118   Zero   RW         4741    .bss                timers.o
    0x200054c4        -       0x000006b8   Zero   RW         4966    .bss                cmsis_os2.o
    0x20005b7c        -       0x00008000   Zero   RW         5412    .bss                heap_4.o
    0x2000db7c        -       0x000000c0   Zero   RW         6971    .bss                sockets.o
    0x2000dc3c        -       0x00000018   Zero   RW         7611    .bss                ip.o
    0x2000dc54        -       0x00000653   Zero   RW         7643    .bss                mem.o
    0x2000e2a7        -       0x00000083   Zero   RW         7720    .bss                memp.o
    0x2000e32a        -       0x00000753   Zero   RW         7721    .bss                memp.o
    0x2000ea7d        -       0x00000073   Zero   RW         7722    .bss                memp.o
    0x2000eaf0        -       0x00000103   Zero   RW         7723    .bss                memp.o
    0x2000ebf3        -       0x000000a3   Zero   RW         7724    .bss                memp.o
    0x2000ec96        -       0x0000016b   Zero   RW         7725    .bss                memp.o
    0x2000ee01        -       0x00000023   Zero   RW         7726    .bss                memp.o
    0x2000ee24        -       0x00000243   Zero   RW         7727    .bss                memp.o
    0x2000f067        -       0x00000083   Zero   RW         7728    .bss                memp.o
    0x2000f0ea        -       0x00000083   Zero   RW         7729    .bss                memp.o
    0x2000f16d        -       0x00000033   Zero   RW         7730    .bss                memp.o
    0x2000f1a0        -       0x00000103   Zero   RW         7731    .bss                memp.o
    0x2000f2a3        -       0x00002603   Zero   RW         7732    .bss                memp.o
    0x200118a6   COMPRESSED   0x00000002   PAD
    0x200118a8        -       0x00000010   Zero   RW         8654    .bss                tcp_in.o
    0x200118b8        -       0x000000f0   Zero   RW         9156    .bss                etharp.o
    0x200119a8        -       0x000000e4   Zero   RW        10457    .bss                c_w.l(rand.o)
    0x20011a8c        -       0x00000054   Zero   RW        10506    .bss                c_w.l(stdio_streams.o)
    0x20011ae0        -       0x00000054   Zero   RW        10507    .bss                c_w.l(stdio_streams.o)
    0x20011b34        -       0x00000054   Zero   RW        10508    .bss                c_w.l(stdio_streams.o)
    0x20011b88        -       0x00000060   Zero   RW        10565    .bss                c_w.l(libspace.o)
    0x20011be8        -       0x00000200   Zero   RW            2    HEAP                startup_stm32f407xx.o
    0x20011de8        -       0x00000400   Zero   RW            1    STACK               startup_stm32f407xx.o


    Execution Region RW_IRAM2 (Exec base: 0x2001c000, Load base: 0x080166cc, Size: 0x00000000, Max: 0x00004000, ABSOLUTE)

    **** No section assigned to this execution region ****


==============================================================================

Image component sizes


      Code (inc. data)   RO Data    RW Data    ZI Data      Debug   Object Name

      3850       2246          0          0          0      45825   api_lib.o
      7716       3266          3          0          0      43743   api_msg.o
         0          0          0          0          0       2184   auth.o
         0          0          0          0          0       5883   bridgeif.o
      1320         40          0          4       1720      77408   cmsis_os2.o
         8          0          0          0          0       1106   def.o
        28          4         68          0          0       3667   err.o
       330          0          0          0          0       2973   eth_custom_phy_interface.o
      2936       1186         65          1        240      12815   etharp.o
       412        154         12          0          0       2726   ethernet.o
      1226        214         12         20      19403      18296   ethernetif.o
         0          0          0          0          0      19452   event_groups.o
        60         18         48          4          0       1749   freertos.o
       300         18          0          0          0       1143   gpio.o
       472         24          0         32      32768       4871   heap_4.o
       776        350          0          0          0       4434   icmp.o
         0          0          0          0          0       2110   if_api.o
        34          0          0          0          0      10111   init.o
         0          0          0          0         24       3218   ip.o
       918        184          0          2          0       5624   ip4.o
       462        120          4          0          0      12103   ip4_addr.o
      2904       1164          0          8          0      11706   ip4_frag.o
       138          0          0          0          0       3550   list.o
       354         32          0         24         88       2024   lwip.o
       252         20          0          0          0     751213   main.o
       746         92        330         12          0      28999   main_1.o
      2172       1044          0         16       1619       8093   mem.o
      1022        720        208         52      13823      12320   memp.o
       390        240          0          0          0      11427   netbuf.o
      1846       1000          0         12          0      16769   netif.o
      3466       1796          0          1          0      18137   pbuf.o
       786         82          0         12          0      11513   port.o
      2728         28          0          0         64      31949   queue.o
      4912       1700          0          4        192      45801   sockets.o
        64         26        392          0       1536        844   startup_stm32f407xx.o
       116         18          0         12          0       8730   stm32f4xx_hal.o
       158         14          0          0          0      33034   stm32f4xx_hal_cortex.o
      3024         56          0          0          0      26545   stm32f4xx_hal_eth.o
       506         46          0          0          0       2192   stm32f4xx_hal_gpio.o
       268         18          0          0          0       1206   stm32f4xx_hal_msp.o
      1408         82          0          0          0       5921   stm32f4xx_hal_rcc.o
      1922        108          0          0          0      17732   stm32f4xx_hal_tim.o
       232         28          0          0          0       3309   stm32f4xx_hal_tim_ex.o
       152         20          0          0         72       1483   stm32f4xx_hal_timebase_tim.o
       720         10          0          0          0       4856   stm32f4xx_hal_uart.o
        36         12          0          0          0       3728   stm32f4xx_it.o
         0          0          0          0          0        392   stream_buffer.o
       440         16          0          8          0      18124   sys_arch.o
        16          4         24          4          0       1127   system_stm32f4xx.o
      2544        216          0         60       1220      31594   tasks.o
      8524       4220        201         32          0      44507   tcp.o
      6910       2036          0         36         16      22659   tcp_in.o
      8536       4058         85          0          0      34954   tcp_out.o
      1164        666          0         16          0       8378   tcpip.o
       480         36          0          0         72       2664   tim.o
       760        374         24         12          0       7535   timeouts.o
       972         80          0         20        280      32151   timers.o
      3270       1802          0          8          0      15013   udp.o
       160         20          0          0         72       1722   usart.o

    ----------------------------------------------------------------------
     85048      29708       1520        416      73212    1565342   Object Totals
         0          0         32          0          0          0   (incl. Generated)
       102          0         12          4          3          0   (incl. Padding)

    ----------------------------------------------------------------------

      Code (inc. data)   RO Data    RW Data    ZI Data      Debug   Library Member Name

        90          0          0          0          0          0   __dczerorl2.o
         8          0          0          0          0         68   __main.o
       104          0          0          0          0         84   __printf.o
         0          0          0          0          0          0   __rtentry.o
        12          0          0          0          0          0   __rtentry2.o
         6          0          0          0          0          0   __rtentry4.o
        52          8          0          0          0          0   __scatter.o
        28          0          0          0          0          0   __scatter_zi.o
        28          0          0          0          0         68   _chval.o
        44          0          0          0          0        108   _printf_char.o
        48          6          0          0          0         96   _printf_char_common.o
        36          4          0          0          0         80   _printf_char_file.o
         6          0          0          0          0          0   _printf_d.o
       120         16          0          0          0         92   _printf_dec.o
       178          0          0          0          0         88   _printf_intcommon.o
         0          0          0          0          0          0   _printf_percent.o
         4          0          0          0          0          0   _printf_percent_end.o
         6          0          0          0          0          0   _printf_s.o
        82          0          0          0          0         80   _printf_str.o
       158          0          0          0          0         92   _strtoul.o
        16          0          0          0          0         68   aeabi_memset.o
        26          0          0          0          0         80   atoi.o
        10          0          0          0          0         68   defsig_exit.o
        50          0          0          0          0         88   defsig_general.o
        80         58          0          0          0         76   defsig_rtmem_inner.o
        14          0          0          0          0         80   defsig_rtmem_outer.o
        52         38          0          0          0         76   defsig_rtred_inner.o
        14          0          0          0          0         80   defsig_rtred_outer.o
        18          0          0          0          0         80   exit.o
        76          0          0          0          0         88   fclose.o
         8          0          0          0          0         68   ferror.o
       470          0          0          0          0         88   flsbuf.o
       236          4          0          0          0        128   fopen.o
        26          0          0          0          0         68   fputc.o
       248          6          0          0          0         84   fseek.o
        66          0          0          0          0         76   ftell.o
        94          0          0          0          0         80   h1_alloc.o
        52          0          0          0          0         68   h1_extend.o
        78          0          0          0          0         80   h1_free.o
        14          0          0          0          0         84   h1_init.o
         6          0          0          0          0        152   heapauxi.o
         4          0          0          0          0        136   hguard.o
         0          0          0          0          0          0   indicate_semi.o
       138          0          0          0          0        168   init_alloc.o
       312         46          0          0          0        112   initio.o
        44         10        272          0          0         76   lc_ctype_c.o
         2          0          0          0          0          0   libinit.o
        40          0          0          0          0          0   libinit2.o
         2          0          0          0          0          0   libshutdown.o
         6          0          0          0          0          0   libshutdown2.o
         8          4          0          0         96         68   libspace.o
       238          0          0          0          0        100   lludivv7m.o
         0          0          0          0          0          0   maybetermalloc1.o
        88          0          0          0          0         76   memcmp.o
        24          4          0          0          0         84   noretval__2printf.o
       112         18          0          0        228        160   rand.o
        16          4          0          0          0         76   rt_ctype_table.o
         8          4          0          0          0         68   rt_errno_addr_intlibspace.o
         8          4          0          0          0         68   rt_heap_descriptor_intlibspace.o
         8          4          0          0          0         68   rt_locale_intlibspace.o
        68          0          0          0          0         68   rt_memclr.o
        78          0          0          0          0         80   rt_memclr_w.o
       138          0          0          0          0         68   rt_memcpy_v6.o
       100          0          0          0          0         80   rt_memcpy_w.o
         2          0          0          0          0          0   rtexit.o
        10          0          0          0          0          0   rtexit2.o
        70          0          0          0          0         80   setvbuf.o
       240          6          0          0          0        156   stdio.o
         0          0          0         12        252          0   stdio_streams.o
       128          0          0          0          0         68   strcmpv7m.o
        62          0          0          0          0         76   strlen.o
       112          0          0          0          0         88   strtol.o
        12          4          0          0          0         68   sys_exit.o
       102          0         12          0          0        240   sys_io.o
        74          0          0          0          0         80   sys_stackheap_outer.o
        14          0          0          0          0         76   sys_wrch.o
         2          0          0          0          0         68   use_no_semi.o
        10          0          0          0          0        116   fpinit.o

    ----------------------------------------------------------------------
      4968        248        284         12        576       5288   Library Totals
        24          0          0          0          0          0   (incl. Padding)

    ----------------------------------------------------------------------

      Code (inc. data)   RO Data    RW Data    ZI Data      Debug   Library Name

      4934        248        284         12        576       5172   c_w.l
        10          0          0          0          0        116   fz_wm.l

    ----------------------------------------------------------------------
      4968        248        284         12        576       5288   Library Totals

    ----------------------------------------------------------------------

==============================================================================


      Code (inc. data)   RO Data    RW Data    ZI Data      Debug   

     90016      29956       1804        428      73788    1516018   Grand Totals
     90016      29956       1804         32      73788    1516018   ELF Image Totals (compressed)
     90016      29956       1804         32          0          0   ROM Totals

==============================================================================

    Total RO  Size (Code + RO Data)                91820 (  89.67kB)
    Total RW  Size (RW Data + ZI Data)             74216 (  72.48kB)
    Total ROM Size (Code + RO Data + RW Data)      91852 (  89.70kB)

==============================================================================

