Component: ARM Compiler 5.06 update 7 (build 960) Tool: armlink [4d3601]

==============================================================================

Section Cross References

    startup_stm32f407xx.o(RESET) refers to startup_stm32f407xx.o(STACK) for __initial_sp
    startup_stm32f407xx.o(RESET) refers to startup_stm32f407xx.o(.text) for Reset_Handler
    startup_stm32f407xx.o(RESET) refers to stm32f4xx_it.o(i.NMI_Handler) for NMI_Handler
    startup_stm32f407xx.o(RESET) refers to stm32f4xx_it.o(i.HardFault_Handler) for HardFault_Handler
    startup_stm32f407xx.o(RESET) refers to stm32f4xx_it.o(i.MemManage_Handler) for MemManage_Handler
    startup_stm32f407xx.o(RESET) refers to stm32f4xx_it.o(i.BusFault_Handler) for BusFault_Handler
    startup_stm32f407xx.o(RESET) refers to stm32f4xx_it.o(i.UsageFault_Handler) for UsageFault_Handler
    startup_stm32f407xx.o(RESET) refers to port.o(.emb_text) for SVC_Handler
    startup_stm32f407xx.o(RESET) refers to stm32f4xx_it.o(i.DebugMon_Handler) for DebugMon_Handler
    startup_stm32f407xx.o(RESET) refers to cmsis_os2.o(i.SysTick_Handler) for SysTick_Handler
    startup_stm32f407xx.o(RESET) refers to stm32f4xx_it.o(i.TIM6_DAC_IRQHandler) for TIM6_DAC_IRQHandler
    startup_stm32f407xx.o(RESET) refers to stm32f4xx_it.o(i.DMA2_Stream0_IRQHandler) for DMA2_Stream0_IRQHandler
    startup_stm32f407xx.o(RESET) refers to stm32f4xx_it.o(i.DMA2_Stream1_IRQHandler) for DMA2_Stream1_IRQHandler
    startup_stm32f407xx.o(RESET) refers to stm32f4xx_it.o(i.DMA2_Stream2_IRQHandler) for DMA2_Stream2_IRQHandler
    startup_stm32f407xx.o(RESET) refers to stm32f4xx_it.o(i.ETH_IRQHandler) for ETH_IRQHandler
    startup_stm32f407xx.o(.text) refers to system_stm32f4xx.o(i.SystemInit) for SystemInit
    startup_stm32f407xx.o(.text) refers to entry.o(.ARM.Collect$$$$00000000) for __main
    main.o(i.HAL_TIM_PeriodElapsedCallback) refers to stm32f4xx_hal.o(i.HAL_IncTick) for HAL_IncTick
    main.o(i.SystemClock_Config) refers to memseta.o(.text) for __aeabi_memclr4
    main.o(i.SystemClock_Config) refers to stm32f4xx_hal_rcc.o(i.HAL_RCC_OscConfig) for HAL_RCC_OscConfig
    main.o(i.SystemClock_Config) refers to stm32f4xx_hal_rcc.o(i.HAL_RCC_ClockConfig) for HAL_RCC_ClockConfig
    main.o(i.main) refers to stm32f4xx_hal.o(i.HAL_Init) for HAL_Init
    main.o(i.main) refers to main.o(i.SystemClock_Config) for SystemClock_Config
    main.o(i.main) refers to gpio.o(i.MX_GPIO_Init) for MX_GPIO_Init
    main.o(i.main) refers to dma.o(i.MX_DMA_Init) for MX_DMA_Init
    main.o(i.main) refers to usart.o(i.MX_USART1_UART_Init) for MX_USART1_UART_Init
    main.o(i.main) refers to tim.o(i.MX_TIM1_Init) for MX_TIM1_Init
    main.o(i.main) refers to adc.o(i.MX_ADC1_Init) for MX_ADC1_Init
    main.o(i.main) refers to adc.o(i.MX_ADC2_Init) for MX_ADC2_Init
    main.o(i.main) refers to adc.o(i.MX_ADC3_Init) for MX_ADC3_Init
    main.o(i.main) refers to can.o(i.MX_CAN1_Init) for MX_CAN1_Init
    main.o(i.main) refers to i2c.o(i.MX_I2C2_Init) for MX_I2C2_Init
    main.o(i.main) refers to spi.o(i.MX_SPI2_Init) for MX_SPI2_Init
    main.o(i.main) refers to tim.o(i.MX_TIM3_Init) for MX_TIM3_Init
    main.o(i.main) refers to tim.o(i.MX_TIM5_Init) for MX_TIM5_Init
    main.o(i.main) refers to usart.o(i.MX_UART4_Init) for MX_UART4_Init
    main.o(i.main) refers to usart.o(i.MX_USART3_UART_Init) for MX_USART3_UART_Init
    main.o(i.main) refers to stm32f4xx_hal_gpio.o(i.HAL_GPIO_WritePin) for HAL_GPIO_WritePin
    main.o(i.main) refers to stm32f4xx_hal.o(i.HAL_Delay) for HAL_Delay
    main.o(i.main) refers to cmsis_os2.o(i.osKernelInitialize) for osKernelInitialize
    main.o(i.main) refers to freertos.o(i.MX_FREERTOS_Init) for MX_FREERTOS_Init
    main.o(i.main) refers to cmsis_os2.o(i.osKernelStart) for osKernelStart
    gpio.o(i.MX_GPIO_Init) refers to memseta.o(.text) for __aeabi_memclr4
    gpio.o(i.MX_GPIO_Init) refers to stm32f4xx_hal_gpio.o(i.HAL_GPIO_WritePin) for HAL_GPIO_WritePin
    gpio.o(i.MX_GPIO_Init) refers to stm32f4xx_hal_gpio.o(i.HAL_GPIO_Init) for HAL_GPIO_Init
    freertos.o(i.MX_FREERTOS_Init) refers to cmsis_os2.o(i.osThreadNew) for osThreadNew
    freertos.o(i.MX_FREERTOS_Init) refers to freertos.o(.constdata) for .constdata
    freertos.o(i.MX_FREERTOS_Init) refers to freertos.o(i.StartDefaultTask) for StartDefaultTask
    freertos.o(i.MX_FREERTOS_Init) refers to freertos.o(.data) for .data
    freertos.o(i.StartDefaultTask) refers to lwip.o(i.MX_LWIP_Init) for MX_LWIP_Init
    freertos.o(i.StartDefaultTask) refers to cmsis_os2.o(i.osDelay) for osDelay
    freertos.o(.constdata) refers to freertos.o(.conststring) for .conststring
    adc.o(i.HAL_ADC_MspDeInit) refers to stm32f4xx_hal_gpio.o(i.HAL_GPIO_DeInit) for HAL_GPIO_DeInit
    adc.o(i.HAL_ADC_MspDeInit) refers to stm32f4xx_hal_dma.o(i.HAL_DMA_DeInit) for HAL_DMA_DeInit
    adc.o(i.HAL_ADC_MspInit) refers to memseta.o(.text) for __aeabi_memclr4
[...]
    mem_init                                 0x08006809   Thumb Code    76  mem.o(i.mem_init)
    mem_malloc                               0x080068d1   Thumb Code   314  mem.o(i.mem_malloc)
    mem_trim                                 0x08006b2d   Thumb Code   314  mem.o(i.mem_trim)
    memp_free                                0x08006d11   Thumb Code    34  memp.o(i.memp_free)
    memp_free_pool                           0x08006dad   Thumb Code    26  memp.o(i.memp_free_pool)
    memp_init                                0x08006e35   Thumb Code    26  memp.o(i.memp_init)
    memp_init_pool                           0x08006e55   Thumb Code    42  memp.o(i.memp_init_pool)
    memp_malloc                              0x08006e81   Thumb Code    38  memp.o(i.memp_malloc)
    memp_malloc_pool                         0x08006f25   Thumb Code    30  memp.o(i.memp_malloc_pool)
    netif_add                                0x08006fb1   Thumb Code   236  netif.o(i.netif_add)
    netif_get_by_index                       0x08007291   Thumb Code    34  netif.o(i.netif_get_by_index)
    netif_init                               0x080072b9   Thumb Code     2  netif.o(i.netif_init)
    netif_set_addr                           0x08007385   Thumb Code    90  netif.o(i.netif_set_addr)
    netif_set_default                        0x080073e5   Thumb Code     6  netif.o(i.netif_set_default)
    netif_set_down                           0x080073f1   Thumb Code    42  netif.o(i.netif_set_down)
    netif_set_link_callback                  0x08007499   Thumb Code     8  netif.o(i.netif_set_link_callback)
    netif_set_link_down                      0x080074a1   Thumb Code    42  netif.o(i.netif_set_link_down)
    netif_set_link_up                        0x0800754d   Thumb Code    64  netif.o(i.netif_set_link_up)
    netif_set_up                             0x0800760d   Thumb Code    40  netif.o(i.netif_set_up)
    osDelay                                  0x080076ad   Thumb Code    26  cmsis_os2.o(i.osDelay)
    osKernelGetTickCount                     0x080076c7   Thumb Code    14  cmsis_os2.o(i.osKernelGetTickCount)
    osKernelInitialize                       0x080076d5   Thumb Code    32  cmsis_os2.o(i.osKernelInitialize)
    osKernelStart                            0x080076f9   Thumb Code    48  cmsis_os2.o(i.osKernelStart)
    osMessageQueueGet                        0x08007731   Thumb Code    96  cmsis_os2.o(i.osMessageQueueGet)
    osMessageQueueNew                        0x08007795   Thumb Code    88  cmsis_os2.o(i.osMessageQueueNew)
    osMessageQueuePut                        0x080077ed   Thumb Code   100  cmsis_os2.o(i.osMessageQueuePut)
    osMutexAcquire                           0x08007855   Thumb Code    82  cmsis_os2.o(i.osMutexAcquire)
    osMutexNew                               0x080078a7   Thumb Code   104  cmsis_os2.o(i.osMutexNew)
    osMutexRelease                           0x0800790f   Thumb Code    66  cmsis_os2.o(i.osMutexRelease)
    osSemaphoreAcquire                       0x08007951   Thumb Code    88  cmsis_os2.o(i.osSemaphoreAcquire)
    osSemaphoreNew                           0x080079ad   Thumb Code   152  cmsis_os2.o(i.osSemaphoreNew)
    osSemaphoreRelease                       0x08007a45   Thumb Code    82  cmsis_os2.o(i.osSemaphoreRelease)
    osThreadNew                              0x08007a9d   Thumb Code   138  cmsis_os2.o(i.osThreadNew)
    pbuf_add_header                          0x08007b27   Thumb Code     6  pbuf.o(i.pbuf_add_header)
    pbuf_alloc                               0x08007bed   Thumb Code   336  pbuf.o(i.pbuf_alloc)
    pbuf_alloc_reference                     0x08007e49   Thumb Code    68  pbuf.o(i.pbuf_alloc_reference)
    pbuf_alloced_custom                      0x08007ef9   Thumb Code    54  pbuf.o(i.pbuf_alloced_custom)
    pbuf_cat                                 0x08007f31   Thumb Code    96  pbuf.o(i.pbuf_cat)
    pbuf_clen                                0x08008061   Thumb Code    18  pbuf.o(i.pbuf_clen)
    pbuf_clone                               0x08008075   Thumb Code    48  pbuf.o(i.pbuf_clone)
    pbuf_copy                                0x08008111   Thumb Code   232  pbuf.o(i.pbuf_copy)
    pbuf_copy_partial                        0x080082f1   Thumb Code   124  pbuf.o(i.pbuf_copy_partial)
    pbuf_free                                0x08008409   Thumb Code   176  pbuf.o(i.pbuf_free)
    pbuf_free_custom                         0x0800856d   Thumb Code    34  ethernetif.o(i.pbuf_free_custom)
    pbuf_header_force                        0x080085cd   Thumb Code     6  pbuf.o(i.pbuf_header_force)
    pbuf_realloc                             0x080085fd   Thumb Code   142  pbuf.o(i.pbuf_realloc)
    pbuf_ref                                 0x08008731   Thumb Code    46  pbuf.o(i.pbuf_ref)
    pbuf_remove_header                       0x080087cd   Thumb Code    74  pbuf.o(i.pbuf_remove_header)
    pvPortMalloc                             0x080091f5   Thumb Code   216  heap_4.o(i.pvPortMalloc)
    pvTaskIncrementMutexHeldCount            0x080092d1   Thumb Code    18  tasks.o(i.pvTaskIncrementMutexHeldCount)
    pxPortInitialiseStack                    0x080092e9   Thumb Code    40  port.o(i.pxPortInitialiseStack)
    sys_arch_mbox_fetch                      0x08009315   Thumb Code    62  sys_arch.o(i.sys_arch_mbox_fetch)
    sys_arch_protect                         0x08009355   Thumb Code    18  sys_arch.o(i.sys_arch_protect)
    sys_arch_unprotect                       0x0800936d   Thumb Code     8  sys_arch.o(i.sys_arch_unprotect)
    sys_check_timeouts                       0x08009379   Thumb Code    62  timeouts.o(i.sys_check_timeouts)
    sys_init                                 0x080093bd   Thumb Code    14  sys_arch.o(i.sys_init)
    sys_mbox_new                             0x080093d1   Thumb Code    30  sys_arch.o(i.sys_mbox_new)
    sys_mbox_trypost                         0x080093ef   Thumb Code    24  sys_arch.o(i.sys_mbox_trypost)
    sys_mbox_valid                           0x08009407   Thumb Code    10  sys_arch.o(i.sys_mbox_valid)
    sys_mutex_lock                           0x08009411   Thumb Code    10  sys_arch.o(i.sys_mutex_lock)
    sys_mutex_new                            0x0800941b   Thumb Code    24  sys_arch.o(i.sys_mutex_new)
    sys_mutex_unlock                         0x08009433   Thumb Code     6  sys_arch.o(i.sys_mutex_unlock)
    sys_now                                  0x08009439   Thumb Code     4  ethernetif.o(i.sys_now)
    sys_thread_new                           0x0800943d   Thumb Code    46  sys_arch.o(i.sys_thread_new)
    sys_timeout                              0x0800946d   Thumb Code    46  timeouts.o(i.sys_timeout)
    sys_timeouts_init                        0x08009629   Thumb Code    30  timeouts.o(i.sys_timeouts_init)
    sys_timeouts_sleeptime                   0x08009651   Thumb Code    34  timeouts.o(i.sys_timeouts_sleeptime)
    tcp_abandon                              0x08009679   Thumb Code   256  tcp.o(i.tcp_abandon)
    tcp_abort                                0x08009825   Thumb Code     6  tcp.o(i.tcp_abort)
    tcp_alloc                                0x0800982d   Thumb Code   280  tcp.o(i.tcp_alloc)
    tcp_close                                0x08009951   Thumb Code    48  tcp.o(i.tcp_close)
    tcp_eff_send_mss_netif                   0x08009e11   Thumb Code    54  tcp.o(i.tcp_eff_send_mss_netif)
    tcp_enqueue_flags                        0x08009ec9   Thumb Code   268  tcp_out.o(i.tcp_enqueue_flags)
    tcp_fasttmr                              0x0800a0fd   Thumb Code   102  tcp.o(i.tcp_fasttmr)
    tcp_free                                 0x0800a169   Thumb Code    34  tcp.o(i.tcp_free)
    tcp_free_ooseq                           0x0800a335   Thumb Code    20  tcp.o(i.tcp_free_ooseq)
    tcp_init                                 0x0800a371   Thumb Code    20  tcp.o(i.tcp_init)
    tcp_input                                0x0800a389   Thumb Code  1584  tcp_in.o(i.tcp_input)
    tcp_keepalive                            0x0800aaad   Thumb Code    82  tcp_out.o(i.tcp_keepalive)
    tcp_netif_ip_addr_changed                0x0800ae3d   Thumb Code    70  tcp.o(i.tcp_netif_ip_addr_changed)
    tcp_next_iss                             0x0800af49   Thumb Code    32  tcp.o(i.tcp_next_iss)
    tcp_output                               0x0800b0ed   Thumb Code   552  tcp_out.o(i.tcp_output)
    tcp_pcb_purge                            0x0800bae1   Thumb Code    88  tcp.o(i.tcp_pcb_purge)
    tcp_pcb_remove                           0x0800bbad   Thumb Code   174  tcp.o(i.tcp_pcb_remove)
    tcp_process_refused_data                 0x0800c201   Thumb Code   132  tcp.o(i.tcp_process_refused_data)
    tcp_recv_null                            0x0800cc09   Thumb Code    60  tcp.o(i.tcp_recv_null)
    tcp_recved                               0x0800ccb9   Thumb Code   104  tcp.o(i.tcp_recved)
    tcp_rexmit                               0x0800ce11   Thumb Code   118  tcp_out.o(i.tcp_rexmit)
    tcp_rexmit_fast                          0x0800cefd   Thumb Code   108  tcp_out.o(i.tcp_rexmit_fast)
    tcp_rexmit_rto                           0x0800cfe5   Thumb Code    42  tcp_out.o(i.tcp_rexmit_rto)
    tcp_rexmit_rto_commit                    0x0800d089   Thumb Code    44  tcp_out.o(i.tcp_rexmit_rto_commit)
    tcp_rexmit_rto_prepare                   0x0800d135   Thumb Code   118  tcp_out.o(i.tcp_rexmit_rto_prepare)
    tcp_rst                                  0x0800d23d   Thumb Code   128  tcp_out.o(i.tcp_rst)
    tcp_seg_copy                             0x0800d351   Thumb Code    56  tcp.o(i.tcp_seg_copy)
    tcp_seg_free                             0x0800d3fd   Thumb Code    28  tcp.o(i.tcp_seg_free)
    tcp_segs_free                            0x0800d419   Thumb Code    18  tcp.o(i.tcp_segs_free)
    tcp_send_empty_ack                       0x0800d42d   Thumb Code   110  tcp_out.o(i.tcp_send_empty_ack)
    tcp_send_fin                             0x0800d519   Thumb Code    84  tcp_out.o(i.tcp_send_fin)
    tcp_slowtmr                              0x0800d5e5   Thumb Code  1360  tcp.o(i.tcp_slowtmr)
    tcp_split_unsent_seg                     0x0800dbb5   Thumb Code   360  tcp_out.o(i.tcp_split_unsent_seg)
    tcp_timer_needed                         0x0800dde1   Thumb Code    36  timeouts.o(i.tcp_timer_needed)
    tcp_tmr                                  0x0800df15   Thumb Code    28  tcp.o(i.tcp_tmr)
    tcp_trigger_input_pcb_close              0x0800df35   Thumb Code    12  tcp_in.o(i.tcp_trigger_input_pcb_close)
    tcp_update_rcv_ann_wnd                   0x0800df45   Thumb Code    92  tcp.o(i.tcp_update_rcv_ann_wnd)
    tcp_zero_window_probe                    0x0800e039   Thumb Code   190  tcp_out.o(i.tcp_zero_window_probe)
    tcpip_init                               0x0800e179   Thumb Code    88  tcpip.o(i.tcpip_init)
    tcpip_inpkt                              0x0800e289   Thumb Code    82  tcpip.o(i.tcpip_inpkt)
    tcpip_input                              0x0800e349   Thumb Code    20  tcpip.o(i.tcpip_input)
    tcpip_try_callback                       0x0800e561   Thumb Code    78  tcpip.o(i.tcpip_try_callback)
    udp_init                                 0x0800e61d   Thumb Code    20  udp.o(i.udp_init)
    udp_input                                0x0800e635   Thumb Code   310  udp.o(i.udp_input)
    udp_netif_ip_addr_changed                0x0800e929   Thumb Code    48  udp.o(i.udp_netif_ip_addr_changed)
    uxListRemove                             0x0800e95d   Thumb Code    38  list.o(i.uxListRemove)
    vApplicationGetIdleTaskMemory            0x0800e985   Thumb Code    16  cmsis_os2.o(i.vApplicationGetIdleTaskMemory)
    vApplicationGetTimerTaskMemory           0x0800e999   Thumb Code    18  cmsis_os2.o(i.vApplicationGetTimerTaskMemory)
    vListInitialise                          0x0800e9b1   Thumb Code    22  list.o(i.vListInitialise)
    vListInitialiseItem                      0x0800e9c7   Thumb Code     6  list.o(i.vListInitialiseItem)
    vListInsert                              0x0800e9cd   Thumb Code    48  list.o(i.vListInsert)
    vListInsertEnd                           0x0800e9fd   Thumb Code    24  list.o(i.vListInsertEnd)
    vPortEnterCritical                       0x0800ea15   Thumb Code    54  port.o(i.vPortEnterCritical)
    vPortExitCritical                        0x0800ea55   Thumb Code    34  port.o(i.vPortExitCritical)
    vPortFree                                0x0800ea7d   Thumb Code    94  heap_4.o(i.vPortFree)
    vPortSetupTimerInterrupt                 0x0800eae1   Thumb Code    32  port.o(i.vPortSetupTimerInterrupt)
    vPortValidateInterruptPriority           0x0800eb05   Thumb Code    74  port.o(i.vPortValidateInterruptPriority)
    vQueueAddToRegistry                      0x0800eb59   Thumb Code    34  queue.o(i.vQueueAddToRegistry)
    vQueueDelete                             0x0800eb81   Thumb Code    46  queue.o(i.vQueueDelete)
    vQueueUnregisterQueue                    0x0800ebb1   Thumb Code    36  queue.o(i.vQueueUnregisterQueue)
    vQueueWaitForMessageRestricted           0x0800ebd9   Thumb Code    68  queue.o(i.vQueueWaitForMessageRestricted)
    vTaskDelay                               0x0800ec1d   Thumb Code    66  tasks.o(i.vTaskDelay)
    vTaskInternalSetTimeOutState             0x0800ec69   Thumb Code    12  tasks.o(i.vTaskInternalSetTimeOutState)
    vTaskMissedYield                         0x0800ec79   Thumb Code     8  tasks.o(i.vTaskMissedYield)
    vTaskPlaceOnEventList                    0x0800ec85   Thumb Code    44  tasks.o(i.vTaskPlaceOnEventList)
    vTaskPlaceOnEventListRestricted          0x0800ecb5   Thumb Code    52  tasks.o(i.vTaskPlaceOnEventListRestricted)
    vTaskPriorityDisinheritAfterTimeout      0x0800eced   Thumb Code   134  tasks.o(i.vTaskPriorityDisinheritAfterTimeout)
    vTaskStartScheduler                      0x0800ed7d   Thumb Code   118  tasks.o(i.vTaskStartScheduler)
    vTaskSuspendAll                          0x0800ee05   Thumb Code    10  tasks.o(i.vTaskSuspendAll)
    vTaskSwitchContext                       0x0800ee15   Thumb Code    90  tasks.o(i.vTaskSwitchContext)
    xPortStartScheduler                      0x0800ee79   Thumb Code   222  port.o(i.xPortStartScheduler)
    xPortSysTickHandler                      0x0800ef6d   Thumb Code    38  port.o(i.xPortSysTickHandler)
    xQueueCreateCountingSemaphore            0x0800ef99   Thumb Code    58  queue.o(i.xQueueCreateCountingSemaphore)
    xQueueCreateCountingSemaphoreStatic      0x0800efd3   Thumb Code    64  queue.o(i.xQueueCreateCountingSemaphoreStatic)
    xQueueCreateMutex                        0x0800f013   Thumb Code    22  queue.o(i.xQueueCreateMutex)
    xQueueCreateMutexStatic                  0x0800f029   Thumb Code    26  queue.o(i.xQueueCreateMutexStatic)
    xQueueGenericCreate                      0x0800f043   Thumb Code    66  queue.o(i.xQueueGenericCreate)
    xQueueGenericCreateStatic                0x0800f085   Thumb Code   102  queue.o(i.xQueueGenericCreateStatic)
    xQueueGenericReset                       0x0800f0ed   Thumb Code   132  queue.o(i.xQueueGenericReset)
    xQueueGenericSend                        0x0800f175   Thumb Code   346  queue.o(i.xQueueGenericSend)
    xQueueGenericSendFromISR                 0x0800f2d5   Thumb Code   190  queue.o(i.xQueueGenericSendFromISR)
    xQueueGiveFromISR                        0x0800f393   Thumb Code   156  queue.o(i.xQueueGiveFromISR)
    xQueueGiveMutexRecursive                 0x0800f42f   Thumb Code    62  queue.o(i.xQueueGiveMutexRecursive)
    xQueueReceive                            0x0800f46d   Thumb Code   308  queue.o(i.xQueueReceive)
    xQueueReceiveFromISR                     0x0800f5a5   Thumb Code   154  queue.o(i.xQueueReceiveFromISR)
    xQueueSemaphoreTake                      0x0800f641   Thumb Code   372  queue.o(i.xQueueSemaphoreTake)
    xQueueTakeMutexRecursive                 0x0800f7b9   Thumb Code    64  queue.o(i.xQueueTakeMutexRecursive)
    xTaskCheckForTimeOut                     0x0800f7f9   Thumb Code   112  tasks.o(i.xTaskCheckForTimeOut)
    xTaskCreate                              0x0800f86d   Thumb Code    90  tasks.o(i.xTaskCreate)
    xTaskCreateStatic                        0x0800f8c7   Thumb Code    86  tasks.o(i.xTaskCreateStatic)
    xTaskGetCurrentTaskHandle                0x0800f91d   Thumb Code     6  tasks.o(i.xTaskGetCurrentTaskHandle)
    xTaskGetSchedulerState                   0x0800f929   Thumb Code    22  tasks.o(i.xTaskGetSchedulerState)
    xTaskGetTickCount                        0x0800f945   Thumb Code     6  tasks.o(i.xTaskGetTickCount)
    xTaskGetTickCountFromISR                 0x0800f951   Thumb Code    12  tasks.o(i.xTaskGetTickCountFromISR)
    xTaskIncrementTick                       0x0800f961   Thumb Code   192  tasks.o(i.xTaskIncrementTick)
    xTaskPriorityDisinherit                  0x0800fa29   Thumb Code   118  tasks.o(i.xTaskPriorityDisinherit)
    xTaskPriorityInherit                     0x0800faa9   Thumb Code   112  tasks.o(i.xTaskPriorityInherit)
    xTaskRemoveFromEventList                 0x0800fb21   Thumb Code    98  tasks.o(i.xTaskRemoveFromEventList)
    xTaskResumeAll                           0x0800fb91   Thumb Code   182  tasks.o(i.xTaskResumeAll)
    xTimerCreateTimerTask                    0x0800fc55   Thumb Code    78  timers.o(i.xTimerCreateTimerTask)
    xTimerGenericCommand                     0x0800fcb5   Thumb Code    98  timers.o(i.xTimerGenericCommand)
    defaultTask_attributes                   0x0800fd1c   Data          36  freertos.o(.constdata)
    memp_RX_POOL                             0x0800fd40   Data          12  ethernetif.o(.constdata)
    AHBPrescTable                            0x0800fd54   Data          16  system_stm32f4xx.o(.constdata)
    APBPrescTable                            0x0800fd64   Data           8  system_stm32f4xx.o(.constdata)
    ethbroadcast                             0x0800fd6c   Data           6  ethernet.o(.constdata)
    ethzero                                  0x0800fd72   Data           6  ethernet.o(.constdata)
    memp_UDP_PCB                             0x0800fd78   Data          12  memp.o(.constdata)
    memp_TCP_PCB                             0x0800fd84   Data          12  memp.o(.constdata)
    memp_TCP_PCB_LISTEN                      0x0800fd90   Data          12  memp.o(.constdata)
    memp_TCP_SEG                             0x0800fd9c   Data          12  memp.o(.constdata)
    memp_REASSDATA                           0x0800fda8   Data          12  memp.o(.constdata)
    memp_FRAG_PBUF                           0x0800fdb4   Data          12  memp.o(.constdata)
    memp_NETBUF                              0x0800fdc0   Data          12  memp.o(.constdata)
    memp_NETCONN                             0x0800fdcc   Data          12  memp.o(.constdata)
    memp_TCPIP_MSG_API                       0x0800fdd8   Data          12  memp.o(.constdata)
    memp_TCPIP_MSG_INPKT                     0x0800fde4   Data          12  memp.o(.constdata)
    memp_SYS_TIMEOUT                         0x0800fdf0   Data          12  memp.o(.constdata)
    memp_PBUF                                0x0800fdfc   Data          12  memp.o(.constdata)
    memp_PBUF_POOL                           0x0800fe08   Data          12  memp.o(.constdata)
    memp_pools                               0x0800fe14   Data          52  memp.o(.constdata)
    tcp_pcb_lists                            0x0800fe8c   Data          16  tcp.o(.constdata)
    lwip_cyclic_timers                       0x0800fe9c   Data          24  timeouts.o(.constdata)
    ip_addr_any                              0x0800feb4   Data           4  ip4_addr.o(.constdata)
    Region$$Table$$Base                      0x0800ffd8   Number         0  anon$$obj.o(Region$$Table)
    Region$$Table$$Limit                     0x0800fff8   Number         0  anon$$obj.o(Region$$Table)
    defaultTaskHandle                        0x20000000   Data           4  freertos.o(.data)
    RxPktSemaphore                           0x2000000c   Data           4  ethernetif.o(.data)
    TxPktSemaphore                           0x20000010   Data           4  ethernetif.o(.data)
    ipaddr                                   0x20000018   Data           4  lwip.o(.data)
    netmask                                  0x2000001c   Data           4  lwip.o(.data)
    gw                                       0x20000020   Data           4  lwip.o(.data)
    IP_ADDRESS                               0x20000024   Data           4  lwip.o(.data)
    NETMASK_ADDRESS                          0x20000028   Data           4  lwip.o(.data)
    GATEWAY_ADDRESS                          0x2000002c   Data           4  lwip.o(.data)
    uwTickFreq                               0x20000030   Data           1  stm32f4xx_hal.o(.data)
    uwTickPrio                               0x20000034   Data           4  stm32f4xx_hal.o(.data)
    uwTick                                   0x20000038   Data           4  stm32f4xx_hal.o(.data)
    SystemCoreClock                          0x2000003c   Data           4  system_stm32f4xx.o(.data)
    pxCurrentTCB                             0x20000040   Data           4  tasks.o(.data)
    lock_tcpip_core                          0x200000cc   Data           4  tcpip.o(.data)
    netif_list                               0x20000118   Data           4  netif.o(.data)
    netif_default                            0x2000011c   Data           4  netif.o(.data)
    pbuf_free_ooseq_pending                  0x20000120   Data           1  pbuf.o(.data)
    tcp_active_pcbs_changed                  0x20000124   Data           1  tcp.o(.data)
    tcp_ticks                                0x20000130   Data           4  tcp.o(.data)
    tcp_bound_pcbs                           0x20000134   Data           4  tcp.o(.data)
    tcp_listen_pcbs                          0x20000138   Data           4  tcp.o(.data)
    tcp_active_pcbs                          0x2000013c   Data           4  tcp.o(.data)
    tcp_tw_pcbs                              0x20000140   Data           4  tcp.o(.data)
    tcp_input_pcb                            0x20000164   Data           4  tcp_in.o(.data)
    udp_pcbs                                 0x20000178   Data           4  udp.o(.data)
    lwip_sys_mutex                           0x20000188   Data           4  sys_arch.o(.data)
    __stdout                                 0x20000190   Data           4  stdout.o(.data)
    hadc1                                    0x20000194   Data          72  adc.o(.bss)
    hadc2                                    0x200001dc   Data          72  adc.o(.bss)
    hadc3                                    0x20000224   Data          72  adc.o(.bss)
    hdma_adc1                                0x2000026c   Data          96  adc.o(.bss)
    hdma_adc2                                0x200002cc   Data          96  adc.o(.bss)
    hdma_adc3                                0x2000032c   Data          96  adc.o(.bss)
    hcan1                                    0x2000038c   Data          40  can.o(.bss)
    hi2c2                                    0x200003b4   Data          84  i2c.o(.bss)
    hspi2                                    0x20000408   Data          88  spi.o(.bss)
    htim1                                    0x20000460   Data          72  tim.o(.bss)
    htim3                                    0x200004a8   Data          72  tim.o(.bss)
    htim5                                    0x200004f0   Data          72  tim.o(.bss)
    huart4                                   0x20000538   Data          72  usart.o(.bss)
    huart1                                   0x20000580   Data          72  usart.o(.bss)
    huart3                                   0x200005c8   Data          72  usart.o(.bss)
    htim6                                    0x20000610   Data          72  stm32f4xx_hal_timebase_tim.o(.bss)
    memp_memory_RX_POOL_base                 0x20000658   Data       18819  ethernetif.o(.bss)
    DMARxDscrTab                             0x20004fdc   Data         160  ethernetif.o(.bss)
    DMATxDscrTab                             0x2000507c   Data         160  ethernetif.o(.bss)
    heth                                     0x2000513c   Data         176  ethernetif.o(.bss)
    TxConfig                                 0x200051ec   Data          56  ethernetif.o(.bss)
    gnetif                                   0x20005224   Data          52  lwip.o(.bss)
    attributes                               0x20005258   Data          36  lwip.o(.bss)
    xQueueRegistry                           0x2000527c   Data          64  queue.o(.bss)
    ip_data                                  0x20009b50   Data          24  ip.o(.bss)
    ram_heap                                 0x20009b68   Data        1619  mem.o(.bss)
    memp_memory_UDP_PCB_base                 0x2000a1bb   Data         131  memp.o(.bss)
    memp_memory_TCP_PCB_base                 0x2000a23e   Data         783  memp.o(.bss)
    memp_memory_TCP_PCB_LISTEN_base          0x2000a54d   Data         227  memp.o(.bss)
    memp_memory_TCP_SEG_base                 0x2000a630   Data         259  memp.o(.bss)
    memp_memory_REASSDATA_base               0x2000a733   Data         163  memp.o(.bss)
    memp_memory_FRAG_PBUF_base               0x2000a7d6   Data         363  memp.o(.bss)
    memp_memory_NETBUF_base                  0x2000a941   Data          35  memp.o(.bss)
    memp_memory_NETCONN_base                 0x2000a964   Data         163  memp.o(.bss)
    memp_memory_TCPIP_MSG_API_base           0x2000aa07   Data         131  memp.o(.bss)
    memp_memory_TCPIP_MSG_INPKT_base         0x2000aa8a   Data         131  memp.o(.bss)
    memp_memory_SYS_TIMEOUT_base             0x2000ab0d   Data          51  memp.o(.bss)
    memp_memory_PBUF_base                    0x2000ab40   Data         259  memp.o(.bss)
    memp_memory_PBUF_POOL_base               0x2000ac43   Data        9731  memp.o(.bss)
    __initial_sp                             0x2000d748   Data           0  startup_stm32f407xx.o(STACK)



==============================================================================

Memory Map of the image

  Image Entry point : 0x08000189

  Load Region LR_IROM1 (Base: 0x08000000, Size: 0x0001018c, Max: 0x00100000, ABSOLUTE, COMPRESSED[0x00010014])

    Execution Region ER_IROM1 (Exec base: 0x08000000, Load base: 0x08000000, Size: 0x0000fff8, Max: 0x00100000, ABSOLUTE)

    Exec Addr    Load Addr    Size         Type   Attr      Idx    E Section Name        Object

    0x08000000   0x08000000   0x00000188   Data   RO            3    RESET               startup_stm32f407xx.o
    0x08000188   0x08000188   0x00000000   Code   RO        11687  * .ARM.Collect$$$$00000000  mc_w.l(entry.o)
    0x08000188   0x08000188   0x00000004   Code   RO        12004    .ARM.Collect$$$$00000001  mc_w.l(entry2.o)
    0x0800018c   0x0800018c   0x00000004   Code   RO        12007    .ARM.Collect$$$$00000004  mc_w.l(entry5.o)
    0x08000190   0x08000190   0x00000000   Code   RO        12009    .ARM.Collect$$$$00000008  mc_w.l(entry7b.o)
    0x08000190   0x08000190   0x00000000   Code   RO        12011    .ARM.Collect$$$$0000000A  mc_w.l(entry8b.o)
    0x08000190   0x08000190   0x00000008   Code   RO        12012    .ARM.Collect$$$$0000000B  mc_w.l(entry9a.o)
    0x08000198   0x08000198   0x00000004   Code   RO        12019    .ARM.Collect$$$$0000000E  mc_w.l(entry12b.o)
    0x0800019c   0x0800019c   0x00000000   Code   RO        12014    .ARM.Collect$$$$0000000F  mc_w.l(entry10a.o)
    0x0800019c   0x0800019c   0x00000000   Code   RO        12016    .ARM.Collect$$$$00000011  mc_w.l(entry11a.o)
    0x0800019c   0x0800019c   0x00000004   Code   RO        12005    .ARM.Collect$$$$00002712  mc_w.l(entry2.o)
    0x080001a0   0x080001a0   0x000000be   Code   RO         7060    .emb_text           port.o
    0x0800025e   0x0800025e   0x00000002   PAD
    0x08000260   0x08000260   0x00000024   Code   RO            4    .text               startup_stm32f407xx.o
    0x08000284   0x08000284   0x00000062   Code   RO        11690    .text               mc_w.l(uldiv.o)
    0x080002e6   0x080002e6   0x00000002   PAD
    0x080002e8   0x080002e8   0x00000024   Code   RO        11720    .text               mc_w.l(rand.o)
    0x0800030c   0x0800030c   0x00000040   Code   RO        11725    .text               mc_w.l(memmovea.o)
    0x0800034c   0x0800034c   0x00000024   Code   RO        11729    .text               mc_w.l(memseta.o)
    0x08000370   0x08000370   0x0000001a   Code   RO        11733    .text               mc_w.l(memcmp.o)
    0x0800038a   0x0800038a   0x0000002c   Code   RO        12023    .text               mc_w.l(uidiv.o)
    0x080003b6   0x080003b6   0x0000001e   Code   RO        12025    .text               mc_w.l(llshl.o)
    0x080003d4   0x080003d4   0x00000020   Code   RO        12027    .text               mc_w.l(llushr.o)
    0x080003f4   0x080003f4   0x00000024   Code   RO        12049    .text               mc_w.l(init.o)
    0x08000418   0x08000418   0x00000000   Code   RO        12051    .text               mc_w.l(semi.o)
    0x08000418   0x08000418   0x00000000   Code   RO        12056    .text               mc_w.l(iusesemip.o)
    0x08000418   0x08000418   0x0000003a   Code   RO        12069    .text               mc_w.l(__dczerorl.o)
    0x08000452   0x08000452   0x00000002   PAD
    0x08000454   0x08000454   0x00000128   Code   RO         3698    i.ADC_Init          stm32f4xx_hal_adc.o
    0x0800057c   0x0800057c   0x00000002   Code   RO          773    i.BusFault_Handler  stm32f4xx_it.o
    0x0800057e   0x0800057e   0x00000002   PAD
    0x08000580   0x08000580   0x0000000c   Code   RO          774    i.DMA2_Stream0_IRQHandler  stm32f4xx_it.o
    0x0800058c   0x0800058c   0x0000000c   Code   RO          775    i.DMA2_Stream1_IRQHandler  stm32f4xx_it.o
    0x08000598   0x08000598   0x0000000c   Code   RO          776    i.DMA2_Stream2_IRQHandler  stm32f4xx_it.o
    0x080005a4   0x080005a4   0x00000028   Code   RO         2654    i.DMA_CalcBaseAndBitshift  stm32f4xx_hal_dma.o
    0x080005cc   0x080005cc   0x00000054   Code   RO         2655    i.DMA_CheckFifoParam  stm32f4xx_hal_dma.o
    0x08000620   0x08000620   0x00000002   Code   RO          777    i.DebugMon_Handler  stm32f4xx_it.o
    0x08000622   0x08000622   0x00000002   PAD
    0x08000624   0x08000624   0x0000006a   Code   RO         3345    i.ETH_DMARxDescListInit  stm32f4xx_hal_eth.o
    0x0800068e   0x0800068e   0x0000002e   Code   RO         3346    i.ETH_FlushTransmitFIFO  stm32f4xx_hal_eth.o
    0x080006bc   0x080006bc   0x0000000c   Code   RO          778    i.ETH_IRQHandler    stm32f4xx_it.o
    0x080006c8   0x080006c8   0x0000009e   Code   RO         3347    i.ETH_MACDMAConfig  stm32f4xx_hal_eth.o
    0x08000766   0x08000766   0x00000004   Code   RO          936    i.ETH_PHY_IO_DeInit  ethernetif.o
    0x0800076a   0x0800076a   0x00000004   Code   RO          937    i.ETH_PHY_IO_GetTick  ethernetif.o
    0x0800076e   0x0800076e   0x00000004   Code   RO          938    i.ETH_PHY_IO_Init   ethernetif.o
    0x08000772   0x08000772   0x00000002   PAD
    0x08000774   0x08000774   0x0000001c   Code   RO          939    i.ETH_PHY_IO_ReadReg  ethernetif.o
    0x08000790   0x08000790   0x0000001c   Code   RO          940    i.ETH_PHY_IO_WriteReg  ethernetif.o
    0x080007ac   0x080007ac   0x0000017c   Code   RO         3348    i.ETH_Prepare_Tx_Descriptors  stm32f4xx_hal_eth.o
    0x08000928   0x08000928   0x000000c0   Code   RO         3349    i.ETH_SetDMAConfig  stm32f4xx_hal_eth.o
    0x080009e8   0x080009e8   0x00000100   Code   RO         3350    i.ETH_SetMACConfig  stm32f4xx_hal_eth.o
    0x08000ae8   0x08000ae8   0x0000009c   Code   RO         3351    i.ETH_UpdateDescriptor  stm32f4xx_hal_eth.o
    0x08000b84   0x08000b84   0x00000004   Code   RO           13    i.Error_Handler     main.o
    0x08000b88   0x08000b88   0x0000014c   Code   RO         3700    i.HAL_ADC_ConfigChannel  stm32f4xx_hal_adc.o
    0x08000cd4   0x08000cd4   0x00000054   Code   RO         3709    i.HAL_ADC_Init      stm32f4xx_hal_adc.o
    0x08000d28   0x08000d28   0x00000188   Code   RO          432    i.HAL_ADC_MspInit   adc.o
    0x08000eb0   0x08000eb0   0x0000011a   Code   RO         3984    i.HAL_CAN_Init      stm32f4xx_hal_can.o
    0x08000fca   0x08000fca   0x00000002   PAD
    0x08000fcc   0x08000fcc   0x00000094   Code   RO          486    i.HAL_CAN_MspInit   can.o
    0x08001060   0x08001060   0x000001a0   Code   RO         2662    i.HAL_DMA_IRQHandler  stm32f4xx_hal_dma.o
    0x08001200   0x08001200   0x000000d4   Code   RO         2663    i.HAL_DMA_Init      stm32f4xx_hal_dma.o
    0x080012d4   0x080012d4   0x00000024   Code   RO         3094    i.HAL_Delay         stm32f4xx_hal.o
    0x080012f8   0x080012f8   0x0000001c   Code   RO          941    i.HAL_ETH_ErrorCallback  ethernetif.o
    0x08001314   0x08001314   0x00000006   Code   RO         3357    i.HAL_ETH_GetDMAError  stm32f4xx_hal_eth.o
    0x0800131a   0x0800131a   0x00000006   Code   RO         3358    i.HAL_ETH_GetError  stm32f4xx_hal_eth.o
    0x08001320   0x08001320   0x000000ea   Code   RO         3359    i.HAL_ETH_GetMACConfig  stm32f4xx_hal_eth.o
    0x0800140a   0x0800140a   0x00000002   PAD
    0x0800140c   0x0800140c   0x000000d8   Code   RO         3366    i.HAL_ETH_IRQHandler  stm32f4xx_hal_eth.o
    0x080014e4   0x080014e4   0x00000144   Code   RO         3367    i.HAL_ETH_Init      stm32f4xx_hal_eth.o
    0x08001628   0x08001628   0x000000d8   Code   RO          862    i.HAL_ETH_MspInit   stm32f4xx_hal_msp.o
    0x08001700   0x08001700   0x00000002   Code   RO         3370    i.HAL_ETH_PMTCallback  stm32f4xx_hal_eth.o
    0x08001702   0x08001702   0x000000e4   Code   RO         3371    i.HAL_ETH_ReadData  stm32f4xx_hal_eth.o
    0x080017e6   0x080017e6   0x00000002   PAD
    0x080017e8   0x080017e8   0x00000062   Code   RO         3372    i.HAL_ETH_ReadPHYRegister  stm32f4xx_hal_eth.o
    0x0800184a   0x0800184a   0x00000002   PAD
    0x0800184c   0x0800184c   0x0000005c   Code   RO         3376    i.HAL_ETH_ReleaseTxPacket  stm32f4xx_hal_eth.o
    0x080018a8   0x080018a8   0x00000048   Code   RO          942    i.HAL_ETH_RxAllocateCallback  ethernetif.o
    0x080018f0   0x080018f0   0x0000000c   Code   RO          943    i.HAL_ETH_RxCpltCallback  ethernetif.o
    0x080018fc   0x080018fc   0x0000002a   Code   RO          944    i.HAL_ETH_RxLinkCallback  ethernetif.o
    0x08001926   0x08001926   0x00000018   Code   RO         3382    i.HAL_ETH_SetMACConfig  stm32f4xx_hal_eth.o
    0x0800193e   0x0800193e   0x00000002   PAD
    0x08001940   0x08001940   0x00000094   Code   RO         3389    i.HAL_ETH_Start_IT  stm32f4xx_hal_eth.o
    0x080019d4   0x080019d4   0x000000a0   Code   RO         3391    i.HAL_ETH_Stop_IT   stm32f4xx_hal_eth.o
    0x08001a74   0x08001a74   0x00000066   Code   RO         3393    i.HAL_ETH_Transmit_IT  stm32f4xx_hal_eth.o
    0x08001ada   0x08001ada   0x00000002   PAD
    0x08001adc   0x08001adc   0x0000000c   Code   RO          945    i.HAL_ETH_TxCpltCallback  ethernetif.o
    0x08001ae8   0x08001ae8   0x00000004   Code   RO          946    i.HAL_ETH_TxFreeCallback  ethernetif.o
    0x08001aec   0x08001aec   0x00000002   Code   RO         3399    i.HAL_ETH_WakeUpCallback  stm32f4xx_hal_eth.o
    0x08001aee   0x08001aee   0x00000002   PAD
    0x08001af0   0x08001af0   0x00000056   Code   RO         3400    i.HAL_ETH_WritePHYRegister  stm32f4xx_hal_eth.o
    0x08001b46   0x08001b46   0x00000002   PAD
    0x08001b48   0x08001b48   0x000001f0   Code   RO         2550    i.HAL_GPIO_Init     stm32f4xx_hal_gpio.o
    0x08001d38   0x08001d38   0x0000000a   Code   RO         2554    i.HAL_GPIO_WritePin  stm32f4xx_hal_gpio.o
    0x08001d42   0x08001d42   0x00000002   PAD
    0x08001d44   0x08001d44   0x0000000c   Code   RO         3100    i.HAL_GetTick       stm32f4xx_hal.o
    0x08001d50   0x08001d50   0x00000188   Code   RO         4215    i.HAL_I2C_Init      stm32f4xx_hal_i2c.o
    0x08001ed8   0x08001ed8   0x00000068   Code   RO          552    i.HAL_I2C_MspInit   i2c.o
    0x08001f40   0x08001f40   0x00000010   Code   RO         3106    i.HAL_IncTick       stm32f4xx_hal.o
    0x08001f50   0x08001f50   0x00000034   Code   RO         3107    i.HAL_Init          stm32f4xx_hal.o
    0x08001f84   0x08001f84   0x00000098   Code   RO          897    i.HAL_InitTick      stm32f4xx_hal_timebase_tim.o
    0x0800201c   0x0800201c   0x00000038   Code   RO          863    i.HAL_MspInit       stm32f4xx_hal_msp.o
    0x08002054   0x08002054   0x0000001a   Code   RO         2942    i.HAL_NVIC_EnableIRQ  stm32f4xx_hal_cortex.o
    0x0800206e   0x0800206e   0x00000002   PAD
    0x08002070   0x08002070   0x00000040   Code   RO         2948    i.HAL_NVIC_SetPriority  stm32f4xx_hal_cortex.o
    0x080020b0   0x080020b0   0x00000024   Code   RO         2949    i.HAL_NVIC_SetPriorityGrouping  stm32f4xx_hal_cortex.o
    0x080020d4   0x080020d4   0x00000134   Code   RO         2196    i.HAL_RCC_ClockConfig  stm32f4xx_hal_rcc.o
    0x08002208   0x08002208   0x00000040   Code   RO         2200    i.HAL_RCC_GetClockConfig  stm32f4xx_hal_rcc.o
    0x08002248   0x08002248   0x00000020   Code   RO         2203    i.HAL_RCC_GetPCLK1Freq  stm32f4xx_hal_rcc.o
    0x08002268   0x08002268   0x00000020   Code   RO         2204    i.HAL_RCC_GetPCLK2Freq  stm32f4xx_hal_rcc.o
    0x08002288   0x08002288   0x00000060   Code   RO         2205    i.HAL_RCC_GetSysClockFreq  stm32f4xx_hal_rcc.o
    0x080022e8   0x080022e8   0x0000036c   Code   RO         2208    i.HAL_RCC_OscConfig  stm32f4xx_hal_rcc.o
    0x08002654   0x08002654   0x000000bc   Code   RO         4670    i.HAL_SPI_Init      stm32f4xx_hal_spi.o
    0x08002710   0x08002710   0x00000068   Code   RO          594    i.HAL_SPI_MspInit   spi.o
    0x08002778   0x08002778   0x00000002   Code   RO         1928    i.HAL_TIMEx_BreakCallback  stm32f4xx_hal_tim_ex.o
    0x0800277a   0x0800277a   0x00000002   Code   RO         1929    i.HAL_TIMEx_CommutCallback  stm32f4xx_hal_tim_ex.o
    0x0800277c   0x0800277c   0x00000054   Code   RO         1931    i.HAL_TIMEx_ConfigBreakDeadTime  stm32f4xx_hal_tim_ex.o
    0x080027d0   0x080027d0   0x000000d0   Code   RO         1938    i.HAL_TIMEx_HallSensor_Init  stm32f4xx_hal_tim_ex.o
    0x080028a0   0x080028a0   0x00000068   Code   RO          636    i.HAL_TIMEx_HallSensor_MspInit  tim.o
    0x08002908   0x08002908   0x00000090   Code   RO         1947    i.HAL_TIMEx_MasterConfigSynchronization  stm32f4xx_hal_tim_ex.o
    0x08002998   0x08002998   0x0000005a   Code   RO         1224    i.HAL_TIM_Base_Init  stm32f4xx_hal_tim.o
    0x080029f2   0x080029f2   0x00000002   PAD
    0x080029f4   0x080029f4   0x00000068   Code   RO          638    i.HAL_TIM_Base_MspInit  tim.o
    0x08002a5c   0x08002a5c   0x00000080   Code   RO         1229    i.HAL_TIM_Base_Start_IT  stm32f4xx_hal_tim.o
    0x08002adc   0x08002adc   0x000000dc   Code   RO         1233    i.HAL_TIM_ConfigClockSource  stm32f4xx_hal_tim.o
    0x08002bb8   0x08002bb8   0x000000a4   Code   RO         1245    i.HAL_TIM_Encoder_Init  stm32f4xx_hal_tim.o
    0x08002c5c   0x08002c5c   0x00000064   Code   RO          640    i.HAL_TIM_Encoder_MspInit  tim.o
    0x08002cc0   0x08002cc0   0x00000002   Code   RO         1258    i.HAL_TIM_IC_CaptureCallback  stm32f4xx_hal_tim.o
    0x08002cc2   0x08002cc2   0x00000130   Code   RO         1272    i.HAL_TIM_IRQHandler  stm32f4xx_hal_tim.o
    0x08002df2   0x08002df2   0x00000002   PAD
    0x08002df4   0x08002df4   0x00000080   Code   RO          641    i.HAL_TIM_MspPostInit  tim.o
    0x08002e74   0x08002e74   0x00000002   Code   RO         1275    i.HAL_TIM_OC_DelayElapsedCallback  stm32f4xx_hal_tim.o
    0x08002e76   0x08002e76   0x000000cc   Code   RO         1296    i.HAL_TIM_PWM_ConfigChannel  stm32f4xx_hal_tim.o
    0x08002f42   0x08002f42   0x0000005a   Code   RO         1299    i.HAL_TIM_PWM_Init  stm32f4xx_hal_tim.o
    0x08002f9c   0x08002f9c   0x00000002   Code   RO         1301    i.HAL_TIM_PWM_MspInit  stm32f4xx_hal_tim.o
    0x08002f9e   0x08002f9e   0x00000002   Code   RO         1302    i.HAL_TIM_PWM_PulseFinishedCallback  stm32f4xx_hal_tim.o
    0x08002fa0   0x08002fa0   0x00000014   Code   RO           14    i.HAL_TIM_PeriodElapsedCallback  main.o
    0x08002fb4   0x08002fb4   0x00000002   Code   RO         1315    i.HAL_TIM_TriggerCallback  stm32f4xx_hal_tim.o
    0x08002fb6   0x08002fb6   0x00000064   Code   RO         5011    i.HAL_UART_Init     stm32f4xx_hal_uart.o
    0x0800301a   0x0800301a   0x00000002   PAD
    0x0800301c   0x0800301c   0x000000f0   Code   RO          720    i.HAL_UART_MspInit  usart.o
    0x0800310c   0x0800310c   0x00000002   Code   RO          779    i.HardFault_Handler  stm32f4xx_it.o
    0x0800310e   0x0800310e   0x00000002   PAD
    0x08003110   0x08003110   0x00000064   Code   RO          433    i.MX_ADC1_Init      adc.o
    0x08003174   0x08003174   0x00000064   Code   RO          434    i.MX_ADC2_Init      adc.o
    0x080031d8   0x080031d8   0x00000064   Code   RO          435    i.MX_ADC3_Init      adc.o
    0x0800323c   0x0800323c   0x0000003c   Code   RO          487    i.MX_CAN1_Init      can.o
    0x08003278   0x08003278   0x0000004c   Code   RO          527    i.MX_DMA_Init       dma.o
    0x080032c4   0x080032c4   0x00000020   Code   RO          388    i.MX_FREERTOS_Init  freertos.o
    0x080032e4   0x080032e4   0x00000158   Code   RO          364    i.MX_GPIO_Init      gpio.o
    0x0800343c   0x0800343c   0x00000040   Code   RO          553    i.MX_I2C2_Init      i2c.o
    0x0800347c   0x0800347c   0x00000160   Code   RO         1159    i.MX_LWIP_Init      lwip.o
    0x080035dc   0x080035dc   0x00000044   Code   RO          595    i.MX_SPI2_Init      spi.o
    0x08003620   0x08003620   0x000000ec   Code   RO          642    i.MX_TIM1_Init      tim.o
    0x0800370c   0x0800370c   0x00000068   Code   RO          643    i.MX_TIM3_Init      tim.o
    0x08003774   0x08003774   0x00000054   Code   RO          644    i.MX_TIM5_Init      tim.o
    0x080037c8   0x080037c8   0x00000038   Code   RO          721    i.MX_UART4_Init     usart.o
    0x08003800   0x08003800   0x00000038   Code   RO          722    i.MX_USART1_UART_Init  usart.o
    0x08003838   0x08003838   0x00000038   Code   RO          723    i.MX_USART3_UART_Init  usart.o
    0x08003870   0x08003870   0x00000002   Code   RO          780    i.MemManage_Handler  stm32f4xx_it.o
    0x08003872   0x08003872   0x00000002   Code   RO          781    i.NMI_Handler       stm32f4xx_it.o
    0x08003874   0x08003874   0x0000000c   Code   RO          389    i.StartDefaultTask  freertos.o
    0x08003880   0x08003880   0x0000001a   Code   RO         6492    i.SysTick_Handler   cmsis_os2.o
    0x0800389a   0x0800389a   0x00000002   PAD
    0x0800389c   0x0800389c   0x00000098   Code   RO           15    i.SystemClock_Config  main.o
    0x08003934   0x08003934   0x00000010   Code   RO         5345    i.SystemInit        system_stm32f4xx.o
    0x08003944   0x08003944   0x0000000c   Code   RO          782    i.TIM6_DAC_IRQHandler  stm32f4xx_it.o
    0x08003950   0x08003950   0x000000d0   Code   RO         1317    i.TIM_Base_SetConfig  stm32f4xx_hal_tim.o
    0x08003a20   0x08003a20   0x00000014   Code   RO         1328    i.TIM_ETR_SetConfig  stm32f4xx_hal_tim.o
    0x08003a34   0x08003a34   0x00000010   Code   RO         1329    i.TIM_ITRx_SetConfig  stm32f4xx_hal_tim.o
    0x08003a44   0x08003a44   0x00000060   Code   RO         1330    i.TIM_OC1_SetConfig  stm32f4xx_hal_tim.o
    0x08003aa4   0x08003aa4   0x0000006c   Code   RO         1331    i.TIM_OC2_SetConfig  stm32f4xx_hal_tim.o
    0x08003b10   0x08003b10   0x00000068   Code   RO         1332    i.TIM_OC3_SetConfig  stm32f4xx_hal_tim.o
    0x08003b78   0x08003b78   0x00000050   Code   RO         1333    i.TIM_OC4_SetConfig  stm32f4xx_hal_tim.o
    0x08003bc8   0x08003bc8   0x00000022   Code   RO         1335    i.TIM_TI1_ConfigInputStage  stm32f4xx_hal_tim.o
    0x08003bea   0x08003bea   0x00000002   PAD
    0x08003bec   0x08003bec   0x00000080   Code   RO         1336    i.TIM_TI1_SetConfig  stm32f4xx_hal_tim.o
    0x08003c6c   0x08003c6c   0x00000024   Code   RO         1337    i.TIM_TI2_ConfigInputStage  stm32f4xx_hal_tim.o
    0x08003c90   0x08003c90   0x0000010c   Code   RO         5037    i.UART_SetConfig    stm32f4xx_hal_uart.o
    0x08003d9c   0x08003d9c   0x000000ba   Code   RO         1105    i.USER_PHY_GetLinkState  eth_custom_phy_interface.o
    0x08003e56   0x08003e56   0x00000064   Code   RO         1106    i.USER_PHY_Init     eth_custom_phy_interface.o
    0x08003eba   0x08003eba   0x0000002c   Code   RO         1107    i.USER_PHY_RegisterBusIO  eth_custom_phy_interface.o
    0x08003ee6   0x08003ee6   0x00000002   Code   RO          783    i.UsageFault_Handler  stm32f4xx_it.o
    0x08003ee8   0x08003ee8   0x00000020   Code   RO        11830    i.__0printf$3       mc_w.l(printf3.o)
    0x08003f08   0x08003f08   0x00000020   Code   RO         2955    i.__NVIC_SetPriority  stm32f4xx_hal_cortex.o
    0x08003f28   0x08003f28   0x0000000e   Code   RO        12063    i.__scatterload_copy  mc_w.l(handlers.o)
    0x08003f36   0x08003f36   0x00000002   Code   RO        12064    i.__scatterload_null  mc_w.l(handlers.o)
    0x08003f38   0x08003f38   0x0000000e   Code   RO        12065    i.__scatterload_zeroinit  mc_w.l(handlers.o)
    0x08003f46   0x08003f46   0x00000002   PAD
    0x08003f48   0x08003f48   0x000001b8   Code   RO        11837    i._printf_core      mc_w.l(printf3.o)
    0x08004100   0x08004100   0x000000a8   Code   RO         9313    i.do_memp_free_pool  memp.o
    0x080041a8   0x080041a8   0x000000b8   Code   RO         9314    i.do_memp_malloc_pool  memp.o
    0x08004260   0x08004260   0x0000002c   Code   RO        10743    i.etharp_cleanup_netif  etharp.o
    0x0800428c   0x0800428c   0x00000260   Code   RO        10745    i.etharp_find_entry  etharp.o
    0x080044ec   0x080044ec   0x00000024   Code   RO        10746    i.etharp_free_entry  etharp.o
    0x08004510   0x08004510   0x00000104   Code   RO        10748    i.etharp_input      etharp.o
    0x08004614   0x08004614   0x000001b0   Code   RO        10749    i.etharp_output     etharp.o
    0x080047c4   0x080047c4   0x00000110   Code   RO        10750    i.etharp_output_to_arp_index  etharp.o
    0x080048d4   0x080048d4   0x000001e8   Code   RO        10751    i.etharp_query      etharp.o
    0x08004abc   0x08004abc   0x00000174   Code   RO        10752    i.etharp_raw        etharp.o
    0x08004c30   0x08004c30   0x0000000c   Code   RO        10753    i.etharp_request    etharp.o
    0x08004c3c   0x08004c3c   0x00000020   Code   RO        10754    i.etharp_request_dst  etharp.o
    0x08004c5c   0x08004c5c   0x00000060   Code   RO        10755    i.etharp_tmr        etharp.o
    0x08004cbc   0x08004cbc   0x0000011c   Code   RO        10756    i.etharp_update_arp_entry  etharp.o
    0x08004dd8   0x08004dd8   0x000000a4   Code   RO         7666    i.ethernet_input    ethernet.o
    0x08004e7c   0x08004e7c   0x000000b0   Code   RO          947    i.ethernet_link_check_state  ethernetif.o
    0x08004f2c   0x08004f2c   0x00000002   Code   RO         1160    i.ethernet_link_status_updated  lwip.o
    0x08004f2e   0x08004f2e   0x00000010   Code   RO          948    i.ethernet_link_thread  ethernetif.o
    0x08004f3e   0x08004f3e   0x00000002   PAD
    0x08004f40   0x08004f40   0x000000f8   Code   RO         7667    i.ethernet_output   ethernet.o
    0x08005038   0x08005038   0x00000090   Code   RO          949    i.ethernetif_init   ethernetif.o
    0x080050c8   0x080050c8   0x00000048   Code   RO          950    i.ethernetif_input  ethernetif.o
    0x08005110   0x08005110   0x00000012   Code   RO        12020    i.fputc             mc_w.l(fputc.o)
    0x08005122   0x08005122   0x00000008   Code   RO        10846    i.icmp_dest_unreach  icmp.o
    0x0800512a   0x0800512a   0x00000002   PAD
    0x0800512c   0x0800512c   0x000001e8   Code   RO        10847    i.icmp_input        icmp.o
    0x08005314   0x08005314   0x00000110   Code   RO        10848    i.icmp_send_response  icmp.o
    0x08005424   0x08005424   0x00000008   Code   RO        10849    i.icmp_time_exceeded  icmp.o
    0x0800542c   0x0800542c   0x0000002e   Code   RO        10963    i.ip4_addr_isbroadcast_u32  ip4_addr.o
    0x0800545a   0x0800545a   0x00000002   PAD
    0x0800545c   0x0800545c   0x00000260   Code   RO        11032    i.ip4_frag          ip4_frag.o
    0x080056bc   0x080056bc   0x00000174   Code   RO        10908    i.ip4_input         ip4.o
    0x08005830   0x08005830   0x0000002c   Code   RO        10909    i.ip4_input_accept  ip4.o
    0x0800585c   0x0800585c   0x0000001e   Code   RO        10911    i.ip4_output_if     ip4.o
    0x0800587a   0x0800587a   0x00000002   PAD
    0x0800587c   0x0800587c   0x00000178   Code   RO        10912    i.ip4_output_if_src  ip4.o
    0x080059f4   0x080059f4   0x00000288   Code   RO        11033    i.ip4_reass         ip4_frag.o
    0x08005c7c   0x08005c7c   0x00000060   Code   RO        10913    i.ip4_route         ip4.o
    0x08005cdc   0x08005cdc   0x00000090   Code   RO        11034    i.ip_frag_free_pbuf_custom_ref  ip4_frag.o
    0x08005d6c   0x08005d6c   0x00000248   Code   RO        11035    i.ip_reass_chain_frag_into_datagram_and_validate  ip4_frag.o
    0x08005fb4   0x08005fb4   0x000000bc   Code   RO        11036    i.ip_reass_dequeue_datagram  ip4_frag.o
    0x08006070   0x08006070   0x00000198   Code   RO        11037    i.ip_reass_free_complete_datagram  ip4_frag.o
    0x08006208   0x08006208   0x00000080   Code   RO        11038    i.ip_reass_remove_oldest_datagram  ip4_frag.o
    0x08006288   0x08006288   0x0000002c   Code   RO        11039    i.ip_reass_tmr      ip4_frag.o
    0x080062b4   0x080062b4   0x00000098   Code   RO        11040    i.ipfrag_free_pbuf_custom  ip4_frag.o
    0x0800634c   0x0800634c   0x0000016c   Code   RO          951    i.low_level_init    ethernetif.o
    0x080064b8   0x080064b8   0x000000a8   Code   RO          952    i.low_level_output  ethernetif.o
    0x08006560   0x08006560   0x0000003c   Code   RO        10493    i.lwip_cyclic_timer  timeouts.o
    0x0800659c   0x0800659c   0x00000004   Code   RO         9017    i.lwip_htonl        def.o
    0x080065a0   0x080065a0   0x00000004   Code   RO         9018    i.lwip_htons        def.o
    0x080065a4   0x080065a4   0x00000022   Code   RO         9162    i.lwip_init         init.o
    0x080065c6   0x080065c6   0x00000002   PAD
    0x080065c8   0x080065c8   0x00000078   Code   RO           16    i.main              main.o
    0x08006640   0x08006640   0x000001c8   Code   RO         9237    i.mem_free          mem.o
    0x08006808   0x08006808   0x000000c8   Code   RO         9238    i.mem_init          mem.o
    0x080068d0   0x080068d0   0x0000024c   Code   RO         9239    i.mem_malloc        mem.o
    0x08006b1c   0x08006b1c   0x00000010   Code   RO         9240    i.mem_to_ptr        mem.o
    0x08006b2c   0x08006b2c   0x000001e4   Code   RO         9241    i.mem_trim          mem.o
    0x08006d10   0x08006d10   0x0000009c   Code   RO         9315    i.memp_free         memp.o
    0x08006dac   0x08006dac   0x00000088   Code   RO         9316    i.memp_free_pool    memp.o
    0x08006e34   0x08006e34   0x00000020   Code   RO         9317    i.memp_init         memp.o
    0x08006e54   0x08006e54   0x0000002a   Code   RO         9318    i.memp_init_pool    memp.o
    0x08006e7e   0x08006e7e   0x00000002   PAD
    0x08006e80   0x08006e80   0x000000a4   Code   RO         9319    i.memp_malloc       memp.o
    0x08006f24   0x08006f24   0x0000008c   Code   RO         9320    i.memp_malloc_pool  memp.o
    0x08006fb0   0x08006fb0   0x000001d8   Code   RO         9459    i.netif_add         netif.o
    0x08007188   0x08007188   0x00000016   Code   RO         9461    i.netif_do_ip_addr_changed  netif.o
    0x0800719e   0x0800719e   0x00000016   Code   RO         9462    i.netif_do_set_gw   netif.o
    0x080071b4   0x080071b4   0x000000c4   Code   RO         9463    i.netif_do_set_ipaddr  netif.o
    0x08007278   0x08007278   0x00000016   Code   RO         9464    i.netif_do_set_netmask  netif.o
    0x0800728e   0x0800728e   0x00000002   PAD
    0x08007290   0x08007290   0x00000028   Code   RO         9466    i.netif_get_by_index  netif.o
    0x080072b8   0x080072b8   0x00000002   Code   RO         9468    i.netif_init        netif.o
    0x080072ba   0x080072ba   0x00000002   PAD
    0x080072bc   0x080072bc   0x000000c0   Code   RO         9470    i.netif_issue_reports  netif.o
    0x0800737c   0x0800737c   0x00000006   Code   RO         9472    i.netif_null_output_ip4  netif.o
    0x08007382   0x08007382   0x00000002   PAD
    0x08007384   0x08007384   0x00000060   Code   RO         9474    i.netif_set_addr    netif.o
    0x080073e4   0x080073e4   0x0000000c   Code   RO         9475    i.netif_set_default  netif.o
    0x080073f0   0x080073f0   0x000000a8   Code   RO         9476    i.netif_set_down    netif.o
    0x08007498   0x08007498   0x00000008   Code   RO         9479    i.netif_set_link_callback  netif.o
    0x080074a0   0x080074a0   0x000000ac   Code   RO         9480    i.netif_set_link_down  netif.o
    0x0800754c   0x0800754c   0x000000c0   Code   RO         9481    i.netif_set_link_up  netif.o
    0x0800760c   0x0800760c   0x000000a0   Code   RO         9483    i.netif_set_up      netif.o
    0x080076ac   0x080076ac   0x0000001a   Code   RO         6494    i.osDelay           cmsis_os2.o
    0x080076c6   0x080076c6   0x0000000e   Code   RO         6506    i.osKernelGetTickCount  cmsis_os2.o
    0x080076d4   0x080076d4   0x00000024   Code   RO         6508    i.osKernelInitialize  cmsis_os2.o
    0x080076f8   0x080076f8   0x00000038   Code   RO         6511    i.osKernelStart     cmsis_os2.o
    0x08007730   0x08007730   0x00000064   Code   RO         6523    i.osMessageQueueGet  cmsis_os2.o
    0x08007794   0x08007794   0x00000058   Code   RO         6528    i.osMessageQueueNew  cmsis_os2.o
    0x080077ec   0x080077ec   0x00000068   Code   RO         6529    i.osMessageQueuePut  cmsis_os2.o
    0x08007854   0x08007854   0x00000052   Code   RO         6531    i.osMutexAcquire    cmsis_os2.o
    0x080078a6   0x080078a6   0x00000068   Code   RO         6534    i.osMutexNew        cmsis_os2.o
    0x0800790e   0x0800790e   0x00000042   Code   RO         6535    i.osMutexRelease    cmsis_os2.o
    0x08007950   0x08007950   0x0000005c   Code   RO         6536    i.osSemaphoreAcquire  cmsis_os2.o
    0x080079ac   0x080079ac   0x00000098   Code   RO         6539    i.osSemaphoreNew    cmsis_os2.o
    0x08007a44   0x08007a44   0x00000058   Code   RO         6540    i.osSemaphoreRelease  cmsis_os2.o
    0x08007a9c   0x08007a9c   0x0000008a   Code   RO         6553    i.osThreadNew       cmsis_os2.o
    0x08007b26   0x08007b26   0x00000006   Code   RO         9647    i.pbuf_add_header   pbuf.o
    0x08007b2c   0x08007b2c   0x000000c0   Code   RO         9649    i.pbuf_add_header_impl  pbuf.o
    0x08007bec   0x08007bec   0x0000025c   Code   RO         9650    i.pbuf_alloc        pbuf.o
    0x08007e48   0x08007e48   0x000000b0   Code   RO         9651    i.pbuf_alloc_reference  pbuf.o
    0x08007ef8   0x08007ef8   0x00000036   Code   RO         9652    i.pbuf_alloced_custom  pbuf.o
    0x08007f2e   0x08007f2e   0x00000002   PAD
    0x08007f30   0x08007f30   0x00000130   Code   RO         9653    i.pbuf_cat          pbuf.o
    0x08008060   0x08008060   0x00000012   Code   RO         9655    i.pbuf_clen         pbuf.o
    0x08008072   0x08008072   0x00000002   PAD
    0x08008074   0x08008074   0x0000009c   Code   RO         9656    i.pbuf_clone        pbuf.o
    0x08008110   0x08008110   0x000001e0   Code   RO         9658    i.pbuf_copy         pbuf.o
    0x080082f0   0x080082f0   0x00000118   Code   RO         9659    i.pbuf_copy_partial  pbuf.o
    0x08008408   0x08008408   0x00000164   Code   RO         9661    i.pbuf_free         pbuf.o
    0x0800856c   0x0800856c   0x0000002c   Code   RO          953    i.pbuf_free_custom  ethernetif.o
    0x08008598   0x08008598   0x00000034   Code   RO         9663    i.pbuf_free_ooseq_callback  pbuf.o
    0x080085cc   0x080085cc   0x00000006   Code   RO         9667    i.pbuf_header_force  pbuf.o
    0x080085d2   0x080085d2   0x0000000e   Code   RO         9668    i.pbuf_header_impl  pbuf.o
    0x080085e0   0x080085e0   0x0000001c   Code   RO         9669    i.pbuf_init_alloced_pbuf  pbuf.o
    0x080085fc   0x080085fc   0x00000134   Code   RO         9673    i.pbuf_realloc      pbuf.o
    0x08008730   0x08008730   0x0000009c   Code   RO         9674    i.pbuf_ref          pbuf.o
    0x080087cc   0x080087cc   0x000000d0   Code   RO         9675    i.pbuf_remove_header  pbuf.o
    0x0800889c   0x0800889c   0x000001a0   Code   RO         9242    i.plug_holes        mem.o
    0x08008a3c   0x08008a3c   0x0000005c   Code   RO         5953    i.prvAddCurrentTaskToDelayedList  tasks.o
    0x08008a98   0x08008a98   0x000000d0   Code   RO         5954    i.prvAddNewTaskToReadyList  tasks.o
    0x08008b68   0x08008b68   0x00000058   Code   RO         6318    i.prvCheckForValidListAndQueue  timers.o
    0x08008bc0   0x08008bc0   0x00000026   Code   RO         5550    i.prvCopyDataFromQueue  queue.o
    0x08008be6   0x08008be6   0x0000006c   Code   RO         5551    i.prvCopyDataToQueue  queue.o
    0x08008c52   0x08008c52   0x00000034   Code   RO         5955    i.prvDeleteTCB      tasks.o
    0x08008c86   0x08008c86   0x00000002   PAD
    0x08008c88   0x08008c88   0x0000004c   Code   RO         7005    i.prvHeapInit       heap_4.o
    0x08008cd4   0x08008cd4   0x00000060   Code   RO         5956    i.prvIdleTask       tasks.o
    0x08008d34   0x08008d34   0x00000016   Code   RO         5552    i.prvInitialiseMutex  queue.o
    0x08008d4a   0x08008d4a   0x00000002   PAD
    0x08008d4c   0x08008d4c   0x00000022   Code   RO         5553    i.prvInitialiseNewQueue  queue.o
    0x08008d6e   0x08008d6e   0x00000002   PAD
    0x08008d70   0x08008d70   0x000000b0   Code   RO         5957    i.prvInitialiseNewTask  tasks.o
    0x08008e20   0x08008e20   0x0000004c   Code   RO         7006    i.prvInsertBlockIntoFreeList  heap_4.o
    0x08008e6c   0x08008e6c   0x00000038   Code   RO         6320    i.prvInsertTimerInActiveList  timers.o
    0x08008ea4   0x08008ea4   0x0000001c   Code   RO         5554    i.prvIsQueueEmpty   queue.o
    0x08008ec0   0x08008ec0   0x000000fc   Code   RO         6321    i.prvProcessReceivedCommands  timers.o
    0x08008fbc   0x08008fbc   0x000000c0   Code   RO         6322    i.prvProcessTimerOrBlockTask  timers.o
    0x0800907c   0x0800907c   0x00000020   Code   RO         5959    i.prvResetNextTaskUnblockTime  tasks.o
    0x0800909c   0x0800909c   0x00000028   Code   RO         6323    i.prvSampleTimeNow  timers.o
    0x080090c4   0x080090c4   0x0000006c   Code   RO         6324    i.prvSwitchTimerLists  timers.o
    0x08009130   0x08009130   0x00000028   Code   RO         7061    i.prvTaskExitError  port.o
    0x08009158   0x08009158   0x00000024   Code   RO         6325    i.prvTimerTask      timers.o
    0x0800917c   0x0800917c   0x0000006a   Code   RO         5555    i.prvUnlockQueue    queue.o
    0x080091e6   0x080091e6   0x00000002   PAD
    0x080091e8   0x080091e8   0x0000000c   Code   RO         9243    i.ptr_to_mem        mem.o
    0x080091f4   0x080091f4   0x000000dc   Code   RO         7007    i.pvPortMalloc      heap_4.o
    0x080092d0   0x080092d0   0x00000018   Code   RO         5962    i.pvTaskIncrementMutexHeldCount  tasks.o
    0x080092e8   0x080092e8   0x0000002c   Code   RO         7062    i.pxPortInitialiseStack  port.o
    0x08009314   0x08009314   0x0000003e   Code   RO        11286    i.sys_arch_mbox_fetch  sys_arch.o
    0x08009352   0x08009352   0x00000002   PAD
    0x08009354   0x08009354   0x00000018   Code   RO        11288    i.sys_arch_protect  sys_arch.o
    0x0800936c   0x0800936c   0x0000000c   Code   RO        11290    i.sys_arch_unprotect  sys_arch.o
    0x08009378   0x08009378   0x00000044   Code   RO        10494    i.sys_check_timeouts  timeouts.o
    0x080093bc   0x080093bc   0x00000014   Code   RO        11291    i.sys_init          sys_arch.o
    0x080093d0   0x080093d0   0x0000001e   Code   RO        11293    i.sys_mbox_new      sys_arch.o
    0x080093ee   0x080093ee   0x00000018   Code   RO        11296    i.sys_mbox_trypost  sys_arch.o
    0x08009406   0x08009406   0x0000000a   Code   RO        11298    i.sys_mbox_valid    sys_arch.o
    0x08009410   0x08009410   0x0000000a   Code   RO        11300    i.sys_mutex_lock    sys_arch.o
    0x0800941a   0x0800941a   0x00000018   Code   RO        11301    i.sys_mutex_new     sys_arch.o
    0x08009432   0x08009432   0x00000006   Code   RO        11302    i.sys_mutex_unlock  sys_arch.o
    0x08009438   0x08009438   0x00000004   Code   RO          954    i.sys_now           ethernetif.o
    0x0800943c   0x0800943c   0x0000002e   Code   RO        11308    i.sys_thread_new    sys_arch.o
    0x0800946a   0x0800946a   0x00000002   PAD
    0x0800946c   0x0800946c   0x000000c4   Code   RO        10496    i.sys_timeout       timeouts.o
    0x08009530   0x08009530   0x000000f8   Code   RO        10497    i.sys_timeout_abs   timeouts.o
    0x08009628   0x08009628   0x00000028   Code   RO        10498    i.sys_timeouts_init  timeouts.o
    0x08009650   0x08009650   0x00000028   Code   RO        10499    i.sys_timeouts_sleeptime  timeouts.o
    0x08009678   0x08009678   0x000001ac   Code   RO         9931    i.tcp_abandon       tcp.o
    0x08009824   0x08009824   0x00000006   Code   RO         9932    i.tcp_abort         tcp.o
    0x0800982a   0x0800982a   0x00000002   PAD
    0x0800982c   0x0800982c   0x00000124   Code   RO         9935    i.tcp_alloc         tcp.o
    0x08009950   0x08009950   0x000000a0   Code   RO         9939    i.tcp_close         tcp.o
    0x080099f0   0x080099f0   0x000001dc   Code   RO         9940    i.tcp_close_shutdown  tcp.o
    0x08009bcc   0x08009bcc   0x000000c4   Code   RO         9941    i.tcp_close_shutdown_fin  tcp.o
    0x08009c90   0x08009c90   0x00000180   Code   RO        10333    i.tcp_create_segment  tcp_out.o
    0x08009e10   0x08009e10   0x000000b8   Code   RO         9944    i.tcp_eff_send_mss_netif  tcp.o
    0x08009ec8   0x08009ec8   0x00000234   Code   RO        10334    i.tcp_enqueue_flags  tcp_out.o
    0x0800a0fc   0x0800a0fc   0x0000006c   Code   RO         9946    i.tcp_fasttmr       tcp.o
    0x0800a168   0x0800a168   0x00000090   Code   RO         9947    i.tcp_free          tcp.o
    0x0800a1f8   0x0800a1f8   0x0000013c   Code   RO        10244    i.tcp_free_acked_segments  tcp_in.o
    0x0800a334   0x0800a334   0x00000014   Code   RO         9948    i.tcp_free_ooseq    tcp.o
    0x0800a348   0x0800a348   0x00000028   Code   RO        10245    i.tcp_get_next_optbyte  tcp_in.o
    0x0800a370   0x0800a370   0x00000018   Code   RO         9949    i.tcp_init          tcp.o
    0x0800a388   0x0800a388   0x00000650   Code   RO        10246    i.tcp_input         tcp_in.o
    0x0800a9d8   0x0800a9d8   0x000000d4   Code   RO        10247    i.tcp_input_delayed_close  tcp_in.o
    0x0800aaac   0x0800aaac   0x000000cc   Code   RO        10335    i.tcp_keepalive     tcp_out.o
    0x0800ab78   0x0800ab78   0x000000bc   Code   RO         9950    i.tcp_kill_state    tcp.o
    0x0800ac34   0x0800ac34   0x00000070   Code   RO         9951    i.tcp_listen_closed  tcp.o
    0x0800aca4   0x0800aca4   0x00000198   Code   RO        10248    i.tcp_listen_input  tcp_in.o
    0x0800ae3c   0x0800ae3c   0x0000004c   Code   RO         9954    i.tcp_netif_ip_addr_changed  tcp.o
    0x0800ae88   0x0800ae88   0x000000c0   Code   RO         9955    i.tcp_netif_ip_addr_changed_pcblist  tcp.o
    0x0800af48   0x0800af48   0x00000098   Code   RO         9959    i.tcp_next_iss      tcp.o
    0x0800afe0   0x0800afe0   0x0000010c   Code   RO        10249    i.tcp_oos_insert_segment  tcp_in.o
    0x0800b0ec   0x0800b0ec   0x000002e0   Code   RO        10336    i.tcp_output        tcp_out.o
    0x0800b3cc   0x0800b3cc   0x000000cc   Code   RO        10337    i.tcp_output_alloc_header  tcp_out.o
    0x0800b498   0x0800b498   0x00000110   Code   RO        10338    i.tcp_output_alloc_header_common  tcp_out.o
    0x0800b5a8   0x0800b5a8   0x000000e0   Code   RO        10339    i.tcp_output_control_segment  tcp_out.o
    0x0800b688   0x0800b688   0x000000d8   Code   RO        10340    i.tcp_output_fill_options  tcp_out.o
    0x0800b760   0x0800b760   0x000001dc   Code   RO        10341    i.tcp_output_segment  tcp_out.o
    0x0800b93c   0x0800b93c   0x000000a8   Code   RO        10342    i.tcp_output_segment_busy  tcp_out.o
    0x0800b9e4   0x0800b9e4   0x000000fc   Code   RO        10250    i.tcp_parseopt      tcp_in.o
    0x0800bae0   0x0800bae0   0x000000cc   Code   RO         9960    i.tcp_pcb_purge     tcp.o
    0x0800bbac   0x0800bbac   0x00000190   Code   RO         9961    i.tcp_pcb_remove    tcp.o
    0x0800bd3c   0x0800bd3c   0x000004c2   Code   RO        10251    i.tcp_process       tcp_in.o
    0x0800c1fe   0x0800c1fe   0x00000002   PAD
    0x0800c200   0x0800c200   0x00000104   Code   RO         9963    i.tcp_process_refused_data  tcp.o
    0x0800c304   0x0800c304   0x00000904   Code   RO        10252    i.tcp_receive       tcp_in.o
    0x0800cc08   0x0800cc08   0x000000b0   Code   RO         9965    i.tcp_recv_null     tcp.o
    0x0800ccb8   0x0800ccb8   0x00000100   Code   RO         9966    i.tcp_recved        tcp.o
    0x0800cdb8   0x0800cdb8   0x00000058   Code   RO         9967    i.tcp_remove_listener  tcp.o
    0x0800ce10   0x0800ce10   0x000000ec   Code   RO        10344    i.tcp_rexmit        tcp_out.o
    0x0800cefc   0x0800cefc   0x000000e8   Code   RO        10345    i.tcp_rexmit_fast   tcp_out.o
    0x0800cfe4   0x0800cfe4   0x000000a4   Code   RO        10346    i.tcp_rexmit_rto    tcp_out.o
    0x0800d088   0x0800d088   0x000000ac   Code   RO        10347    i.tcp_rexmit_rto_commit  tcp_out.o
    0x0800d134   0x0800d134   0x000000f8   Code   RO        10348    i.tcp_rexmit_rto_prepare  tcp_out.o
    0x0800d22c   0x0800d22c   0x00000010   Code   RO        10349    i.tcp_route         tcp_out.o
    0x0800d23c   0x0800d23c   0x00000114   Code   RO        10350    i.tcp_rst           tcp_out.o
    0x0800d350   0x0800d350   0x000000ac   Code   RO         9968    i.tcp_seg_copy      tcp.o
    0x0800d3fc   0x0800d3fc   0x0000001c   Code   RO         9969    i.tcp_seg_free      tcp.o
    0x0800d418   0x0800d418   0x00000012   Code   RO         9970    i.tcp_segs_free     tcp.o
    0x0800d42a   0x0800d42a   0x00000002   PAD
    0x0800d42c   0x0800d42c   0x000000ec   Code   RO        10351    i.tcp_send_empty_ack  tcp_out.o
    0x0800d518   0x0800d518   0x000000cc   Code   RO        10352    i.tcp_send_fin      tcp_out.o
    0x0800d5e4   0x0800d5e4   0x000005d0   Code   RO         9974    i.tcp_slowtmr       tcp.o
    0x0800dbb4   0x0800dbb4   0x0000022c   Code   RO        10353    i.tcp_split_unsent_seg  tcp_out.o
    0x0800dde0   0x0800dde0   0x00000034   Code   RO        10501    i.tcp_timer_needed  timeouts.o
    0x0800de14   0x0800de14   0x00000100   Code   RO        10253    i.tcp_timewait_input  tcp_in.o
    0x0800df14   0x0800df14   0x00000020   Code   RO         9976    i.tcp_tmr           tcp.o
    0x0800df34   0x0800df34   0x00000010   Code   RO        10254    i.tcp_trigger_input_pcb_close  tcp_in.o
    0x0800df44   0x0800df44   0x000000f4   Code   RO         9978    i.tcp_update_rcv_ann_wnd  tcp.o
    0x0800e038   0x0800e038   0x00000140   Code   RO        10356    i.tcp_zero_window_probe  tcp_out.o
    0x0800e178   0x0800e178   0x00000110   Code   RO         8848    i.tcpip_init        tcpip.o
    0x0800e288   0x0800e288   0x000000c0   Code   RO         8849    i.tcpip_inpkt       tcpip.o
    0x0800e348   0x0800e348   0x0000001c   Code   RO         8850    i.tcpip_input       tcpip.o
    0x0800e364   0x0800e364   0x00000038   Code   RO        10502    i.tcpip_tcp_timer   timeouts.o
    0x0800e39c   0x0800e39c   0x000000f8   Code   RO         8852    i.tcpip_thread      tcpip.o
    0x0800e494   0x0800e494   0x000000cc   Code   RO         8853    i.tcpip_thread_handle_msg  tcpip.o
    0x0800e560   0x0800e560   0x000000bc   Code   RO         8854    i.tcpip_try_callback  tcpip.o
    0x0800e61c   0x0800e61c   0x00000018   Code   RO        10586    i.udp_init          udp.o
    0x0800e634   0x0800e634   0x000001e8   Code   RO        10587    i.udp_input         udp.o
    0x0800e81c   0x0800e81c   0x0000010c   Code   RO        10588    i.udp_input_local_match  udp.o
    0x0800e928   0x0800e928   0x00000034   Code   RO        10589    i.udp_netif_ip_addr_changed  udp.o
    0x0800e95c   0x0800e95c   0x00000026   Code   RO         5510    i.uxListRemove      list.o
    0x0800e982   0x0800e982   0x00000002   PAD
    0x0800e984   0x0800e984   0x00000014   Code   RO         6565    i.vApplicationGetIdleTaskMemory  cmsis_os2.o
    0x0800e998   0x0800e998   0x00000018   Code   RO         6566    i.vApplicationGetTimerTaskMemory  cmsis_os2.o
    0x0800e9b0   0x0800e9b0   0x00000016   Code   RO         5511    i.vListInitialise   list.o
    0x0800e9c6   0x0800e9c6   0x00000006   Code   RO         5512    i.vListInitialiseItem  list.o
    0x0800e9cc   0x0800e9cc   0x00000030   Code   RO         5513    i.vListInsert       list.o
    0x0800e9fc   0x0800e9fc   0x00000018   Code   RO         5514    i.vListInsertEnd    list.o
    0x0800ea14   0x0800ea14   0x00000040   Code   RO         7064    i.vPortEnterCritical  port.o
    0x0800ea54   0x0800ea54   0x00000028   Code   RO         7065    i.vPortExitCritical  port.o
    0x0800ea7c   0x0800ea7c   0x00000064   Code   RO         7008    i.vPortFree         heap_4.o
    0x0800eae0   0x0800eae0   0x00000024   Code   RO         7066    i.vPortSetupTimerInterrupt  port.o
    0x0800eb04   0x0800eb04   0x00000054   Code   RO         7067    i.vPortValidateInterruptPriority  port.o
    0x0800eb58   0x0800eb58   0x00000028   Code   RO         5561    i.vQueueAddToRegistry  queue.o
    0x0800eb80   0x0800eb80   0x0000002e   Code   RO         5562    i.vQueueDelete      queue.o
    0x0800ebae   0x0800ebae   0x00000002   PAD
    0x0800ebb0   0x0800ebb0   0x00000028   Code   RO         5564    i.vQueueUnregisterQueue  queue.o
    0x0800ebd8   0x0800ebd8   0x00000044   Code   RO         5565    i.vQueueWaitForMessageRestricted  queue.o
    0x0800ec1c   0x0800ec1c   0x0000004c   Code   RO         5972    i.vTaskDelay        tasks.o
    0x0800ec68   0x0800ec68   0x00000010   Code   RO         5977    i.vTaskInternalSetTimeOutState  tasks.o
    0x0800ec78   0x0800ec78   0x0000000c   Code   RO         5978    i.vTaskMissedYield  tasks.o
    0x0800ec84   0x0800ec84   0x00000030   Code   RO         5980    i.vTaskPlaceOnEventList  tasks.o
    0x0800ecb4   0x0800ecb4   0x00000038   Code   RO         5981    i.vTaskPlaceOnEventListRestricted  tasks.o
    0x0800ecec   0x0800ecec   0x00000090   Code   RO         5983    i.vTaskPriorityDisinheritAfterTimeout  tasks.o
    0x0800ed7c   0x0800ed7c   0x00000088   Code   RO         5989    i.vTaskStartScheduler  tasks.o
    0x0800ee04   0x0800ee04   0x00000010   Code   RO         5991    i.vTaskSuspendAll   tasks.o
    0x0800ee14   0x0800ee14   0x00000064   Code   RO         5992    i.vTaskSwitchContext  tasks.o
    0x0800ee78   0x0800ee78   0x000000f4   Code   RO         7068    i.xPortStartScheduler  port.o
    0x0800ef6c   0x0800ef6c   0x0000002c   Code   RO         7069    i.xPortSysTickHandler  port.o
    0x0800ef98   0x0800ef98   0x0000003a   Code   RO         5566    i.xQueueCreateCountingSemaphore  queue.o
    0x0800efd2   0x0800efd2   0x00000040   Code   RO         5567    i.xQueueCreateCountingSemaphoreStatic  queue.o
    0x0800f012   0x0800f012   0x00000016   Code   RO         5568    i.xQueueCreateMutex  queue.o
    0x0800f028   0x0800f028   0x0000001a   Code   RO         5569    i.xQueueCreateMutexStatic  queue.o
    0x0800f042   0x0800f042   0x00000042   Code   RO         5570    i.xQueueGenericCreate  queue.o
    0x0800f084   0x0800f084   0x00000066   Code   RO         5571    i.xQueueGenericCreateStatic  queue.o
    0x0800f0ea   0x0800f0ea   0x00000002   PAD
    0x0800f0ec   0x0800f0ec   0x00000088   Code   RO         5572    i.xQueueGenericReset  queue.o
    0x0800f174   0x0800f174   0x00000160   Code   RO         5573    i.xQueueGenericSend  queue.o
    0x0800f2d4   0x0800f2d4   0x000000be   Code   RO         5574    i.xQueueGenericSendFromISR  queue.o
    0x0800f392   0x0800f392   0x0000009c   Code   RO         5577    i.xQueueGiveFromISR  queue.o
    0x0800f42e   0x0800f42e   0x0000003e   Code   RO         5578    i.xQueueGiveMutexRecursive  queue.o
    0x0800f46c   0x0800f46c   0x00000138   Code   RO         5583    i.xQueueReceive     queue.o
    0x0800f5a4   0x0800f5a4   0x0000009a   Code   RO         5584    i.xQueueReceiveFromISR  queue.o
    0x0800f63e   0x0800f63e   0x00000002   PAD
    0x0800f640   0x0800f640   0x00000178   Code   RO         5585    i.xQueueSemaphoreTake  queue.o
    0x0800f7b8   0x0800f7b8   0x00000040   Code   RO         5586    i.xQueueTakeMutexRecursive  queue.o
    0x0800f7f8   0x0800f7f8   0x00000074   Code   RO         5994    i.xTaskCheckForTimeOut  tasks.o
    0x0800f86c   0x0800f86c   0x0000005a   Code   RO         5995    i.xTaskCreate       tasks.o
    0x0800f8c6   0x0800f8c6   0x00000056   Code   RO         5996    i.xTaskCreateStatic  tasks.o
    0x0800f91c   0x0800f91c   0x0000000c   Code   RO         5999    i.xTaskGetCurrentTaskHandle  tasks.o
    0x0800f928   0x0800f928   0x0000001c   Code   RO         6000    i.xTaskGetSchedulerState  tasks.o
    0x0800f944   0x0800f944   0x0000000c   Code   RO         6001    i.xTaskGetTickCount  tasks.o
    0x0800f950   0x0800f950   0x00000010   Code   RO         6002    i.xTaskGetTickCountFromISR  tasks.o
    0x0800f960   0x0800f960   0x000000c8   Code   RO         6003    i.xTaskIncrementTick  tasks.o
    0x0800fa28   0x0800fa28   0x00000080   Code   RO         6006    i.xTaskPriorityDisinherit  tasks.o
    0x0800faa8   0x0800faa8   0x00000078   Code   RO         6007    i.xTaskPriorityInherit  tasks.o
    0x0800fb20   0x0800fb20   0x00000070   Code   RO         6008    i.xTaskRemoveFromEventList  tasks.o
    0x0800fb90   0x0800fb90   0x000000c4   Code   RO         6009    i.xTaskResumeAll    tasks.o
    0x0800fc54   0x0800fc54   0x00000060   Code   RO         6334    i.xTimerCreateTimerTask  timers.o
    0x0800fcb4   0x0800fcb4   0x00000068   Code   RO         6335    i.xTimerGenericCommand  timers.o
    0x0800fd1c   0x0800fd1c   0x00000024   Data   RO          390    .constdata          freertos.o
    0x0800fd40   0x0800fd40   0x0000000c   Data   RO          957    .constdata          ethernetif.o
    0x0800fd4c   0x0800fd4c   0x00000008   Data   RO         2669    .constdata          stm32f4xx_hal_dma.o
    0x0800fd54   0x0800fd54   0x00000010   Data   RO         5346    .constdata          system_stm32f4xx.o
    0x0800fd64   0x0800fd64   0x00000008   Data   RO         5347    .constdata          system_stm32f4xx.o
    0x0800fd6c   0x0800fd6c   0x00000006   Data   RO         7668    .constdata          ethernet.o
    0x0800fd72   0x0800fd72   0x00000006   Data   RO         7669    .constdata          ethernet.o
    0x0800fd78   0x0800fd78   0x0000000c   Data   RO         9334    .constdata          memp.o
    0x0800fd84   0x0800fd84   0x0000000c   Data   RO         9335    .constdata          memp.o
    0x0800fd90   0x0800fd90   0x0000000c   Data   RO         9336    .constdata          memp.o
    0x0800fd9c   0x0800fd9c   0x0000000c   Data   RO         9337    .constdata          memp.o
    0x0800fda8   0x0800fda8   0x0000000c   Data   RO         9338    .constdata          memp.o
    0x0800fdb4   0x0800fdb4   0x0000000c   Data   RO         9339    .constdata          memp.o
    0x0800fdc0   0x0800fdc0   0x0000000c   Data   RO         9340    .constdata          memp.o
    0x0800fdcc   0x0800fdcc   0x0000000c   Data   RO         9341    .constdata          memp.o
    0x0800fdd8   0x0800fdd8   0x0000000c   Data   RO         9342    .constdata          memp.o
    0x0800fde4   0x0800fde4   0x0000000c   Data   RO         9343    .constdata          memp.o
    0x0800fdf0   0x0800fdf0   0x0000000c   Data   RO         9344    .constdata          memp.o
    0x0800fdfc   0x0800fdfc   0x0000000c   Data   RO         9345    .constdata          memp.o
    0x0800fe08   0x0800fe08   0x0000000c   Data   RO         9346    .constdata          memp.o
    0x0800fe14   0x0800fe14   0x00000034   Data   RO         9347    .constdata          memp.o
    0x0800fe48   0x0800fe48   0x00000054   Data   RO         9979    .constdata          tcp.o
    0x0800fe9c   0x0800fe9c   0x00000018   Data   RO        10503    .constdata          timeouts.o
    0x0800feb4   0x0800feb4   0x00000004   Data   RO        10970    .constdata          ip4_addr.o
    0x0800feb8   0x0800feb8   0x0000000c   Data   RO          391    .conststring        freertos.o
    0x0800fec4   0x0800fec4   0x00000075   Data   RO         9980    .conststring        tcp.o
    0x0800ff39   0x0800ff39   0x00000003   PAD
    0x0800ff3c   0x0800ff3c   0x00000055   Data   RO        10357    .conststring        tcp_out.o
    0x0800ff91   0x0800ff91   0x00000003   PAD
    0x0800ff94   0x0800ff94   0x00000041   Data   RO        10758    .conststring        etharp.o
    0x0800ffd5   0x0800ffd5   0x00000003   PAD
    0x0800ffd8   0x0800ffd8   0x00000020   Data   RO        12061    Region$$Table       anon$$obj.o


    Execution Region RW_IRAM1 (Exec base: 0x20000000, Load base: 0x0800fff8, Size: 0x0000d748, Max: 0x0001c000, ABSOLUTE, COMPRESSED[0x0000001c])

    Exec Addr    Load Addr    Size         Type   Attr      Idx    E Section Name        Object

    0x20000000   COMPRESSED   0x00000004   Data   RW          392    .data               freertos.o
    0x20000004   COMPRESSED   0x00000010   Data   RW          958    .data               ethernetif.o
    0x20000014   COMPRESSED   0x00000004   Data   RW          959    .data               ethernetif.o
    0x20000018   COMPRESSED   0x00000018   Data   RW         1166    .data               lwip.o
    0x20000030   COMPRESSED   0x0000000c   Data   RW         3114    .data               stm32f4xx_hal.o
    0x2000003c   COMPRESSED   0x00000004   Data   RW         5348    .data               system_stm32f4xx.o
    0x20000040   COMPRESSED   0x0000003c   Data   RW         6012    .data               tasks.o
    0x2000007c   COMPRESSED   0x00000014   Data   RW         6343    .data               timers.o
    0x20000090   COMPRESSED   0x00000004   Data   RW         6568    .data               cmsis_os2.o
    0x20000094   COMPRESSED   0x00000020   Data   RW         7014    .data               heap_4.o
    0x200000b4   COMPRESSED   0x0000000c   Data   RW         7070    .data               port.o
    0x200000c0   COMPRESSED   0x00000010   Data   RW         8855    .data               tcpip.o
    0x200000d0   COMPRESSED   0x00000010   Data   RW         9245    .data               mem.o
    0x200000e0   COMPRESSED   0x00000004   Data   RW         9348    .data               memp.o
    0x200000e4   COMPRESSED   0x00000004   Data   RW         9349    .data               memp.o
    0x200000e8   COMPRESSED   0x00000004   Data   RW         9350    .data               memp.o
    0x200000ec   COMPRESSED   0x00000004   Data   RW         9351    .data               memp.o
    0x200000f0   COMPRESSED   0x00000004   Data   RW         9352    .data               memp.o
    0x200000f4   COMPRESSED   0x00000004   Data   RW         9353    .data               memp.o
    0x200000f8   COMPRESSED   0x00000004   Data   RW         9354    .data               memp.o
    0x200000fc   COMPRESSED   0x00000004   Data   RW         9355    .data               memp.o
    0x20000100   COMPRESSED   0x00000004   Data   RW         9356    .data               memp.o
    0x20000104   COMPRESSED   0x00000004   Data   RW         9357    .data               memp.o
    0x20000108   COMPRESSED   0x00000004   Data   RW         9358    .data               memp.o
    0x2000010c   COMPRESSED   0x00000004   Data   RW         9359    .data               memp.o
    0x20000110   COMPRESSED   0x00000004   Data   RW         9360    .data               memp.o
    0x20000114   COMPRESSED   0x0000000c   Data   RW         9484    .data               netif.o
    0x20000120   COMPRESSED   0x00000001   Data   RW         9682    .data               pbuf.o
    0x20000121   COMPRESSED   0x00000003   PAD
    0x20000124   COMPRESSED   0x00000020   Data   RW         9981    .data               tcp.o
    0x20000144   COMPRESSED   0x00000024   Data   RW        10256    .data               tcp_in.o
    0x20000168   COMPRESSED   0x0000000c   Data   RW        10505    .data               timeouts.o
    0x20000174   COMPRESSED   0x00000008   Data   RW        10598    .data               udp.o
    0x2000017c   COMPRESSED   0x00000001   Data   RW        10759    .data               etharp.o
    0x2000017d   COMPRESSED   0x00000001   PAD
    0x2000017e   COMPRESSED   0x00000002   Data   RW        10914    .data               ip4.o
    0x20000180   COMPRESSED   0x00000008   Data   RW        11041    .data               ip4_frag.o
    0x20000188   COMPRESSED   0x00000004   Data   RW        11310    .data               sys_arch.o
    0x2000018c   COMPRESSED   0x00000004   Data   RW        11721    .data               mc_w.l(rand.o)
    0x20000190   COMPRESSED   0x00000004   Data   RW        12022    .data               mc_w.l(stdout.o)
    0x20000194        -       0x000001f8   Zero   RW          436    .bss                adc.o
    0x2000038c        -       0x00000028   Zero   RW          488    .bss                can.o
    0x200003b4        -       0x00000054   Zero   RW          554    .bss                i2c.o
    0x20000408        -       0x00000058   Zero   RW          596    .bss                spi.o
    0x20000460        -       0x000000d8   Zero   RW          645    .bss                tim.o
    0x20000538        -       0x000000d8   Zero   RW          724    .bss                usart.o
    0x20000610        -       0x00000048   Zero   RW          900    .bss                stm32f4xx_hal_timebase_tim.o
    0x20000658        -       0x00004983   Zero   RW          955    .bss                ethernetif.o
    0x20004fdb   COMPRESSED   0x00000001   PAD
    0x20004fdc        -       0x00000248   Zero   RW          956    .bss                ethernetif.o
    0x20005224        -       0x00000058   Zero   RW         1165    .bss                lwip.o
    0x2000527c        -       0x00000040   Zero   RW         5587    .bss                queue.o
    0x200052bc        -       0x000004c4   Zero   RW         6011    .bss                tasks.o
    0x20005780        -       0x00000118   Zero   RW         6342    .bss                timers.o
    0x20005898        -       0x000006b8   Zero   RW         6567    .bss                cmsis_os2.o
    0x20005f50        -       0x00003c00   Zero   RW         7013    .bss                heap_4.o
    0x20009b50        -       0x00000018   Zero   RW         9212    .bss                ip.o
    0x20009b68        -       0x00000653   Zero   RW         9244    .bss                mem.o
    0x2000a1bb        -       0x00000083   Zero   RW         9321    .bss                memp.o
    0x2000a23e        -       0x0000030f   Zero   RW         9322    .bss                memp.o
    0x2000a54d        -       0x000000e3   Zero   RW         9323    .bss                memp.o
    0x2000a630        -       0x00000103   Zero   RW         9324    .bss                memp.o
    0x2000a733        -       0x000000a3   Zero   RW         9325    .bss                memp.o
    0x2000a7d6        -       0x0000016b   Zero   RW         9326    .bss                memp.o
    0x2000a941        -       0x00000023   Zero   RW         9327    .bss                memp.o
    0x2000a964        -       0x000000a3   Zero   RW         9328    .bss                memp.o
    0x2000aa07        -       0x00000083   Zero   RW         9329    .bss                memp.o
    0x2000aa8a        -       0x00000083   Zero   RW         9330    .bss                memp.o
    0x2000ab0d        -       0x00000033   Zero   RW         9331    .bss                memp.o
    0x2000ab40        -       0x00000103   Zero   RW         9332    .bss                memp.o
    0x2000ac43        -       0x00002603   Zero   RW         9333    .bss                memp.o
    0x2000d246   COMPRESSED   0x00000002   PAD
    0x2000d248        -       0x00000010   Zero   RW        10255    .bss                tcp_in.o
    0x2000d258        -       0x000000f0   Zero   RW        10757    .bss                etharp.o
    0x2000d348        -       0x00000400   Zero   RW            1    STACK               startup_stm32f407xx.o


    Execution Region RW_IRAM2 (Exec base: 0x2001c000, Load base: 0x08010014, Size: 0x00000000, Max: 0x00004000, ABSOLUTE)

    **** No section assigned to this execution region ****


==============================================================================

Image component sizes


      Code (inc. data)   RO Data    RW Data    ZI Data      Debug   Object Name

       692         72          0          0        504       3409   adc.o
         0          0          0          0          0       7427   api_lib.o
         0          0          0          0          0       4559   api_msg.o
         0          0          0          0          0       2184   auth.o
         0          0          0          0          0       5883   bridgeif.o
       208         26          0          0         40       1749   can.o
      1216         40          0          4       1720      74928   cmsis_os2.o
         8          0          0          0          0       1106   def.o
        76          4          0          0          0        794   dma.o
         0          0          0          0          0       2420   err.o
       330          0          0          0          0       2973   eth_custom_phy_interface.o
      2936       1186         65          1        240      12815   etharp.o
       412        154         12          0          0       2726   ethernet.o
      1226        214         12         20      19403      18296   ethernetif.o
         0          0          0          0          0      19452   event_groups.o
        44         14         48          4          0       1709   freertos.o
       344         18          0          0          0       1167   gpio.o
       472         24          0         32      15360       4871   heap_4.o
       168         26          0          0         84       1677   i2c.o
       776        350          0          0          0       4434   icmp.o
        34          0          0          0          0      10111   init.o
         0          0          0          0         24       3218   ip.o
       918        184          0          2          0       5624   ip4.o
        46          0          4          0          0       8618   ip4_addr.o
      2904       1164          0          8          0      11706   ip4_frag.o
       138          0          0          0          0       3550   list.o
       354         32          0         24         88       2024   lwip.o
       296         20          0          0          0     790223   main.o
      2172       1044          0         16       1619       8093   mem.o
      1022        720        208         52      12427      12320   memp.o
      1782        996          0         12          0      16012   netif.o
      3398       1796          0          1          0      16737   pbuf.o
       786         82          0         12          0      11513   port.o
      2670         28          0          0         64      30276   queue.o
       172         20          0          0         88       1689   spi.o
        36          8        392          0       1024        836   startup_stm32f407xx.o
       116         18          0         12          0       8730   stm32f4xx_hal.o
       712         28          0          0          0       2879   stm32f4xx_hal_adc.o
       282          0          0          0          0       1411   stm32f4xx_hal_can.o
       158         14          0          0          0      33034   stm32f4xx_hal_cortex.o
       752         16          8          0          0       4080   stm32f4xx_hal_dma.o
      3022         56          0          0          0      26011   stm32f4xx_hal_eth.o
       506         46          0          0          0       2192   stm32f4xx_hal_gpio.o
       392         16          0          0          0       3227   stm32f4xx_hal_i2c.o
       272         26          0          0          0       1760   stm32f4xx_hal_msp.o
      1408         82          0          0          0       5921   stm32f4xx_hal_rcc.o
       188          0          0          0          0       1219   stm32f4xx_hal_spi.o
      2040        136          0          0          0      17297   stm32f4xx_hal_tim.o
       440         28          0          0          0       4225   stm32f4xx_hal_tim_ex.o
       152         20          0          0         72       1483   stm32f4xx_hal_timebase_tim.o
       368         10          0          0          0       2048   stm32f4xx_hal_uart.o
        72         30          0          0          0       5174   stm32f4xx_it.o
         0          0          0          0          0        392   stream_buffer.o
       268         16          0          4          0      12504   sys_arch.o
        16          4         24          4          0       1127   system_stm32f4xx.o
      2400        202          0         60       1220      30720   tasks.o
      6124       2876        201         32          0      33980   tcp.o
      6910       2036          0         36         16      22659   tcp_in.o
      6108       3044         85          0          0      29218   tcp_out.o
      1132        660          0         16          0       7676   tcpip.o
       860         82          0          0        216       5363   tim.o
       760        374         24         12          0       7535   timeouts.o
       972         80          0         20        280      32151   timers.o
       832        354          0          8          0       5888   udp.o
       408         50          0          0        216       3134   usart.o

    ----------------------------------------------------------------------
     63394      18526       1124        396      54708    1420167   Object Totals
         0          0         32          0          0          0   (incl. Generated)
        88          0          9          4          3          0   (incl. Padding)

    ----------------------------------------------------------------------

      Code (inc. data)   RO Data    RW Data    ZI Data      Debug   Library Member Name

        58          0          0          0          0          0   __dczerorl.o
         0          0          0          0          0          0   entry.o
         0          0          0          0          0          0   entry10a.o
         0          0          0          0          0          0   entry11a.o
         4          0          0          0          0          0   entry12b.o
         8          4          0          0          0          0   entry2.o
         4          0          0          0          0          0   entry5.o
         0          0          0          0          0          0   entry7b.o
         0          0          0          0          0          0   entry8b.o
         8          4          0          0          0          0   entry9a.o
        18          0          0          0          0         80   fputc.o
        30          0          0          0          0          0   handlers.o
        36          8          0          0          0         68   init.o
         0          0          0          0          0          0   iusesemip.o
        30          0          0          0          0         68   llshl.o
        32          0          0          0          0         68   llushr.o
        26          0          0          0          0         80   memcmp.o
        64          0          0          0          0         76   memmovea.o
        36          0          0          0          0        108   memseta.o
       472         14          0          0          0        184   printf3.o
        36         10          0          4          0        136   rand.o
         0          0          0          0          0          0   semi.o
         0          0          0          4          0          0   stdout.o
        44          0          0          0          0         80   uidiv.o
        98          0          0          0          0         92   uldiv.o

    ----------------------------------------------------------------------
      1010         40          0          8          0       1040   Library Totals
         6          0          0          0          0          0   (incl. Padding)

    ----------------------------------------------------------------------

      Code (inc. data)   RO Data    RW Data    ZI Data      Debug   Library Name

      1004         40          0          8          0       1040   mc_w.l

    ----------------------------------------------------------------------
      1010         40          0          8          0       1040   Library Totals

    ----------------------------------------------------------------------

==============================================================================


      Code (inc. data)   RO Data    RW Data    ZI Data      Debug   

     64404      18566       1124        404      54708    1380175   Grand Totals
     64404      18566       1124         28      54708    1380175   ELF Image Totals (compressed)
     64404      18566       1124         28          0          0   ROM Totals

==============================================================================

    Total RO  Size (Code + RO Data)                65528 (  63.99kB)
    Total RW  Size (RW Data + ZI Data)             55112 (  53.82kB)
    Total ROM Size (Code + RO Data + RW Data)      65556 (  64.02kB)

==============================================================================

